Archive member included to satisfy reference by file (symbol)

E:/01工作目录/WelinkOpen_RTOS_SDK/OC_ME3616G1AV0.0B07/SDK/sdk/lib\libgsdk.a(head.s.o)
                              (Main_Entry)
E:/01工作目录/WelinkOpen_RTOS_SDK/OC_ME3616G1AV0.0B07/SDK/sdk/lib\libgsdk.a(api_stub.s.o)
                              obj/appup4gps.c.o (gsdk_flash_read)
E:/01工作目录/WelinkOpen_RTOS_SDK/OC_ME3616G1AV0.0B07/SDK/sdk/lib\libgsdk.a(startup.c.o)
                              E:/01工作目录/WelinkOpen_RTOS_SDK/OC_ME3616G1AV0.0B07/SDK/sdk/lib\libgsdk.a(head.s.o) (_start)
E:/01工作目录/WelinkOpen_RTOS_SDK/OC_ME3616G1AV0.0B07/SDK/sdk/lib\libgsdk.a(syscalls.c.o)
                              E:/01工作目录/WelinkOpen_RTOS_SDK/OC_ME3616G1AV0.0B07/SDK/sdk/lib\libgsdk.a(startup.c.o) (_exit)
c:/program files (x86)/gnu tools arm embedded/7 2018-q2-update/bin/../lib/gcc/arm-none-eabi/7.3.1/../../../../arm-none-eabi/lib/thumb/v7e-m/fpv4-sp/hard\libc_nano.a(lib_a-errno.o)
                              E:/01工作目录/WelinkOpen_RTOS_SDK/OC_ME3616G1AV0.0B07/SDK/sdk/lib\libgsdk.a(syscalls.c.o) (__errno)
c:/program files (x86)/gnu tools arm embedded/7 2018-q2-update/bin/../lib/gcc/arm-none-eabi/7.3.1/../../../../arm-none-eabi/lib/thumb/v7e-m/fpv4-sp/hard\libc_nano.a(lib_a-impure.o)
                              c:/program files (x86)/gnu tools arm embedded/7 2018-q2-update/bin/../lib/gcc/arm-none-eabi/7.3.1/../../../../arm-none-eabi/lib/thumb/v7e-m/fpv4-sp/hard\libc_nano.a(lib_a-errno.o) (_impure_ptr)
c:/program files (x86)/gnu tools arm embedded/7 2018-q2-update/bin/../lib/gcc/arm-none-eabi/7.3.1/../../../../arm-none-eabi/lib/thumb/v7e-m/fpv4-sp/hard\libc_nano.a(lib_a-printf.o)
                              obj/appup4gps.c.o (printf)
c:/program files (x86)/gnu tools arm embedded/7 2018-q2-update/bin/../lib/gcc/arm-none-eabi/7.3.1/../../../../arm-none-eabi/lib/thumb/v7e-m/fpv4-sp/hard\libc_nano.a(lib_a-puts.o)
                              obj/appup4gps.c.o (puts)
c:/program files (x86)/gnu tools arm embedded/7 2018-q2-update/bin/../lib/gcc/arm-none-eabi/7.3.1/../../../../arm-none-eabi/lib/thumb/v7e-m/fpv4-sp/hard\libc_nano.a(lib_a-strcmp.o)
                              obj/appup4gps.c.o (strcmp)
c:/program files (x86)/gnu tools arm embedded/7 2018-q2-update/bin/../lib/gcc/arm-none-eabi/7.3.1/../../../../arm-none-eabi/lib/thumb/v7e-m/fpv4-sp/hard\libc_nano.a(lib_a-wbuf.o)
                              c:/program files (x86)/gnu tools arm embedded/7 2018-q2-update/bin/../lib/gcc/arm-none-eabi/7.3.1/../../../../arm-none-eabi/lib/thumb/v7e-m/fpv4-sp/hard\libc_nano.a(lib_a-puts.o) (__swbuf_r)
c:/program files (x86)/gnu tools arm embedded/7 2018-q2-update/bin/../lib/gcc/arm-none-eabi/7.3.1/../../../../arm-none-eabi/lib/thumb/v7e-m/fpv4-sp/hard\libc_nano.a(lib_a-wsetup.o)
                              c:/program files (x86)/gnu tools arm embedded/7 2018-q2-update/bin/../lib/gcc/arm-none-eabi/7.3.1/../../../../arm-none-eabi/lib/thumb/v7e-m/fpv4-sp/hard\libc_nano.a(lib_a-puts.o) (__swsetup_r)
c:/program files (x86)/gnu tools arm embedded/7 2018-q2-update/bin/../lib/gcc/arm-none-eabi/7.3.1/../../../../arm-none-eabi/lib/thumb/v7e-m/fpv4-sp/hard\libc_nano.a(lib_a-fflush.o)
                              c:/program files (x86)/gnu tools arm embedded/7 2018-q2-update/bin/../lib/gcc/arm-none-eabi/7.3.1/../../../../arm-none-eabi/lib/thumb/v7e-m/fpv4-sp/hard\libc_nano.a(lib_a-wbuf.o) (_fflush_r)
c:/program files (x86)/gnu tools arm embedded/7 2018-q2-update/bin/../lib/gcc/arm-none-eabi/7.3.1/../../../../arm-none-eabi/lib/thumb/v7e-m/fpv4-sp/hard\libc_nano.a(lib_a-findfp.o)
                              c:/program files (x86)/gnu tools arm embedded/7 2018-q2-update/bin/../lib/gcc/arm-none-eabi/7.3.1/../../../../arm-none-eabi/lib/thumb/v7e-m/fpv4-sp/hard\libc_nano.a(lib_a-printf.o) (__sinit)
c:/program files (x86)/gnu tools arm embedded/7 2018-q2-update/bin/../lib/gcc/arm-none-eabi/7.3.1/../../../../arm-none-eabi/lib/thumb/v7e-m/fpv4-sp/hard\libc_nano.a(lib_a-fwalk.o)
                              c:/program files (x86)/gnu tools arm embedded/7 2018-q2-update/bin/../lib/gcc/arm-none-eabi/7.3.1/../../../../arm-none-eabi/lib/thumb/v7e-m/fpv4-sp/hard\libc_nano.a(lib_a-findfp.o) (_fwalk)
c:/program files (x86)/gnu tools arm embedded/7 2018-q2-update/bin/../lib/gcc/arm-none-eabi/7.3.1/../../../../arm-none-eabi/lib/thumb/v7e-m/fpv4-sp/hard\libc_nano.a(lib_a-makebuf.o)
                              c:/program files (x86)/gnu tools arm embedded/7 2018-q2-update/bin/../lib/gcc/arm-none-eabi/7.3.1/../../../../arm-none-eabi/lib/thumb/v7e-m/fpv4-sp/hard\libc_nano.a(lib_a-wsetup.o) (__smakebuf_r)
c:/program files (x86)/gnu tools arm embedded/7 2018-q2-update/bin/../lib/gcc/arm-none-eabi/7.3.1/../../../../arm-none-eabi/lib/thumb/v7e-m/fpv4-sp/hard\libc_nano.a(lib_a-memset.o)
                              c:/program files (x86)/gnu tools arm embedded/7 2018-q2-update/bin/../lib/gcc/arm-none-eabi/7.3.1/../../../../arm-none-eabi/lib/thumb/v7e-m/fpv4-sp/hard\libc_nano.a(lib_a-findfp.o) (memset)
[...]
Memory Configuration

Name             Origin             Length             Attributes
FLASH            0x08277800         0x00020000         xr
RAM              0x10174000         0x00040000         rw
RETSRAM          0x04300700         0x00000080         rw
*default*        0x00000000         0xffffffff

Linker script and memory map

LOAD obj/appup4gps.c.o
LOAD E:/01工作目录/WelinkOpen_RTOS_SDK/OC_ME3616G1AV0.0B07/SDK/sdk/lib\libgsdk.a
START GROUP
LOAD c:/program files (x86)/gnu tools arm embedded/7 2018-q2-update/bin/../lib/gcc/arm-none-eabi/7.3.1/thumb/v7e-m/fpv4-sp/hard\libgcc.a
LOAD c:/program files (x86)/gnu tools arm embedded/7 2018-q2-update/bin/../lib/gcc/arm-none-eabi/7.3.1/../../../../arm-none-eabi/lib/thumb/v7e-m/fpv4-sp/hard\libc_nano.a
END GROUP
START GROUP
LOAD c:/program files (x86)/gnu tools arm embedded/7 2018-q2-update/bin/../lib/gcc/arm-none-eabi/7.3.1/thumb/v7e-m/fpv4-sp/hard\libgcc.a
LOAD c:/program files (x86)/gnu tools arm embedded/7 2018-q2-update/bin/../lib/gcc/arm-none-eabi/7.3.1/../../../../arm-none-eabi/lib/thumb/v7e-m/fpv4-sp/hard\libc_nano.a
END GROUP
                0x00001000                _main_stack_size = 0x1000
                0x00001000                _callback_stack_size = 0x1000
                0x00000000                _main_task_priority = 0x0
                0x00000000                _callback_task_priority = 0x0
                0x00000001                _api_version = 0x1
                0xa5a5a5a5                _app_properties = 0xa5a5a5a5
                0x00000001                _app_version = 0x1
                0x5a5a5a5a                _app_id = 0x5a5a5a5a
                0x08277800                _load_address = ORIGIN (FLASH)
                0x00001000                _Minimum_Heap_Size = 0x1000
                0x10176098                PROVIDE (_Heap_Begin = _end_noinit)
                0x101b4000                PROVIDE (_Heap_Limit = (ORIGIN (RAM) + LENGTH (RAM)))

.preamble       0x08277800      0x100
                0x08277800                . = ALIGN (0x4)
 FILL mask 0xff
 *(.preamble .preamble.*)
 .preamble      0x08277800       0x50 E:/01工作目录/WelinkOpen_RTOS_SDK/OC_ME3616G1AV0.0B07/SDK/sdk/lib\libgsdk.a(head.s.o)
                0x08277900                . = ALIGN (0x100)
 *fill*         0x08277850       0xb0 ff
                0x08277900                _preamble_limit = .

.inits          0x08277900       0x14
                0x08277900                __data_regions_array_start = .
                0x08277900        0x4 LONG 0x8278d70 LOADADDR (.data)
                0x08277904        0x4 LONG 0x10176004 ADDR (.data)
                0x08277908        0x4 LONG 0x10176078 (ADDR (.data) + SIZEOF (.data))
                0x0827790c                __data_regions_array_end = .
                0x0827790c                __bss_regions_array_start = .
                0x0827790c        0x4 LONG 0x10176078 ADDR (.bss)
                0x08277910        0x4 LONG 0x10176098 (ADDR (.bss) + SIZEOF (.bss))
                0x08277914                __bss_regions_array_end = .
 *(.init)
 *(.fini)
                0x08277914                . = ALIGN (0x4)
                0x08277914                PROVIDE (__preinit_array_start = .)
 *(.preinit_array_sysinit .preinit_array_sysinit.*)
 *(.preinit_array_platform .preinit_array_platform.*)
 *(.preinit_array .preinit_array.*)
                0x08277914                PROVIDE (__preinit_array_end = .)
                0x08277914                . = ALIGN (0x4)
                0x08277914                PROVIDE (__init_array_start = .)
 *(SORT_BY_NAME(.init_array.*))
 *(.init_array)
                0x08277914                PROVIDE (__init_array_end = .)
                0x08277914                . = ALIGN (0x4)
                0x08277914                PROVIDE (__fini_array_start = .)
 *(SORT_BY_NAME(.fini_array.*))
 *(.fini_array)
                0x08277914                PROVIDE (__fini_array_end = .)

.text           0x08277920     0x144f
 *(.text .text.*)
 .text.__io_puts
                0x08277920       0x20 obj/appup4gps.c.o
                0x08277920                __io_puts
 .text.log_init
                0x08277940       0x4c obj/appup4gps.c.o
                0x08277940                log_init
 .text.main     0x0827798c       0xc8 obj/appup4gps.c.o
                0x0827798c                main
 .text.Main_Entry
                0x08277a54       0x14 E:/01工作目录/WelinkOpen_RTOS_SDK/OC_ME3616G1AV0.0B07/SDK/sdk/lib\libgsdk.a(head.s.o)
                0x08277a54                Main_Entry
 .text.__asm_exit
                0x08277a68        0xc E:/01工作目录/WelinkOpen_RTOS_SDK/OC_ME3616G1AV0.0B07/SDK/sdk/lib\libgsdk.a(head.s.o)
                0x08277a68                __asm_exit
 .text.Default_Callback_Entry
                0x08277a74        0x2 E:/01工作目录/WelinkOpen_RTOS_SDK/OC_ME3616G1AV0.0B07/SDK/sdk/lib\libgsdk.a(head.s.o)
                0x08277a74                Callback_Entry
 *fill*         0x08277a76        0x2 
 .text.gsdk_flash_read
                0x08277a78        0x8 E:/01工作目录/WelinkOpen_RTOS_SDK/OC_ME3616G1AV0.0B07/SDK/sdk/lib\libgsdk.a(api_stub.s.o)
                0x08277a78                gsdk_flash_read
 .text.vTaskSuspendAll
                0x08277a80        0x8 E:/01工作目录/WelinkOpen_RTOS_SDK/OC_ME3616G1AV0.0B07/SDK/sdk/lib\libgsdk.a(api_stub.s.o)
                0x08277a80                vTaskSuspendAll
 .text.gsdk_uart_write
                0x08277a88        0x8 E:/01工作目录/WelinkOpen_RTOS_SDK/OC_ME3616G1AV0.0B07/SDK/sdk/lib\libgsdk.a(api_stub.s.o)
                0x08277a88                gsdk_uart_write
 .text.gsdk_uart_open
                0x08277a90        0x8 E:/01工作目录/WelinkOpen_RTOS_SDK/OC_ME3616G1AV0.0B07/SDK/sdk/lib\libgsdk.a(api_stub.s.o)
                0x08277a90                gsdk_uart_open
 .text.gsdk_flash_open
                0x08277a98        0x8 E:/01工作目录/WelinkOpen_RTOS_SDK/OC_ME3616G1AV0.0B07/SDK/sdk/lib\libgsdk.a(api_stub.s.o)
                0x08277a98                gsdk_flash_open
 .text.xTaskResumeAll
                0x08277aa0        0x8 E:/01工作目录/WelinkOpen_RTOS_SDK/OC_ME3616G1AV0.0B07/SDK/sdk/lib\libgsdk.a(api_stub.s.o)
                0x08277aa0                xTaskResumeAll
 .text.gsdk_flash_close
                0x08277aa8        0x8 E:/01工作目录/WelinkOpen_RTOS_SDK/OC_ME3616G1AV0.0B07/SDK/sdk/lib\libgsdk.a(api_stub.s.o)
                0x08277aa8                gsdk_flash_close
 .text.gsdk_flash_write
                0x08277ab0        0x8 E:/01工作目录/WelinkOpen_RTOS_SDK/OC_ME3616G1AV0.0B07/SDK/sdk/lib\libgsdk.a(api_stub.s.o)
                0x08277ab0                gsdk_flash_write
 .text.__initialize_args
                0x08277ab8       0x10 E:/01工作目录/WelinkOpen_RTOS_SDK/OC_ME3616G1AV0.0B07/SDK/sdk/lib\libgsdk.a(startup.c.o)
 .text._start   0x08277ac8      0x134 E:/01工作目录/WelinkOpen_RTOS_SDK/OC_ME3616G1AV0.0B07/SDK/sdk/lib\libgsdk.a(startup.c.o)
                0x08277ac8                _start
 .text._close   0x08277bfc       0x10 E:/01工作目录/WelinkOpen_RTOS_SDK/OC_ME3616G1AV0.0B07/SDK/sdk/lib\libgsdk.a(syscalls.c.o)
                0x08277bfc                _close
 .text._fstat   0x08277c0c       0x10 E:/01工作目录/WelinkOpen_RTOS_SDK/OC_ME3616G1AV0.0B07/SDK/sdk/lib\libgsdk.a(syscalls.c.o)
                0x08277c0c                _fstat
 .text._isatty  0x08277c1c        0xe E:/01工作目录/WelinkOpen_RTOS_SDK/OC_ME3616G1AV0.0B07/SDK/sdk/lib\libgsdk.a(syscalls.c.o)
                0x08277c1c                _isatty
 .text._lseek   0x08277c2a       0x10 E:/01工作目录/WelinkOpen_RTOS_SDK/OC_ME3616G1AV0.0B07/SDK/sdk/lib\libgsdk.a(syscalls.c.o)
                0x08277c2a                _lseek
 .text._read    0x08277c3a        0xc E:/01工作目录/WelinkOpen_RTOS_SDK/OC_ME3616G1AV0.0B07/SDK/sdk/lib\libgsdk.a(syscalls.c.o)
                0x08277c3a                _read
 .text._write   0x08277c46       0x10 E:/01工作目录/WelinkOpen_RTOS_SDK/OC_ME3616G1AV0.0B07/SDK/sdk/lib\libgsdk.a(syscalls.c.o)
                0x08277c46                _write
 .text._exit    0x08277c56        0x6 E:/01工作目录/WelinkOpen_RTOS_SDK/OC_ME3616G1AV0.0B07/SDK/sdk/lib\libgsdk.a(syscalls.c.o)
                0x08277c56                _exit
 .text._sbrk    0x08277c5c       0x44 E:/01工作目录/WelinkOpen_RTOS_SDK/OC_ME3616G1AV0.0B07/SDK/sdk/lib\libgsdk.a(syscalls.c.o)
                0x08277c5c                _sbrk
 .text.__malloc_lock
                0x08277ca0        0x8 E:/01工作目录/WelinkOpen_RTOS_SDK/OC_ME3616G1AV0.0B07/SDK/sdk/lib\libgsdk.a(syscalls.c.o)
                0x08277ca0                __malloc_lock
 .text.__malloc_unlock
                0x08277ca8        0x8 E:/01工作目录/WelinkOpen_RTOS_SDK/OC_ME3616G1AV0.0B07/SDK/sdk/lib\libgsdk.a(syscalls.c.o)
                0x08277ca8                __malloc_unlock
 .text.__errno  0x08277cb0        0xc c:/program files (x86)/gnu tools arm embedded/7 2018-q2-update/bin/../lib/gcc/arm-none-eabi/7.3.1/../../../../arm-none-eabi/lib/thumb/v7e-m/fpv4-sp/hard\libc_nano.a(lib_a-errno.o)
                0x08277cb0                __errno
 .text.printf   0x08277cbc       0x30 c:/program files (x86)/gnu tools arm embedded/7 2018-q2-update/bin/../lib/gcc/arm-none-eabi/7.3.1/../../../../arm-none-eabi/lib/thumb/v7e-m/fpv4-sp/hard\libc_nano.a(lib_a-printf.o)
                0x08277cbc                iprintf
                0x08277cbc                printf
 .text._puts_r  0x08277cec       0xb8 c:/program files (x86)/gnu tools arm embedded/7 2018-q2-update/bin/../lib/gcc/arm-none-eabi/7.3.1/../../../../arm-none-eabi/lib/thumb/v7e-m/fpv4-sp/hard\libc_nano.a(lib_a-puts.o)
                0x08277cec                _puts_r
 .text.puts     0x08277da4       0x10 c:/program files (x86)/gnu tools arm embedded/7 2018-q2-update/bin/../lib/gcc/arm-none-eabi/7.3.1/../../../../arm-none-eabi/lib/thumb/v7e-m/fpv4-sp/hard\libc_nano.a(lib_a-puts.o)
                0x08277da4                puts
 .text          0x08277db4       0x14 c:/program files (x86)/gnu tools arm embedded/7 2018-q2-update/bin/../lib/gcc/arm-none-eabi/7.3.1/../../../../arm-none-eabi/lib/thumb/v7e-m/fpv4-sp/hard\libc_nano.a(lib_a-strcmp.o)
                0x08277db4                strcmp
 .text.__swbuf_r
                0x08277dc8       0xa4 c:/program files (x86)/gnu tools arm embedded/7 2018-q2-update/bin/../lib/gcc/arm-none-eabi/7.3.1/../../../../arm-none-eabi/lib/thumb/v7e-m/fpv4-sp/hard\libc_nano.a(lib_a-wbuf.o)
                0x08277dc8                __swbuf_r
 .text.__swsetup_r
                0x08277e6c       0xdc c:/program files (x86)/gnu tools arm embedded/7 2018-q2-update/bin/../lib/gcc/arm-none-eabi/7.3.1/../../../../arm-none-eabi/lib/thumb/v7e-m/fpv4-sp/hard\libc_nano.a(lib_a-wsetup.o)
                0x08277e6c                __swsetup_r
 .text.__sflush_r
                0x08277f48      0x10c c:/program files (x86)/gnu tools arm embedded/7 2018-q2-update/bin/../lib/gcc/arm-none-eabi/7.3.1/../../../../arm-none-eabi/lib/thumb/v7e-m/fpv4-sp/hard\libc_nano.a(lib_a-fflush.o)
                0x08277f48                __sflush_r
 .text._fflush_r
                0x08278054       0x54 c:/program files (x86)/gnu tools arm embedded/7 2018-q2-update/bin/../lib/gcc/arm-none-eabi/7.3.1/../../../../arm-none-eabi/lib/thumb/v7e-m/fpv4-sp/hard\libc_nano.a(lib_a-fflush.o)
                0x08278054                _fflush_r
 .text.std      0x082780a8       0x48 c:/program files (x86)/gnu tools arm embedded/7 2018-q2-update/bin/../lib/gcc/arm-none-eabi/7.3.1/../../../../arm-none-eabi/lib/thumb/v7e-m/fpv4-sp/hard\libc_nano.a(lib_a-findfp.o)
 .text._cleanup_r
                0x082780f0        0xc c:/program files (x86)/gnu tools arm embedded/7 2018-q2-update/bin/../lib/gcc/arm-none-eabi/7.3.1/../../../../arm-none-eabi/lib/thumb/v7e-m/fpv4-sp/hard\libc_nano.a(lib_a-findfp.o)
                0x082780f0                _cleanup_r
 .text.__sfmoreglue
                0x082780fc       0x2c c:/program files (x86)/gnu tools arm embedded/7 2018-q2-update/bin/../lib/gcc/arm-none-eabi/7.3.1/../../../../arm-none-eabi/lib/thumb/v7e-m/fpv4-sp/hard\libc_nano.a(lib_a-findfp.o)
                0x082780fc                __sfmoreglue
 .text.__sinit  0x08278128       0x60 c:/program files (x86)/gnu tools arm embedded/7 2018-q2-update/bin/../lib/gcc/arm-none-eabi/7.3.1/../../../../arm-none-eabi/lib/thumb/v7e-m/fpv4-sp/hard\libc_nano.a(lib_a-findfp.o)
                0x08278128                __sinit
 .text.__sfp    0x08278188       0x78 c:/program files (x86)/gnu tools arm embedded/7 2018-q2-update/bin/../lib/gcc/arm-none-eabi/7.3.1/../../../../arm-none-eabi/lib/thumb/v7e-m/fpv4-sp/hard\libc_nano.a(lib_a-findfp.o)
                0x08278188                __sfp
 .text._fwalk_reent
                0x08278200       0x3c c:/program files (x86)/gnu tools arm embedded/7 2018-q2-update/bin/../lib/gcc/arm-none-eabi/7.3.1/../../../../arm-none-eabi/lib/thumb/v7e-m/fpv4-sp/hard\libc_nano.a(lib_a-fwalk.o)
                0x08278200                _fwalk_reent
 .text.__swhatbuf_r
                0x0827823c       0x48 c:/program files (x86)/gnu tools arm embedded/7 2018-q2-update/bin/../lib/gcc/arm-none-eabi/7.3.1/../../../../arm-none-eabi/lib/thumb/v7e-m/fpv4-sp/hard\libc_nano.a(lib_a-makebuf.o)
                0x0827823c                __swhatbuf_r
 .text.__smakebuf_r
                0x08278284       0x80 c:/program files (x86)/gnu tools arm embedded/7 2018-q2-update/bin/../lib/gcc/arm-none-eabi/7.3.1/../../../../arm-none-eabi/lib/thumb/v7e-m/fpv4-sp/hard\libc_nano.a(lib_a-makebuf.o)
                0x08278284                __smakebuf_r
 .text.memset   0x08278304       0x10 c:/program files (x86)/gnu tools arm embedded/7 2018-q2-update/bin/../lib/gcc/arm-none-eabi/7.3.1/../../../../arm-none-eabi/lib/thumb/v7e-m/fpv4-sp/hard\libc_nano.a(lib_a-memset.o)
                0x08278304                memset
 .text._free_r  0x08278314       0x9c c:/program files (x86)/gnu tools arm embedded/7 2018-q2-update/bin/../lib/gcc/arm-none-eabi/7.3.1/../../../../arm-none-eabi/lib/thumb/v7e-m/fpv4-sp/hard\libc_nano.a(lib_a-nano-freer.o)
                0x08278314                _free_r
 .text._malloc_r
                0x082783b0       0xb4 c:/program files (x86)/gnu tools arm embedded/7 2018-q2-update/bin/../lib/gcc/arm-none-eabi/7.3.1/../../../../arm-none-eabi/lib/thumb/v7e-m/fpv4-sp/hard\libc_nano.a(lib_a-nano-mallocr.o)
                0x082783b0                _malloc_r
 .text.__sfputc_r
                0x08278464       0x2e c:/program files (x86)/gnu tools arm embedded/7 2018-q2-update/bin/../lib/gcc/arm-none-eabi/7.3.1/../../../../arm-none-eabi/lib/thumb/v7e-m/fpv4-sp/hard\libc_nano.a(lib_a-nano-vfprintf.o)
 .text.__sfputs_r
                0x08278492       0x24 c:/program files (x86)/gnu tools arm embedded/7 2018-q2-update/bin/../lib/gcc/arm-none-eabi/7.3.1/../../../../arm-none-eabi/lib/thumb/v7e-m/fpv4-sp/hard\libc_nano.a(lib_a-nano-vfprintf.o)
                0x08278492                __sfputs_r
 *fill*         0x082784b6        0x2 
 .text._vfprintf_r
                0x082784b8      0x22c c:/program files (x86)/gnu tools arm embedded/7 2018-q2-update/bin/../lib/gcc/arm-none-eabi/7.3.1/../../../../arm-none-eabi/lib/thumb/v7e-m/fpv4-sp/hard\libc_nano.a(lib_a-nano-vfprintf.o)
                0x082784b8                _vfprintf_r
                0x082784b8                _vfiprintf_r
 .text._printf_common
                0x082786e4       0xea c:/program files (x86)/gnu tools arm embedded/7 2018-q2-update/bin/../lib/gcc/arm-none-eabi/7.3.1/../../../../arm-none-eabi/lib/thumb/v7e-m/fpv4-sp/hard\libc_nano.a(lib_a-nano-vfprintf_i.o)
                0x082786e4                _printf_common
 *fill*         0x082787ce        0x2 
 .text._printf_i
                0x082787d0      0x224 c:/program files (x86)/gnu tools arm embedded/7 2018-q2-update/bin/../lib/gcc/arm-none-eabi/7.3.1/../../../../arm-none-eabi/lib/thumb/v7e-m/fpv4-sp/hard\libc_nano.a(lib_a-nano-vfprintf_i.o)
                0x082787d0                _printf_i
 .text._sbrk_r  0x082789f4       0x20 c:/program files (x86)/gnu tools arm embedded/7 2018-q2-update/bin/../lib/gcc/arm-none-eabi/7.3.1/../../../../arm-none-eabi/lib/thumb/v7e-m/fpv4-sp/hard\libc_nano.a(lib_a-sbrkr.o)
                0x082789f4                _sbrk_r
 .text.__sread  0x08278a14       0x22 c:/program files (x86)/gnu tools arm embedded/7 2018-q2-update/bin/../lib/gcc/arm-none-eabi/7.3.1/../../../../arm-none-eabi/lib/thumb/v7e-m/fpv4-sp/hard\libc_nano.a(lib_a-stdio.o)
                0x08278a14                __sread
 .text.__swrite
                0x08278a36       0x38 c:/program files (x86)/gnu tools arm embedded/7 2018-q2-update/bin/../lib/gcc/arm-none-eabi/7.3.1/../../../../arm-none-eabi/lib/thumb/v7e-m/fpv4-sp/hard\libc_nano.a(lib_a-stdio.o)
                0x08278a36                __swrite
 .text.__sseek  0x08278a6e       0x24 c:/program files (x86)/gnu tools arm embedded/7 2018-q2-update/bin/../lib/gcc/arm-none-eabi/7.3.1/../../../../arm-none-eabi/lib/thumb/v7e-m/fpv4-sp/hard\libc_nano.a(lib_a-stdio.o)
                0x08278a6e                __sseek
 .text.__sclose
                0x08278a92        0x8 c:/program files (x86)/gnu tools arm embedded/7 2018-q2-update/bin/../lib/gcc/arm-none-eabi/7.3.1/../../../../arm-none-eabi/lib/thumb/v7e-m/fpv4-sp/hard\libc_nano.a(lib_a-stdio.o)
                0x08278a92                __sclose
 *fill*         0x08278a9a        0x2 
 .text._write_r
                0x08278a9c       0x24 c:/program files (x86)/gnu tools arm embedded/7 2018-q2-update/bin/../lib/gcc/arm-none-eabi/7.3.1/../../../../arm-none-eabi/lib/thumb/v7e-m/fpv4-sp/hard\libc_nano.a(lib_a-writer.o)
                0x08278a9c                _write_r
 .text._close_r
                0x08278ac0       0x20 c:/program files (x86)/gnu tools arm embedded/7 2018-q2-update/bin/../lib/gcc/arm-none-eabi/7.3.1/../../../../arm-none-eabi/lib/thumb/v7e-m/fpv4-sp/hard\libc_nano.a(lib_a-closer.o)
                0x08278ac0                _close_r
 .text._fstat_r
                0x08278ae0       0x24 c:/program files (x86)/gnu tools arm embedded/7 2018-q2-update/bin/../lib/gcc/arm-none-eabi/7.3.1/../../../../arm-none-eabi/lib/thumb/v7e-m/fpv4-sp/hard\libc_nano.a(lib_a-fstatr.o)
                0x08278ae0                _fstat_r
 .text._isatty_r
                0x08278b04       0x20 c:/program files (x86)/gnu tools arm embedded/7 2018-q2-update/bin/../lib/gcc/arm-none-eabi/7.3.1/../../../../arm-none-eabi/lib/thumb/v7e-m/fpv4-sp/hard\libc_nano.a(lib_a-isattyr.o)
                0x08278b04                _isatty_r
 .text._lseek_r
                0x08278b24       0x24 c:/program files (x86)/gnu tools arm embedded/7 2018-q2-update/bin/../lib/gcc/arm-none-eabi/7.3.1/../../../../arm-none-eabi/lib/thumb/v7e-m/fpv4-sp/hard\libc_nano.a(lib_a-lseekr.o)
                0x08278b24                _lseek_r
 *fill*         0x08278b48        0x8 
 .text          0x08278b50       0xa0 c:/program files (x86)/gnu tools arm embedded/7 2018-q2-update/bin/../lib/gcc/arm-none-eabi/7.3.1/../../../../arm-none-eabi/lib/thumb/v7e-m/fpv4-sp/hard\libc_nano.a(lib_a-memchr.o)
                0x08278b50                memchr
 .text._read_r  0x08278bf0       0x24 c:/program files (x86)/gnu tools arm embedded/7 2018-q2-update/bin/../lib/gcc/arm-none-eabi/7.3.1/../../../../arm-none-eabi/lib/thumb/v7e-m/fpv4-sp/hard\libc_nano.a(lib_a-readr.o)
                0x08278bf0                _read_r
 *(.rodata .rodata.* .constdata .constdata.*)
 .rodata.appfota_flags_data
                0x08278c14        0xb obj/appup4gps.c.o
 *fill*         0x08278c1f        0x1 
 .rodata.appup_flags_data
                0x08278c20        0xb obj/appup4gps.c.o
 *fill*         0x08278c2b        0x1 
 .rodata.log_init.str1.4
                0x08278c2c       0x45 obj/appup4gps.c.o
 *fill*         0x08278c71        0x3 
 .rodata.main.str1.4
                0x08278c74       0x54 obj/appup4gps.c.o
                                 0x51 (size before relaxing)
 .rodata._default_gpio_init_table
                0x08278cc8       0x10 E:/01工作目录/WelinkOpen_RTOS_SDK/OC_ME3616G1AV0.0B07/SDK/sdk/lib\libgsdk.a(head.s.o)
                0x08278cc8                _headware_init_table
 .rodata._global_impure_ptr
                0x08278cd8        0x4 c:/program files (x86)/gnu tools arm embedded/7 2018-q2-update/bin/../lib/gcc/arm-none-eabi/7.3.1/../../../../arm-none-eabi/lib/thumb/v7e-m/fpv4-sp/hard\libc_nano.a(lib_a-impure.o)
                0x08278cd8                _global_impure_ptr
 .rodata.__sf_fake_stderr
                0x08278cdc       0x20 c:/program files (x86)/gnu tools arm embedded/7 2018-q2-update/bin/../lib/gcc/arm-none-eabi/7.3.1/../../../../arm-none-eabi/lib/thumb/v7e-m/fpv4-sp/hard\libc_nano.a(lib_a-findfp.o)
                0x08278cdc                __sf_fake_stderr
 .rodata.__sf_fake_stdin
                0x08278cfc       0x20 c:/program files (x86)/gnu tools arm embedded/7 2018-q2-update/bin/../lib/gcc/arm-none-eabi/7.3.1/../../../../arm-none-eabi/lib/thumb/v7e-m/fpv4-sp/hard\libc_nano.a(lib_a-findfp.o)
                0x08278cfc                __sf_fake_stdin
 .rodata.__sf_fake_stdout
                0x08278d1c       0x20 c:/program files (x86)/gnu tools arm embedded/7 2018-q2-update/bin/../lib/gcc/arm-none-eabi/7.3.1/../../../../arm-none-eabi/lib/thumb/v7e-m/fpv4-sp/hard\libc_nano.a(lib_a-findfp.o)
                0x08278d1c                __sf_fake_stdout
 .rodata._vfprintf_r.str1.1
                0x08278d3c       0x11 c:/program files (x86)/gnu tools arm embedded/7 2018-q2-update/bin/../lib/gcc/arm-none-eabi/7.3.1/../../../../arm-none-eabi/lib/thumb/v7e-m/fpv4-sp/hard\libc_nano.a(lib_a-nano-vfprintf.o)
 .rodata._printf_i.str1.1
                0x08278d4d       0x22 c:/program files (x86)/gnu tools arm embedded/7 2018-q2-update/bin/../lib/gcc/arm-none-eabi/7.3.1/../../../../arm-none-eabi/lib/thumb/v7e-m/fpv4-sp/hard\libc_nano.a(lib_a-nano-vfprintf_i.o)
 *(vtable)
 *(.eh_frame*)
 *(.glue_7)
 .glue_7        0x08278d6f        0x0 linker stubs
 *(.glue_7t)
 .glue_7t       0x08278d6f        0x0 linker stubs

.vfp11_veneer   0x08278d70        0x0
 .vfp11_veneer  0x08278d70        0x0 linker stubs

.v4_bx          0x08278d70        0x0
 .v4_bx         0x08278d70        0x0 linker stubs

.iplt           0x08278d70        0x0
 .iplt          0x08278d70        0x0 obj/appup4gps.c.o

.rel.dyn        0x08278d70        0x0
 .rel.iplt      0x08278d70        0x0 obj/appup4gps.c.o

.ARM.extab
 *(.ARM.extab* .gnu.linkonce.armextab.*)
                0x08278d70                . = ALIGN (0x4)
                0x08278d70                __exidx_start = .

.ARM.exidx
 *(.ARM.exidx* .gnu.linkonce.armexidx.*)
                0x08278d70                __exidx_end = .
                0x08278d70                . = ALIGN (0x4)
                0x08278d70                _etext = .
                0x08278d70                __etext = .

.stacks         0x10174000     0x2000
                0x10174000                . = ALIGN (0x8)
                0x10174000                _main_stack_base = .
                0x10175000                . = (. + _main_stack_size)
 *fill*         0x10174000     0x1000 
                0x10175000                . = ALIGN (0x8)
                0x10175000                _callback_stack_base = .
                0x10176000                . = (. + _callback_stack_size)
 *fill*         0x10175000     0x1000 

.init_data      0x10176000        0x4
                0x10176000                . = ALIGN (0x4)
 *(.init_data .init_data.*)
 .init_data._exit_stack_pointer
                0x10176000        0x4 E:/01工作目录/WelinkOpen_RTOS_SDK/OC_ME3616G1AV0.0B07/SDK/sdk/lib\libgsdk.a(head.s.o)
                0x08278d70                _sidata = LOADADDR (.data)

.data           0x10176004       0x74 load address 0x08278d70
 FILL mask 0xff
                0x10176004                __data_start__ = .
 *(.data_begin .data_begin.*)
 .data_begin    0x10176004        0x4 E:/01工作目录/WelinkOpen_RTOS_SDK/OC_ME3616G1AV0.0B07/SDK/sdk/lib\libgsdk.a(startup.c.o)
 *(.data .data.*)
 .data.argv.5618
                0x10176008        0x8 E:/01工作目录/WelinkOpen_RTOS_SDK/OC_ME3616G1AV0.0B07/SDK/sdk/lib\libgsdk.a(startup.c.o)
 .data._impure_ptr
                0x10176010        0x4 c:/program files (x86)/gnu tools arm embedded/7 2018-q2-update/bin/../lib/gcc/arm-none-eabi/7.3.1/../../../../arm-none-eabi/lib/thumb/v7e-m/fpv4-sp/hard\libc_nano.a(lib_a-impure.o)
                0x10176010                _impure_ptr
 .data.impure_data
                0x10176014       0x60 c:/program files (x86)/gnu tools arm embedded/7 2018-q2-update/bin/../lib/gcc/arm-none-eabi/7.3.1/../../../../arm-none-eabi/lib/thumb/v7e-m/fpv4-sp/hard\libc_nano.a(lib_a-impure.o)
 *(.data_end .data_end.*)
 .data_end      0x10176074        0x4 E:/01工作目录/WelinkOpen_RTOS_SDK/OC_ME3616G1AV0.0B07/SDK/sdk/lib\libgsdk.a(startup.c.o)
                0x10176078                . = ALIGN (0x4)
                0x10176078                __data_end__ = .

.igot.plt       0x10176078        0x0 load address 0x08278de4
 .igot.plt      0x10176078        0x0 obj/appup4gps.c.o

.bss            0x10176078       0x20 load address 0x08278de4
                0x10176078                __bss_start__ = .
 *(.bss_begin .bss_begin.*)
 .bss_begin     0x10176078        0x4 E:/01工作目录/WelinkOpen_RTOS_SDK/OC_ME3616G1AV0.0B07/SDK/sdk/lib\libgsdk.a(startup.c.o)
 *(.bss .bss.*)
 .bss.g_huart   0x1017607c        0x4 obj/appup4gps.c.o
 .bss.name.5617
                0x10176080        0x1 E:/01工作目录/WelinkOpen_RTOS_SDK/OC_ME3616G1AV0.0B07/SDK/sdk/lib\libgsdk.a(startup.c.o)
 *fill*         0x10176081        0x3 
 .bss.current_heap_end.7662
                0x10176084        0x4 E:/01工作目录/WelinkOpen_RTOS_SDK/OC_ME3616G1AV0.0B07/SDK/sdk/lib\libgsdk.a(syscalls.c.o)
 .bss.__malloc_free_list
                0x10176088        0x4 c:/program files (x86)/gnu tools arm embedded/7 2018-q2-update/bin/../lib/gcc/arm-none-eabi/7.3.1/../../../../arm-none-eabi/lib/thumb/v7e-m/fpv4-sp/hard\libc_nano.a(lib_a-nano-mallocr.o)
                0x10176088                __malloc_free_list
 .bss.__malloc_sbrk_start
                0x1017608c        0x4 c:/program files (x86)/gnu tools arm embedded/7 2018-q2-update/bin/../lib/gcc/arm-none-eabi/7.3.1/../../../../arm-none-eabi/lib/thumb/v7e-m/fpv4-sp/hard\libc_nano.a(lib_a-nano-mallocr.o)
                0x1017608c                __malloc_sbrk_start
 *(COMMON)
 COMMON         0x10176090        0x4 c:/program files (x86)/gnu tools arm embedded/7 2018-q2-update/bin/../lib/gcc/arm-none-eabi/7.3.1/../../../../arm-none-eabi/lib/thumb/v7e-m/fpv4-sp/hard\libc_nano.a(lib_a-reent.o)
                0x10176090                errno
 *(.bss_end .bss_end.*)
 .bss_end       0x10176094        0x4 E:/01工作目录/WelinkOpen_RTOS_SDK/OC_ME3616G1AV0.0B07/SDK/sdk/lib\libgsdk.a(startup.c.o)
                0x10176098                . = ALIGN (0x4)
                0x10176098                __bss_end__ = .

.noinit         0x10176098        0x0 load address 0x08278de4
                0x10176098                _noinit = .
 *(.noinit .noinit.*)
                0x10176098                . = ALIGN (0x4)
                0x10176098                _end_noinit = .
                [!provide]                PROVIDE (end = _end_noinit)
                [!provide]                PROVIDE (_end = _end_noinit)
                [!provide]                PROVIDE (__end = _end_noinit)
                [!provide]                PROVIDE (__end__ = _end_noinit)
                0x00000001                ASSERT ((_Minimum_Heap_Size <= (_end_noinit - ORIGIN (RAM))), RAM expired)

.retsram_data   0x04300700        0x0
                0x04300700                . = ALIGN (0x4)
                0x04300700                _retsram_start = .
 *(.retsram_data)
                0x04300700                . = ALIGN (0x4)
                0x04300700                _retsram_limit = .

.end            0x08278de4        0x0
                0x08278de4                . = ALIGN (0x4)
                0x08278de4                _app_limit = .

.stab
 *(.stab)

.stabstr
 *(.stabstr)

.stab.excl
 *(.stab.excl)

.stab.exclstr
 *(.stab.exclstr)

.stab.index
 *(.stab.index)

.stab.indexstr
 *(.stab.indexstr)

.comment        0x00000000       0x7f
 *(.comment)
 .comment       0x00000000       0x7f obj/appup4gps.c.o
                                 0x80 (size before relaxing)
 .comment       0x0000007f       0x80 E:/01工作目录/WelinkOpen_RTOS_SDK/OC_ME3616G1AV0.0B07/SDK/sdk/lib\libgsdk.a(startup.c.o)
 .comment       0x0000007f       0x80 E:/01工作目录/WelinkOpen_RTOS_SDK/OC_ME3616G1AV0.0B07/SDK/sdk/lib\libgsdk.a(syscalls.c.o)

.ARM.attributes
                0x00000000       0x37
 .ARM.attributes
                0x00000000       0x39 obj/appup4gps.c.o
 .ARM.attributes
                0x00000039       0x21 E:/01工作目录/WelinkOpen_RTOS_SDK/OC_ME3616G1AV0.0B07/SDK/sdk/lib\libgsdk.a(head.s.o)
 .ARM.attributes
                0x0000005a       0x21 E:/01工作目录/WelinkOpen_RTOS_SDK/OC_ME3616G1AV0.0B07/SDK/sdk/lib\libgsdk.a(api_stub.s.o)
 .ARM.attributes
                0x0000007b       0x39 E:/01工作目录/WelinkOpen_RTOS_SDK/OC_ME3616G1AV0.0B07/SDK/sdk/lib\libgsdk.a(startup.c.o)
 .ARM.attributes
                0x000000b4       0x39 E:/01工作目录/WelinkOpen_RTOS_SDK/OC_ME3616G1AV0.0B07/SDK/sdk/lib\libgsdk.a(syscalls.c.o)
 .ARM.attributes
                0x000000ed       0x34 c:/program files (x86)/gnu tools arm embedded/7 2018-q2-update/bin/../lib/gcc/arm-none-eabi/7.3.1/../../../../arm-none-eabi/lib/thumb/v7e-m/fpv4-sp/hard\libc_nano.a(lib_a-errno.o)
 .ARM.attributes
                0x00000121       0x34 c:/program files (x86)/gnu tools arm embedded/7 2018-q2-update/bin/../lib/gcc/arm-none-eabi/7.3.1/../../../../arm-none-eabi/lib/thumb/v7e-m/fpv4-sp/hard\libc_nano.a(lib_a-impure.o)
 .ARM.attributes
                0x00000155       0x34 c:/program files (x86)/gnu tools arm embedded/7 2018-q2-update/bin/../lib/gcc/arm-none-eabi/7.3.1/../../../../arm-none-eabi/lib/thumb/v7e-m/fpv4-sp/hard\libc_nano.a(lib_a-printf.o)
 .ARM.attributes
                0x00000189       0x34 c:/program files (x86)/gnu tools arm embedded/7 2018-q2-update/bin/../lib/gcc/arm-none-eabi/7.3.1/../../../../arm-none-eabi/lib/thumb/v7e-m/fpv4-sp/hard\libc_nano.a(lib_a-puts.o)
 .ARM.attributes
                0x000001bd       0x20 c:/program files (x86)/gnu tools arm embedded/7 2018-q2-update/bin/../lib/gcc/arm-none-eabi/7.3.1/../../../../arm-none-eabi/lib/thumb/v7e-m/fpv4-sp/hard\libc_nano.a(lib_a-strcmp.o)
 .ARM.attributes
                0x000001dd       0x34 c:/program files (x86)/gnu tools arm embedded/7 2018-q2-update/bin/../lib/gcc/arm-none-eabi/7.3.1/../../../../arm-none-eabi/lib/thumb/v7e-m/fpv4-sp/hard\libc_nano.a(lib_a-wbuf.o)
 .ARM.attributes
                0x00000211       0x34 c:/program files (x86)/gnu tools arm embedded/7 2018-q2-update/bin/../lib/gcc/arm-none-eabi/7.3.1/../../../../arm-none-eabi/lib/thumb/v7e-m/fpv4-sp/hard\libc_nano.a(lib_a-wsetup.o)
 .ARM.attributes
                0x00000245       0x34 c:/program files (x86)/gnu tools arm embedded/7 2018-q2-update/bin/../lib/gcc/arm-none-eabi/7.3.1/../../../../arm-none-eabi/lib/thumb/v7e-m/fpv4-sp/hard\libc_nano.a(lib_a-fflush.o)
 .ARM.attributes
                0x00000279       0x34 c:/program files (x86)/gnu tools arm embedded/7 2018-q2-update/bin/../lib/gcc/arm-none-eabi/7.3.1/../../../../arm-none-eabi/lib/thumb/v7e-m/fpv4-sp/hard\libc_nano.a(lib_a-findfp.o)
 .ARM.attributes
                0x000002ad       0x34 c:/program files (x86)/gnu tools arm embedded/7 2018-q2-update/bin/../lib/gcc/arm-none-eabi/7.3.1/../../../../arm-none-eabi/lib/thumb/v7e-m/fpv4-sp/hard\libc_nano.a(lib_a-fwalk.o)
 .ARM.attributes
                0x000002e1       0x34 c:/program files (x86)/gnu tools arm embedded/7 2018-q2-update/bin/../lib/gcc/arm-none-eabi/7.3.1/../../../../arm-none-eabi/lib/thumb/v7e-m/fpv4-sp/hard\libc_nano.a(lib_a-makebuf.o)
 .ARM.attributes
                0x00000315       0x34 c:/program files (x86)/gnu tools arm embedded/7 2018-q2-update/bin/../lib/gcc/arm-none-eabi/7.3.1/../../../../arm-none-eabi/lib/thumb/v7e-m/fpv4-sp/hard\libc_nano.a(lib_a-memset.o)
 .ARM.attributes
                0x00000349       0x34 c:/program files (x86)/gnu tools arm embedded/7 2018-q2-update/bin/../lib/gcc/arm-none-eabi/7.3.1/../../../../arm-none-eabi/lib/thumb/v7e-m/fpv4-sp/hard\libc_nano.a(lib_a-nano-freer.o)
 .ARM.attributes
                0x0000037d       0x34 c:/program files (x86)/gnu tools arm embedded/7 2018-q2-update/bin/../lib/gcc/arm-none-eabi/7.3.1/../../../../arm-none-eabi/lib/thumb/v7e-m/fpv4-sp/hard\libc_nano.a(lib_a-nano-mallocr.o)
 .ARM.attributes
                0x000003b1       0x34 c:/program files (x86)/gnu tools arm embedded/7 2018-q2-update/bin/../lib/gcc/arm-none-eabi/7.3.1/../../../../arm-none-eabi/lib/thumb/v7e-m/fpv4-sp/hard\libc_nano.a(lib_a-nano-vfprintf.o)
 .ARM.attributes
                0x000003e5       0x34 c:/program files (x86)/gnu tools arm embedded/7 2018-q2-update/bin/../lib/gcc/arm-none-eabi/7.3.1/../../../../arm-none-eabi/lib/thumb/v7e-m/fpv4-sp/hard\libc_nano.a(lib_a-nano-vfprintf_i.o)
 .ARM.attributes
                0x00000419       0x34 c:/program files (x86)/gnu tools arm embedded/7 2018-q2-update/bin/../lib/gcc/arm-none-eabi/7.3.1/../../../../arm-none-eabi/lib/thumb/v7e-m/fpv4-sp/hard\libc_nano.a(lib_a-sbrkr.o)
 .ARM.attributes
                0x0000044d       0x34 c:/program files (x86)/gnu tools arm embedded/7 2018-q2-update/bin/../lib/gcc/arm-none-eabi/7.3.1/../../../../arm-none-eabi/lib/thumb/v7e-m/fpv4-sp/hard\libc_nano.a(lib_a-stdio.o)
 .ARM.attributes
                0x00000481       0x34 c:/program files (x86)/gnu tools arm embedded/7 2018-q2-update/bin/../lib/gcc/arm-none-eabi/7.3.1/../../../../arm-none-eabi/lib/thumb/v7e-m/fpv4-sp/hard\libc_nano.a(lib_a-writer.o)
 .ARM.attributes
                0x000004b5       0x34 c:/program files (x86)/gnu tools arm embedded/7 2018-q2-update/bin/../lib/gcc/arm-none-eabi/7.3.1/../../../../arm-none-eabi/lib/thumb/v7e-m/fpv4-sp/hard\libc_nano.a(lib_a-closer.o)
 .ARM.attributes
                0x000004e9       0x34 c:/program files (x86)/gnu tools arm embedded/7 2018-q2-update/bin/../lib/gcc/arm-none-eabi/7.3.1/../../../../arm-none-eabi/lib/thumb/v7e-m/fpv4-sp/hard\libc_nano.a(lib_a-fstatr.o)
 .ARM.attributes
                0x0000051d       0x34 c:/program files (x86)/gnu tools arm embedded/7 2018-q2-update/bin/../lib/gcc/arm-none-eabi/7.3.1/../../../../arm-none-eabi/lib/thumb/v7e-m/fpv4-sp/hard\libc_nano.a(lib_a-isattyr.o)
 .ARM.attributes
                0x00000551       0x34 c:/program files (x86)/gnu tools arm embedded/7 2018-q2-update/bin/../lib/gcc/arm-none-eabi/7.3.1/../../../../arm-none-eabi/lib/thumb/v7e-m/fpv4-sp/hard\libc_nano.a(lib_a-lseekr.o)
 .ARM.attributes
                0x00000585       0x20 c:/program files (x86)/gnu tools arm embedded/7 2018-q2-update/bin/../lib/gcc/arm-none-eabi/7.3.1/../../../../arm-none-eabi/lib/thumb/v7e-m/fpv4-sp/hard\libc_nano.a(lib_a-memchr.o)
 .ARM.attributes
                0x000005a5       0x34 c:/program files (x86)/gnu tools arm embedded/7 2018-q2-update/bin/../lib/gcc/arm-none-eabi/7.3.1/../../../../arm-none-eabi/lib/thumb/v7e-m/fpv4-sp/hard\libc_nano.a(lib_a-readr.o)
 .ARM.attributes
                0x000005d9       0x34 c:/program files (x86)/gnu tools arm embedded/7 2018-q2-update/bin/../lib/gcc/arm-none-eabi/7.3.1/../../../../arm-none-eabi/lib/thumb/v7e-m/fpv4-sp/hard\libc_nano.a(lib_a-reent.o)

.debug
 *(.debug)

.line
 *(.line)

.debug_srcinfo
 *(.debug_srcinfo)

.debug_sfnames
 *(.debug_sfnames)

.debug_aranges  0x00000000      0x760
 *(.debug_aranges)
 .debug_aranges
                0x00000000       0x30 obj/appup4gps.c.o
 .debug_aranges
                0x00000030       0x30 E:/01工作目录/WelinkOpen_RTOS_SDK/OC_ME3616G1AV0.0B07/SDK/sdk/lib\libgsdk.a(head.s.o)
 .debug_aranges
                0x00000060      0x5f8 E:/01工作目录/WelinkOpen_RTOS_SDK/OC_ME3616G1AV0.0B07/SDK/sdk/lib\libgsdk.a(api_stub.s.o)
 .debug_aranges
                0x00000658       0x28 E:/01工作目录/WelinkOpen_RTOS_SDK/OC_ME3616G1AV0.0B07/SDK/sdk/lib\libgsdk.a(startup.c.o)
 .debug_aranges
                0x00000680       0xe0 E:/01工作目录/WelinkOpen_RTOS_SDK/OC_ME3616G1AV0.0B07/SDK/sdk/lib\libgsdk.a(syscalls.c.o)

.debug_pubnames
 *(.debug_pubnames)

.debug_info     0x00000000     0x2566
 *(.debug_info .gnu.linkonce.wi.*)
 .debug_info    0x00000000      0xe42 obj/appup4gps.c.o
 .debug_info    0x00000e42       0x22 E:/01工作目录/WelinkOpen_RTOS_SDK/OC_ME3616G1AV0.0B07/SDK/sdk/lib\libgsdk.a(head.s.o)
 .debug_info    0x00000e64       0x22 E:/01工作目录/WelinkOpen_RTOS_SDK/OC_ME3616G1AV0.0B07/SDK/sdk/lib\libgsdk.a(api_stub.s.o)
 .debug_info    0x00000e86      0x49b E:/01工作目录/WelinkOpen_RTOS_SDK/OC_ME3616G1AV0.0B07/SDK/sdk/lib\libgsdk.a(startup.c.o)
 .debug_info    0x00001321     0x1245 E:/01工作目录/WelinkOpen_RTOS_SDK/OC_ME3616G1AV0.0B07/SDK/sdk/lib\libgsdk.a(syscalls.c.o)

.debug_abbrev   0x00000000      0x75c
 *(.debug_abbrev)
 .debug_abbrev  0x00000000      0x28b obj/appup4gps.c.o
 .debug_abbrev  0x0000028b       0x12 E:/01工作目录/WelinkOpen_RTOS_SDK/OC_ME3616G1AV0.0B07/SDK/sdk/lib\libgsdk.a(head.s.o)
 .debug_abbrev  0x0000029d       0x12 E:/01工作目录/WelinkOpen_RTOS_SDK/OC_ME3616G1AV0.0B07/SDK/sdk/lib\libgsdk.a(api_stub.s.o)
 .debug_abbrev  0x000002af      0x1cc E:/01工作目录/WelinkOpen_RTOS_SDK/OC_ME3616G1AV0.0B07/SDK/sdk/lib\libgsdk.a(startup.c.o)
 .debug_abbrev  0x0000047b      0x2e1 E:/01工作目录/WelinkOpen_RTOS_SDK/OC_ME3616G1AV0.0B07/SDK/sdk/lib\libgsdk.a(syscalls.c.o)

.debug_line     0x00000000     0x1e16
 *(.debug_line)
 .debug_line    0x00000000      0x51b obj/appup4gps.c.o
 .debug_line    0x0000051b       0x86 E:/01工作目录/WelinkOpen_RTOS_SDK/OC_ME3616G1AV0.0B07/SDK/sdk/lib\libgsdk.a(head.s.o)
 .debug_line    0x000005a1      0xcdd E:/01工作目录/WelinkOpen_RTOS_SDK/OC_ME3616G1AV0.0B07/SDK/sdk/lib\libgsdk.a(api_stub.s.o)
 .debug_line    0x0000127e      0x3de E:/01工作目录/WelinkOpen_RTOS_SDK/OC_ME3616G1AV0.0B07/SDK/sdk/lib\libgsdk.a(startup.c.o)
 .debug_line    0x0000165c      0x7ba E:/01工作目录/WelinkOpen_RTOS_SDK/OC_ME3616G1AV0.0B07/SDK/sdk/lib\libgsdk.a(syscalls.c.o)

.debug_frame    0x00000000      0xaac
 *(.debug_frame)
 .debug_frame   0x00000000       0x70 obj/appup4gps.c.o
 .debug_frame   0x00000070       0x3c E:/01工作目录/WelinkOpen_RTOS_SDK/OC_ME3616G1AV0.0B07/SDK/sdk/lib\libgsdk.a(startup.c.o)
 .debug_frame   0x000000ac      0x2cc E:/01工作目录/WelinkOpen_RTOS_SDK/OC_ME3616G1AV0.0B07/SDK/sdk/lib\libgsdk.a(syscalls.c.o)
 .debug_frame   0x00000378       0x20 c:/program files (x86)/gnu tools arm embedded/7 2018-q2-update/bin/../lib/gcc/arm-none-eabi/7.3.1/../../../../arm-none-eabi/lib/thumb/v7e-m/fpv4-sp/hard\libc_nano.a(lib_a-errno.o)
 .debug_frame   0x00000398       0x74 c:/program files (x86)/gnu tools arm embedded/7 2018-q2-update/bin/../lib/gcc/arm-none-eabi/7.3.1/../../../../arm-none-eabi/lib/thumb/v7e-m/fpv4-sp/hard\libc_nano.a(lib_a-printf.o)
 .debug_frame   0x0000040c       0x3c c:/program files (x86)/gnu tools arm embedded/7 2018-q2-update/bin/../lib/gcc/arm-none-eabi/7.3.1/../../../../arm-none-eabi/lib/thumb/v7e-m/fpv4-sp/hard\libc_nano.a(lib_a-puts.o)
 .debug_frame   0x00000448       0x20 c:/program files (x86)/gnu tools arm embedded/7 2018-q2-update/bin/../lib/gcc/arm-none-eabi/7.3.1/../../../../arm-none-eabi/lib/thumb/v7e-m/fpv4-sp/hard\libc_nano.a(lib_a-strcmp.o)
 .debug_frame   0x00000468       0x40 c:/program files (x86)/gnu tools arm embedded/7 2018-q2-update/bin/../lib/gcc/arm-none-eabi/7.3.1/../../../../arm-none-eabi/lib/thumb/v7e-m/fpv4-sp/hard\libc_nano.a(lib_a-wbuf.o)
 .debug_frame   0x000004a8       0x2c c:/program files (x86)/gnu tools arm embedded/7 2018-q2-update/bin/../lib/gcc/arm-none-eabi/7.3.1/../../../../arm-none-eabi/lib/thumb/v7e-m/fpv4-sp/hard\libc_nano.a(lib_a-wsetup.o)
 .debug_frame   0x000004d4       0x68 c:/program files (x86)/gnu tools arm embedded/7 2018-q2-update/bin/../lib/gcc/arm-none-eabi/7.3.1/../../../../arm-none-eabi/lib/thumb/v7e-m/fpv4-sp/hard\libc_nano.a(lib_a-fflush.o)
 .debug_frame   0x0000053c      0x11c c:/program files (x86)/gnu tools arm embedded/7 2018-q2-update/bin/../lib/gcc/arm-none-eabi/7.3.1/../../../../arm-none-eabi/lib/thumb/v7e-m/fpv4-sp/hard\libc_nano.a(lib_a-findfp.o)
 .debug_frame   0x00000658       0x54 c:/program files (x86)/gnu tools arm embedded/7 2018-q2-update/bin/../lib/gcc/arm-none-eabi/7.3.1/../../../../arm-none-eabi/lib/thumb/v7e-m/fpv4-sp/hard\libc_nano.a(lib_a-fwalk.o)
 .debug_frame   0x000006ac       0x58 c:/program files (x86)/gnu tools arm embedded/7 2018-q2-update/bin/../lib/gcc/arm-none-eabi/7.3.1/../../../../arm-none-eabi/lib/thumb/v7e-m/fpv4-sp/hard\libc_nano.a(lib_a-makebuf.o)
 .debug_frame   0x00000704       0x20 c:/program files (x86)/gnu tools arm embedded/7 2018-q2-update/bin/../lib/gcc/arm-none-eabi/7.3.1/../../../../arm-none-eabi/lib/thumb/v7e-m/fpv4-sp/hard\libc_nano.a(lib_a-memset.o)
 .debug_frame   0x00000724       0x38 c:/program files (x86)/gnu tools arm embedded/7 2018-q2-update/bin/../lib/gcc/arm-none-eabi/7.3.1/../../../../arm-none-eabi/lib/thumb/v7e-m/fpv4-sp/hard\libc_nano.a(lib_a-nano-freer.o)
 .debug_frame   0x0000075c       0x2c c:/program files (x86)/gnu tools arm embedded/7 2018-q2-update/bin/../lib/gcc/arm-none-eabi/7.3.1/../../../../arm-none-eabi/lib/thumb/v7e-m/fpv4-sp/hard\libc_nano.a(lib_a-nano-mallocr.o)
 .debug_frame   0x00000788       0xac c:/program files (x86)/gnu tools arm embedded/7 2018-q2-update/bin/../lib/gcc/arm-none-eabi/7.3.1/../../../../arm-none-eabi/lib/thumb/v7e-m/fpv4-sp/hard\libc_nano.a(lib_a-nano-vfprintf.o)
 .debug_frame   0x00000834       0x60 c:/program files (x86)/gnu tools arm embedded/7 2018-q2-update/bin/../lib/gcc/arm-none-eabi/7.3.1/../../../../arm-none-eabi/lib/thumb/v7e-m/fpv4-sp/hard\libc_nano.a(lib_a-nano-vfprintf_i.o)
 .debug_frame   0x00000894       0x2c c:/program files (x86)/gnu tools arm embedded/7 2018-q2-update/bin/../lib/gcc/arm-none-eabi/7.3.1/../../../../arm-none-eabi/lib/thumb/v7e-m/fpv4-sp/hard\libc_nano.a(lib_a-sbrkr.o)
 .debug_frame   0x000008c0       0x88 c:/program files (x86)/gnu tools arm embedded/7 2018-q2-update/bin/../lib/gcc/arm-none-eabi/7.3.1/../../../../arm-none-eabi/lib/thumb/v7e-m/fpv4-sp/hard\libc_nano.a(lib_a-stdio.o)
 .debug_frame   0x00000948       0x2c c:/program files (x86)/gnu tools arm embedded/7 2018-q2-update/bin/../lib/gcc/arm-none-eabi/7.3.1/../../../../arm-none-eabi/lib/thumb/v7e-m/fpv4-sp/hard\libc_nano.a(lib_a-writer.o)
 .debug_frame   0x00000974       0x2c c:/program files (x86)/gnu tools arm embedded/7 2018-q2-update/bin/../lib/gcc/arm-none-eabi/7.3.1/../../../../arm-none-eabi/lib/thumb/v7e-m/fpv4-sp/hard\libc_nano.a(lib_a-closer.o)
 .debug_frame   0x000009a0       0x2c c:/program files (x86)/gnu tools arm embedded/7 2018-q2-update/bin/../lib/gcc/arm-none-eabi/7.3.1/../../../../arm-none-eabi/lib/thumb/v7e-m/fpv4-sp/hard\libc_nano.a(lib_a-fstatr.o)
 .debug_frame   0x000009cc       0x2c c:/program files (x86)/gnu tools arm embedded/7 2018-q2-update/bin/../lib/gcc/arm-none-eabi/7.3.1/../../../../arm-none-eabi/lib/thumb/v7e-m/fpv4-sp/hard\libc_nano.a(lib_a-isattyr.o)
 .debug_frame   0x000009f8       0x2c c:/program files (x86)/gnu tools arm embedded/7 2018-q2-update/bin/../lib/gcc/arm-none-eabi/7.3.1/../../../../arm-none-eabi/lib/thumb/v7e-m/fpv4-sp/hard\libc_nano.a(lib_a-lseekr.o)
 .debug_frame   0x00000a24       0x2c c:/program files (x86)/gnu tools arm embedded/7 2018-q2-update/bin/../lib/gcc/arm-none-eabi/7.3.1/../../../../arm-none-eabi/lib/thumb/v7e-m/fpv4-sp/hard\libc_nano.a(lib_a-readr.o)
 .debug_frame   0x00000a50       0x5c c:/program files (x86)/gnu tools arm embedded/7 2018-q2-update/bin/../lib/gcc/arm-none-eabi/7.3.1/../../../../arm-none-eabi/lib/thumb/v7e-m/fpv4-sp/hard\libc_nano.a(lib_a-reent.o)

.debug_str      0x00000000     0xc772
 *(.debug_str)
 .debug_str     0x00000000     0x8495 obj/appup4gps.c.o
                               0x871f (size before relaxing)
 .debug_str     0x00008495       0x61 E:/01工作目录/WelinkOpen_RTOS_SDK/OC_ME3616G1AV0.0B07/SDK/sdk/lib\libgsdk.a(head.s.o)
 .debug_str     0x000084f6       0x49 E:/01工作目录/WelinkOpen_RTOS_SDK/OC_ME3616G1AV0.0B07/SDK/sdk/lib\libgsdk.a(api_stub.s.o)
                                 0x7b (size before relaxing)
 .debug_str     0x0000853f      0x2ef E:/01工作目录/WelinkOpen_RTOS_SDK/OC_ME3616G1AV0.0B07/SDK/sdk/lib\libgsdk.a(startup.c.o)
                               0x6895 (size before relaxing)
 .debug_str     0x0000882e     0x3f44 E:/01工作目录/WelinkOpen_RTOS_SDK/OC_ME3616G1AV0.0B07/SDK/sdk/lib\libgsdk.a(syscalls.c.o)
                               0xbe46 (size before relaxing)

.debug_loc      0x00000000      0x8ee
 *(.debug_loc)
 .debug_loc     0x00000000      0x104 obj/appup4gps.c.o
 .debug_loc     0x00000104      0x24b E:/01工作目录/WelinkOpen_RTOS_SDK/OC_ME3616G1AV0.0B07/SDK/sdk/lib\libgsdk.a(startup.c.o)
 .debug_loc     0x0000034f      0x59f E:/01工作目录/WelinkOpen_RTOS_SDK/OC_ME3616G1AV0.0B07/SDK/sdk/lib\libgsdk.a(syscalls.c.o)

.debug_macinfo
 *(.debug_macinfo)

.debug_weaknames
 *(.debug_weaknames)

.debug_funcnames
 *(.debug_funcnames)

.debug_typenames
 *(.debug_typenames)

.debug_varnames
 *(.debug_varnames)
OUTPUT(bin/appup4gps.elf elf32-littlearm)

.debug_ranges   0x00000000      0x780
 .debug_ranges  0x00000000       0x20 obj/appup4gps.c.o
 .debug_ranges  0x00000020       0x28 E:/01工作目录/WelinkOpen_RTOS_SDK/OC_ME3616G1AV0.0B07/SDK/sdk/lib\libgsdk.a(head.s.o)
 .debug_ranges  0x00000048      0x5f0 E:/01工作目录/WelinkOpen_RTOS_SDK/OC_ME3616G1AV0.0B07/SDK/sdk/lib\libgsdk.a(api_stub.s.o)
 .debug_ranges  0x00000638       0x78 E:/01工作目录/WelinkOpen_RTOS_SDK/OC_ME3616G1AV0.0B07/SDK/sdk/lib\libgsdk.a(startup.c.o)
 .debug_ranges  0x000006b0       0xd0 E:/01工作目录/WelinkOpen_RTOS_SDK/OC_ME3616G1AV0.0B07/SDK/sdk/lib\libgsdk.a(syscalls.c.o)

.debug_macro    0x00000000     0x3455
 .debug_macro   0x00000000      0x2d2 obj/appup4gps.c.o
 .debug_macro   0x000002d2      0xa4e obj/appup4gps.c.o
 .debug_macro   0x00000d20       0x22 obj/appup4gps.c.o
 .debug_macro   0x00000d42       0x58 obj/appup4gps.c.o
 .debug_macro   0x00000d9a       0x18 obj/appup4gps.c.o
 .debug_macro   0x00000db2       0x94 obj/appup4gps.c.o
 .debug_macro   0x00000e46       0x35 obj/appup4gps.c.o
 .debug_macro   0x00000e7b       0x34 obj/appup4gps.c.o
 .debug_macro   0x00000eaf       0x16 obj/appup4gps.c.o
 .debug_macro   0x00000ec5       0x57 obj/appup4gps.c.o
 .debug_macro   0x00000f1c       0x97 obj/appup4gps.c.o
 .debug_macro   0x00000fb3      0x330 obj/appup4gps.c.o
 .debug_macro   0x000012e3       0xfd obj/appup4gps.c.o
 .debug_macro   0x000013e0       0x10 obj/appup4gps.c.o
 .debug_macro   0x000013f0       0x58 obj/appup4gps.c.o
 .debug_macro   0x00001448       0x1f obj/appup4gps.c.o
 .debug_macro   0x00001467       0x43 obj/appup4gps.c.o
 .debug_macro   0x000014aa       0x20 obj/appup4gps.c.o
 .debug_macro   0x000014ca      0x18e obj/appup4gps.c.o
 .debug_macro   0x00001658       0x10 obj/appup4gps.c.o
 .debug_macro   0x00001668       0x6a obj/appup4gps.c.o
 .debug_macro   0x000016d2       0x1c obj/appup4gps.c.o
 .debug_macro   0x000016ee       0x52 obj/appup4gps.c.o
 .debug_macro   0x00001740       0x40 obj/appup4gps.c.o
 .debug_macro   0x00001780       0x10 obj/appup4gps.c.o
 .debug_macro   0x00001790       0x40 obj/appup4gps.c.o
 .debug_macro   0x000017d0       0xd7 obj/appup4gps.c.o
 .debug_macro   0x000018a7       0x1c obj/appup4gps.c.o
 .debug_macro   0x000018c3       0x3d obj/appup4gps.c.o
 .debug_macro   0x00001900       0x16 obj/appup4gps.c.o
 .debug_macro   0x00001916      0x16f obj/appup4gps.c.o
 .debug_macro   0x00001a85       0x16 obj/appup4gps.c.o
 .debug_macro   0x00001a9b       0x35 obj/appup4gps.c.o
 .debug_macro   0x00001ad0       0x16 obj/appup4gps.c.o
 .debug_macro   0x00001ae6       0x29 obj/appup4gps.c.o
 .debug_macro   0x00001b0f       0x16 obj/appup4gps.c.o
 .debug_macro   0x00001b25       0xef obj/appup4gps.c.o
 .debug_macro   0x00001c14      0x1df obj/appup4gps.c.o
 .debug_macro   0x00001df3       0x22 obj/appup4gps.c.o
 .debug_macro   0x00001e15       0x34 obj/appup4gps.c.o
 .debug_macro   0x00001e49       0x72 obj/appup4gps.c.o
 .debug_macro   0x00001ebb      0x194 E:/01工作目录/WelinkOpen_RTOS_SDK/OC_ME3616G1AV0.0B07/SDK/sdk/lib\libgsdk.a(startup.c.o)
 .debug_macro   0x0000204f       0x8e E:/01工作目录/WelinkOpen_RTOS_SDK/OC_ME3616G1AV0.0B07/SDK/sdk/lib\libgsdk.a(startup.c.o)
 .debug_macro   0x000020dd       0x51 E:/01工作目录/WelinkOpen_RTOS_SDK/OC_ME3616G1AV0.0B07/SDK/sdk/lib\libgsdk.a(startup.c.o)
 .debug_macro   0x0000212e       0x5e E:/01工作目录/WelinkOpen_RTOS_SDK/OC_ME3616G1AV0.0B07/SDK/sdk/lib\libgsdk.a(startup.c.o)
 .debug_macro   0x0000218c      0x174 E:/01工作目录/WelinkOpen_RTOS_SDK/OC_ME3616G1AV0.0B07/SDK/sdk/lib\libgsdk.a(startup.c.o)
 .debug_macro   0x00002300      0x30f E:/01工作目录/WelinkOpen_RTOS_SDK/OC_ME3616G1AV0.0B07/SDK/sdk/lib\libgsdk.a(syscalls.c.o)
 .debug_macro   0x0000260f       0x1c E:/01工作目录/WelinkOpen_RTOS_SDK/OC_ME3616G1AV0.0B07/SDK/sdk/lib\libgsdk.a(syscalls.c.o)
 .debug_macro   0x0000262b       0x10 E:/01工作目录/WelinkOpen_RTOS_SDK/OC_ME3616G1AV0.0B07/SDK/sdk/lib\libgsdk.a(syscalls.c.o)
 .debug_macro   0x0000263b      0x23b E:/01工作目录/WelinkOpen_RTOS_SDK/OC_ME3616G1AV0.0B07/SDK/sdk/lib\libgsdk.a(syscalls.c.o)
 .debug_macro   0x00002876       0x10 E:/01工作目录/WelinkOpen_RTOS_SDK/OC_ME3616G1AV0.0B07/SDK/sdk/lib\libgsdk.a(syscalls.c.o)
 .debug_macro   0x00002886       0x10 E:/01工作目录/WelinkOpen_RTOS_SDK/OC_ME3616G1AV0.0B07/SDK/sdk/lib\libgsdk.a(syscalls.c.o)
 .debug_macro   0x00002896       0x10 E:/01工作目录/WelinkOpen_RTOS_SDK/OC_ME3616G1AV0.0B07/SDK/sdk/lib\libgsdk.a(syscalls.c.o)
 .debug_macro   0x000028a6       0x35 E:/01工作目录/WelinkOpen_RTOS_SDK/OC_ME3616G1AV0.0B07/SDK/sdk/lib\libgsdk.a(syscalls.c.o)
 .debug_macro   0x000028db      0x122 E:/01工作目录/WelinkOpen_RTOS_SDK/OC_ME3616G1AV0.0B07/SDK/sdk/lib\libgsdk.a(syscalls.c.o)
 .debug_macro   0x000029fd       0x88 E:/01工作目录/WelinkOpen_RTOS_SDK/OC_ME3616G1AV0.0B07/SDK/sdk/lib\libgsdk.a(syscalls.c.o)
 .debug_macro   0x00002a85       0x2b E:/01工作目录/WelinkOpen_RTOS_SDK/OC_ME3616G1AV0.0B07/SDK/sdk/lib\libgsdk.a(syscalls.c.o)
 .debug_macro   0x00002ab0      0x118 E:/01工作目录/WelinkOpen_RTOS_SDK/OC_ME3616G1AV0.0B07/SDK/sdk/lib\libgsdk.a(syscalls.c.o)
 .debug_macro   0x00002bc8      0x189 E:/01工作目录/WelinkOpen_RTOS_SDK/OC_ME3616G1AV0.0B07/SDK/sdk/lib\libgsdk.a(syscalls.c.o)
 .debug_macro   0x00002d51       0x16 E:/01工作目录/WelinkOpen_RTOS_SDK/OC_ME3616G1AV0.0B07/SDK/sdk/lib\libgsdk.a(syscalls.c.o)
 .debug_macro   0x00002d67       0x1c E:/01工作目录/WelinkOpen_RTOS_SDK/OC_ME3616G1AV0.0B07/SDK/sdk/lib\libgsdk.a(syscalls.c.o)
 .debug_macro   0x00002d83       0x10 E:/01工作目录/WelinkOpen_RTOS_SDK/OC_ME3616G1AV0.0B07/SDK/sdk/lib\libgsdk.a(syscalls.c.o)
 .debug_macro   0x00002d93      0x104 E:/01工作目录/WelinkOpen_RTOS_SDK/OC_ME3616G1AV0.0B07/SDK/sdk/lib\libgsdk.a(syscalls.c.o)
 .debug_macro   0x00002e97       0x52 E:/01工作目录/WelinkOpen_RTOS_SDK/OC_ME3616G1AV0.0B07/SDK/sdk/lib\libgsdk.a(syscalls.c.o)
 .debug_macro   0x00002ee9       0xba E:/01工作目录/WelinkOpen_RTOS_SDK/OC_ME3616G1AV0.0B07/SDK/sdk/lib\libgsdk.a(syscalls.c.o)
 .debug_macro   0x00002fa3       0x10 E:/01工作目录/WelinkOpen_RTOS_SDK/OC_ME3616G1AV0.0B07/SDK/sdk/lib\libgsdk.a(syscalls.c.o)
 .debug_macro   0x00002fb3       0x1f E:/01工作目录/WelinkOpen_RTOS_SDK/OC_ME3616G1AV0.0B07/SDK/sdk/lib\libgsdk.a(syscalls.c.o)
 .debug_macro   0x00002fd2      0x35a E:/01工作目录/WelinkOpen_RTOS_SDK/OC_ME3616G1AV0.0B07/SDK/sdk/lib\libgsdk.a(syscalls.c.o)
 .debug_macro   0x0000332c       0xc0 E:/01工作目录/WelinkOpen_RTOS_SDK/OC_ME3616G1AV0.0B07/SDK/sdk/lib\libgsdk.a(syscalls.c.o)
 .debug_macro   0x000033ec       0x69 E:/01工作目录/WelinkOpen_RTOS_SDK/OC_ME3616G1AV0.0B07/SDK/sdk/lib\libgsdk.a(syscalls.c.o)

Cross Reference Table

Symbol                                            File
Callback_Entry                                    E:/01工作目录/WelinkOpen_RTOS_SDK/OC_ME3616G1AV0.0B07/SDK/sdk/lib\libgsdk.a(head.s.o)
Main_Entry                                        E:/01工作目录/WelinkOpen_RTOS_SDK/OC_ME3616G1AV0.0B07/SDK/sdk/lib\libgsdk.a(head.s.o)
_Heap_Begin                                       E:/01工作目录/WelinkOpen_RTOS_SDK/OC_ME3616G1AV0.0B07/SDK/sdk/lib\libgsdk.a(syscalls.c.o)
_Heap_Limit                                       E:/01工作目录/WelinkOpen_RTOS_SDK/OC_ME3616G1AV0.0B07/SDK/sdk/lib\libgsdk.a(syscalls.c.o)
__asm_exit                                        E:/01工作目录/WelinkOpen_RTOS_SDK/OC_ME3616G1AV0.0B07/SDK/sdk/lib\libgsdk.a(head.s.o)
                                                  E:/01工作目录/WelinkOpen_RTOS_SDK/OC_ME3616G1AV0.0B07/SDK/sdk/lib\libgsdk.a(syscalls.c.o)
__bss_regions_array_end                           E:/01工作目录/WelinkOpen_RTOS_SDK/OC_ME3616G1AV0.0B07/SDK/sdk/lib\libgsdk.a(startup.c.o)
__bss_regions_array_start                         E:/01工作目录/WelinkOpen_RTOS_SDK/OC_ME3616G1AV0.0B07/SDK/sdk/lib\libgsdk.a(startup.c.o)
__data_regions_array_end                          E:/01工作目录/WelinkOpen_RTOS_SDK/OC_ME3616G1AV0.0B07/SDK/sdk/lib\libgsdk.a(startup.c.o)
__data_regions_array_start                        E:/01工作目录/WelinkOpen_RTOS_SDK/OC_ME3616G1AV0.0B07/SDK/sdk/lib\libgsdk.a(startup.c.o)
__dso_handle                                      E:/01工作目录/WelinkOpen_RTOS_SDK/OC_ME3616G1AV0.0B07/SDK/sdk/lib\libgsdk.a(syscalls.c.o)
__env                                             E:/01工作目录/WelinkOpen_RTOS_SDK/OC_ME3616G1AV0.0B07/SDK/sdk/lib\libgsdk.a(syscalls.c.o)
__errno                                           c:/program files (x86)/gnu tools arm embedded/7 2018-q2-update/bin/../lib/gcc/arm-none-eabi/7.3.1/../../../../arm-none-eabi/lib/thumb/v7e-m/fpv4-sp/hard\libc_nano.a(lib_a-errno.o)
                                                  E:/01工作目录/WelinkOpen_RTOS_SDK/OC_ME3616G1AV0.0B07/SDK/sdk/lib\libgsdk.a(syscalls.c.o)
__fini_array_end                                  E:/01工作目录/WelinkOpen_RTOS_SDK/OC_ME3616G1AV0.0B07/SDK/sdk/lib\libgsdk.a(startup.c.o)
__fini_array_start                                E:/01工作目录/WelinkOpen_RTOS_SDK/OC_ME3616G1AV0.0B07/SDK/sdk/lib\libgsdk.a(startup.c.o)
__fp_lock_all                                     c:/program files (x86)/gnu tools arm embedded/7 2018-q2-update/bin/../lib/gcc/arm-none-eabi/7.3.1/../../../../arm-none-eabi/lib/thumb/v7e-m/fpv4-sp/hard\libc_nano.a(lib_a-findfp.o)
__fp_unlock_all                                   c:/program files (x86)/gnu tools arm embedded/7 2018-q2-update/bin/../lib/gcc/arm-none-eabi/7.3.1/../../../../arm-none-eabi/lib/thumb/v7e-m/fpv4-sp/hard\libc_nano.a(lib_a-findfp.o)
__init_array_end                                  E:/01工作目录/WelinkOpen_RTOS_SDK/OC_ME3616G1AV0.0B07/SDK/sdk/lib\libgsdk.a(startup.c.o)
__init_array_start                                E:/01工作目录/WelinkOpen_RTOS_SDK/OC_ME3616G1AV0.0B07/SDK/sdk/lib\libgsdk.a(startup.c.o)
__initialize_hardware                             E:/01工作目录/WelinkOpen_RTOS_SDK/OC_ME3616G1AV0.0B07/SDK/sdk/lib\libgsdk.a(startup.c.o)
__initialize_hardware_early                       E:/01工作目录/WelinkOpen_RTOS_SDK/OC_ME3616G1AV0.0B07/SDK/sdk/lib\libgsdk.a(startup.c.o)
__io_gets                                         E:/01工作目录/WelinkOpen_RTOS_SDK/OC_ME3616G1AV0.0B07/SDK/sdk/lib\libgsdk.a(syscalls.c.o)
__io_puts                                         obj/appup4gps.c.o
                                                  E:/01工作目录/WelinkOpen_RTOS_SDK/OC_ME3616G1AV0.0B07/SDK/sdk/lib\libgsdk.a(syscalls.c.o)
__malloc_free_list                                c:/program files (x86)/gnu tools arm embedded/7 2018-q2-update/bin/../lib/gcc/arm-none-eabi/7.3.1/../../../../arm-none-eabi/lib/thumb/v7e-m/fpv4-sp/hard\libc_nano.a(lib_a-nano-mallocr.o)
                                                  c:/program files (x86)/gnu tools arm embedded/7 2018-q2-update/bin/../lib/gcc/arm-none-eabi/7.3.1/../../../../arm-none-eabi/lib/thumb/v7e-m/fpv4-sp/hard\libc_nano.a(lib_a-nano-freer.o)
__malloc_lock                                     E:/01工作目录/WelinkOpen_RTOS_SDK/OC_ME3616G1AV0.0B07/SDK/sdk/lib\libgsdk.a(syscalls.c.o)
                                                  c:/program files (x86)/gnu tools arm embedded/7 2018-q2-update/bin/../lib/gcc/arm-none-eabi/7.3.1/../../../../arm-none-eabi/lib/thumb/v7e-m/fpv4-sp/hard\libc_nano.a(lib_a-nano-mallocr.o)
                                                  c:/program files (x86)/gnu tools arm embedded/7 2018-q2-update/bin/../lib/gcc/arm-none-eabi/7.3.1/../../../../arm-none-eabi/lib/thumb/v7e-m/fpv4-sp/hard\libc_nano.a(lib_a-nano-freer.o)
__malloc_sbrk_start                               c:/program files (x86)/gnu tools arm embedded/7 2018-q2-update/bin/../lib/gcc/arm-none-eabi/7.3.1/../../../../arm-none-eabi/lib/thumb/v7e-m/fpv4-sp/hard\libc_nano.a(lib_a-nano-mallocr.o)
__malloc_unlock                                   E:/01工作目录/WelinkOpen_RTOS_SDK/OC_ME3616G1AV0.0B07/SDK/sdk/lib\libgsdk.a(syscalls.c.o)
                                                  c:/program files (x86)/gnu tools arm embedded/7 2018-q2-update/bin/../lib/gcc/arm-none-eabi/7.3.1/../../../../arm-none-eabi/lib/thumb/v7e-m/fpv4-sp/hard\libc_nano.a(lib_a-nano-mallocr.o)
                                                  c:/program files (x86)/gnu tools arm embedded/7 2018-q2-update/bin/../lib/gcc/arm-none-eabi/7.3.1/../../../../arm-none-eabi/lib/thumb/v7e-m/fpv4-sp/hard\libc_nano.a(lib_a-nano-freer.o)
__preinit_array_end                               E:/01工作目录/WelinkOpen_RTOS_SDK/OC_ME3616G1AV0.0B07/SDK/sdk/lib\libgsdk.a(startup.c.o)
__preinit_array_start                             E:/01工作目录/WelinkOpen_RTOS_SDK/OC_ME3616G1AV0.0B07/SDK/sdk/lib\libgsdk.a(startup.c.o)
__sclose                                          c:/program files (x86)/gnu tools arm embedded/7 2018-q2-update/bin/../lib/gcc/arm-none-eabi/7.3.1/../../../../arm-none-eabi/lib/thumb/v7e-m/fpv4-sp/hard\libc_nano.a(lib_a-stdio.o)
                                                  c:/program files (x86)/gnu tools arm embedded/7 2018-q2-update/bin/../lib/gcc/arm-none-eabi/7.3.1/../../../../arm-none-eabi/lib/thumb/v7e-m/fpv4-sp/hard\libc_nano.a(lib_a-findfp.o)
__seofread                                        c:/program files (x86)/gnu tools arm embedded/7 2018-q2-update/bin/../lib/gcc/arm-none-eabi/7.3.1/../../../../arm-none-eabi/lib/thumb/v7e-m/fpv4-sp/hard\libc_nano.a(lib_a-stdio.o)
__sf_fake_stderr                                  c:/program files (x86)/gnu tools arm embedded/7 2018-q2-update/bin/../lib/gcc/arm-none-eabi/7.3.1/../../../../arm-none-eabi/lib/thumb/v7e-m/fpv4-sp/hard\libc_nano.a(lib_a-findfp.o)
                                                  c:/program files (x86)/gnu tools arm embedded/7 2018-q2-update/bin/../lib/gcc/arm-none-eabi/7.3.1/../../../../arm-none-eabi/lib/thumb/v7e-m/fpv4-sp/hard\libc_nano.a(lib_a-nano-vfprintf.o)
                                                  c:/program files (x86)/gnu tools arm embedded/7 2018-q2-update/bin/../lib/gcc/arm-none-eabi/7.3.1/../../../../arm-none-eabi/lib/thumb/v7e-m/fpv4-sp/hard\libc_nano.a(lib_a-fflush.o)
                                                  c:/program files (x86)/gnu tools arm embedded/7 2018-q2-update/bin/../lib/gcc/arm-none-eabi/7.3.1/../../../../arm-none-eabi/lib/thumb/v7e-m/fpv4-sp/hard\libc_nano.a(lib_a-wsetup.o)
                                                  c:/program files (x86)/gnu tools arm embedded/7 2018-q2-update/bin/../lib/gcc/arm-none-eabi/7.3.1/../../../../arm-none-eabi/lib/thumb/v7e-m/fpv4-sp/hard\libc_nano.a(lib_a-wbuf.o)
                                                  c:/program files (x86)/gnu tools arm embedded/7 2018-q2-update/bin/../lib/gcc/arm-none-eabi/7.3.1/../../../../arm-none-eabi/lib/thumb/v7e-m/fpv4-sp/hard\libc_nano.a(lib_a-puts.o)
                                                  c:/program files (x86)/gnu tools arm embedded/7 2018-q2-update/bin/../lib/gcc/arm-none-eabi/7.3.1/../../../../arm-none-eabi/lib/thumb/v7e-m/fpv4-sp/hard\libc_nano.a(lib_a-impure.o)
__sf_fake_stdin                                   c:/program files (x86)/gnu tools arm embedded/7 2018-q2-update/bin/../lib/gcc/arm-none-eabi/7.3.1/../../../../arm-none-eabi/lib/thumb/v7e-m/fpv4-sp/hard\libc_nano.a(lib_a-findfp.o)
                                                  c:/program files (x86)/gnu tools arm embedded/7 2018-q2-update/bin/../lib/gcc/arm-none-eabi/7.3.1/../../../../arm-none-eabi/lib/thumb/v7e-m/fpv4-sp/hard\libc_nano.a(lib_a-nano-vfprintf.o)
                                                  c:/program files (x86)/gnu tools arm embedded/7 2018-q2-update/bin/../lib/gcc/arm-none-eabi/7.3.1/../../../../arm-none-eabi/lib/thumb/v7e-m/fpv4-sp/hard\libc_nano.a(lib_a-fflush.o)
                                                  c:/program files (x86)/gnu tools arm embedded/7 2018-q2-update/bin/../lib/gcc/arm-none-eabi/7.3.1/../../../../arm-none-eabi/lib/thumb/v7e-m/fpv4-sp/hard\libc_nano.a(lib_a-wsetup.o)
                                                  c:/program files (x86)/gnu tools arm embedded/7 2018-q2-update/bin/../lib/gcc/arm-none-eabi/7.3.1/../../../../arm-none-eabi/lib/thumb/v7e-m/fpv4-sp/hard\libc_nano.a(lib_a-wbuf.o)
                                                  c:/program files (x86)/gnu tools arm embedded/7 2018-q2-update/bin/../lib/gcc/arm-none-eabi/7.3.1/../../../../arm-none-eabi/lib/thumb/v7e-m/fpv4-sp/hard\libc_nano.a(lib_a-puts.o)
                                                  c:/program files (x86)/gnu tools arm embedded/7 2018-q2-update/bin/../lib/gcc/arm-none-eabi/7.3.1/../../../../arm-none-eabi/lib/thumb/v7e-m/fpv4-sp/hard\libc_nano.a(lib_a-impure.o)
__sf_fake_stdout                                  c:/program files (x86)/gnu tools arm embedded/7 2018-q2-update/bin/../lib/gcc/arm-none-eabi/7.3.1/../../../../arm-none-eabi/lib/thumb/v7e-m/fpv4-sp/hard\libc_nano.a(lib_a-findfp.o)
                                                  c:/program files (x86)/gnu tools arm embedded/7 2018-q2-update/bin/../lib/gcc/arm-none-eabi/7.3.1/../../../../arm-none-eabi/lib/thumb/v7e-m/fpv4-sp/hard\libc_nano.a(lib_a-nano-vfprintf.o)
                                                  c:/program files (x86)/gnu tools arm embedded/7 2018-q2-update/bin/../lib/gcc/arm-none-eabi/7.3.1/../../../../arm-none-eabi/lib/thumb/v7e-m/fpv4-sp/hard\libc_nano.a(lib_a-fflush.o)
                                                  c:/program files (x86)/gnu tools arm embedded/7 2018-q2-update/bin/../lib/gcc/arm-none-eabi/7.3.1/../../../../arm-none-eabi/lib/thumb/v7e-m/fpv4-sp/hard\libc_nano.a(lib_a-wsetup.o)
                                                  c:/program files (x86)/gnu tools arm embedded/7 2018-q2-update/bin/../lib/gcc/arm-none-eabi/7.3.1/../../../../arm-none-eabi/lib/thumb/v7e-m/fpv4-sp/hard\libc_nano.a(lib_a-wbuf.o)
                                                  c:/program files (x86)/gnu tools arm embedded/7 2018-q2-update/bin/../lib/gcc/arm-none-eabi/7.3.1/../../../../arm-none-eabi/lib/thumb/v7e-m/fpv4-sp/hard\libc_nano.a(lib_a-puts.o)
                                                  c:/program files (x86)/gnu tools arm embedded/7 2018-q2-update/bin/../lib/gcc/arm-none-eabi/7.3.1/../../../../arm-none-eabi/lib/thumb/v7e-m/fpv4-sp/hard\libc_nano.a(lib_a-impure.o)
__sflush_r                                        c:/program files (x86)/gnu tools arm embedded/7 2018-q2-update/bin/../lib/gcc/arm-none-eabi/7.3.1/../../../../arm-none-eabi/lib/thumb/v7e-m/fpv4-sp/hard\libc_nano.a(lib_a-fflush.o)
__sfmoreglue                                      c:/program files (x86)/gnu tools arm embedded/7 2018-q2-update/bin/../lib/gcc/arm-none-eabi/7.3.1/../../../../arm-none-eabi/lib/thumb/v7e-m/fpv4-sp/hard\libc_nano.a(lib_a-findfp.o)
__sfp                                             c:/program files (x86)/gnu tools arm embedded/7 2018-q2-update/bin/../lib/gcc/arm-none-eabi/7.3.1/../../../../arm-none-eabi/lib/thumb/v7e-m/fpv4-sp/hard\libc_nano.a(lib_a-findfp.o)
__sfp_lock_acquire                                c:/program files (x86)/gnu tools arm embedded/7 2018-q2-update/bin/../lib/gcc/arm-none-eabi/7.3.1/../../../../arm-none-eabi/lib/thumb/v7e-m/fpv4-sp/hard\libc_nano.a(lib_a-findfp.o)
__sfp_lock_release                                c:/program files (x86)/gnu tools arm embedded/7 2018-q2-update/bin/../lib/gcc/arm-none-eabi/7.3.1/../../../../arm-none-eabi/lib/thumb/v7e-m/fpv4-sp/hard\libc_nano.a(lib_a-findfp.o)
__sfputs_r                                        c:/program files (x86)/gnu tools arm embedded/7 2018-q2-update/bin/../lib/gcc/arm-none-eabi/7.3.1/../../../../arm-none-eabi/lib/thumb/v7e-m/fpv4-sp/hard\libc_nano.a(lib_a-nano-vfprintf.o)
__sfvwrite_r                                      c:/program files (x86)/gnu tools arm embedded/7 2018-q2-update/bin/../lib/gcc/arm-none-eabi/7.3.1/../../../../arm-none-eabi/lib/thumb/v7e-m/fpv4-sp/hard\libc_nano.a(lib_a-fvwrite.o)
                                                  c:/program files (x86)/gnu tools arm embedded/7 2018-q2-update/bin/../lib/gcc/arm-none-eabi/7.3.1/../../../../arm-none-eabi/lib/thumb/v7e-m/fpv4-sp/hard\libc_nano.a(lib_a-nano-vfprintf.o)
__sinit                                           c:/program files (x86)/gnu tools arm embedded/7 2018-q2-update/bin/../lib/gcc/arm-none-eabi/7.3.1/../../../../arm-none-eabi/lib/thumb/v7e-m/fpv4-sp/hard\libc_nano.a(lib_a-findfp.o)
                                                  c:/program files (x86)/gnu tools arm embedded/7 2018-q2-update/bin/../lib/gcc/arm-none-eabi/7.3.1/../../../../arm-none-eabi/lib/thumb/v7e-m/fpv4-sp/hard\libc_nano.a(lib_a-nano-vfprintf.o)
                                                  c:/program files (x86)/gnu tools arm embedded/7 2018-q2-update/bin/../lib/gcc/arm-none-eabi/7.3.1/../../../../arm-none-eabi/lib/thumb/v7e-m/fpv4-sp/hard\libc_nano.a(lib_a-fflush.o)
                                                  c:/program files (x86)/gnu tools arm embedded/7 2018-q2-update/bin/../lib/gcc/arm-none-eabi/7.3.1/../../../../arm-none-eabi/lib/thumb/v7e-m/fpv4-sp/hard\libc_nano.a(lib_a-wsetup.o)
                                                  c:/program files (x86)/gnu tools arm embedded/7 2018-q2-update/bin/../lib/gcc/arm-none-eabi/7.3.1/../../../../arm-none-eabi/lib/thumb/v7e-m/fpv4-sp/hard\libc_nano.a(lib_a-wbuf.o)
                                                  c:/program files (x86)/gnu tools arm embedded/7 2018-q2-update/bin/../lib/gcc/arm-none-eabi/7.3.1/../../../../arm-none-eabi/lib/thumb/v7e-m/fpv4-sp/hard\libc_nano.a(lib_a-puts.o)
                                                  c:/program files (x86)/gnu tools arm embedded/7 2018-q2-update/bin/../lib/gcc/arm-none-eabi/7.3.1/../../../../arm-none-eabi/lib/thumb/v7e-m/fpv4-sp/hard\libc_nano.a(lib_a-printf.o)
__sinit_lock_acquire                              c:/program files (x86)/gnu tools arm embedded/7 2018-q2-update/bin/../lib/gcc/arm-none-eabi/7.3.1/../../../../arm-none-eabi/lib/thumb/v7e-m/fpv4-sp/hard\libc_nano.a(lib_a-findfp.o)
__sinit_lock_release                              c:/program files (x86)/gnu tools arm embedded/7 2018-q2-update/bin/../lib/gcc/arm-none-eabi/7.3.1/../../../../arm-none-eabi/lib/thumb/v7e-m/fpv4-sp/hard\libc_nano.a(lib_a-findfp.o)
__smakebuf_r                                      c:/program files (x86)/gnu tools arm embedded/7 2018-q2-update/bin/../lib/gcc/arm-none-eabi/7.3.1/../../../../arm-none-eabi/lib/thumb/v7e-m/fpv4-sp/hard\libc_nano.a(lib_a-makebuf.o)
                                                  c:/program files (x86)/gnu tools arm embedded/7 2018-q2-update/bin/../lib/gcc/arm-none-eabi/7.3.1/../../../../arm-none-eabi/lib/thumb/v7e-m/fpv4-sp/hard\libc_nano.a(lib_a-wsetup.o)
__sprint_r                                        c:/program files (x86)/gnu tools arm embedded/7 2018-q2-update/bin/../lib/gcc/arm-none-eabi/7.3.1/../../../../arm-none-eabi/lib/thumb/v7e-m/fpv4-sp/hard\libc_nano.a(lib_a-nano-vfprintf.o)
__sread                                           c:/program files (x86)/gnu tools arm embedded/7 2018-q2-update/bin/../lib/gcc/arm-none-eabi/7.3.1/../../../../arm-none-eabi/lib/thumb/v7e-m/fpv4-sp/hard\libc_nano.a(lib_a-stdio.o)
                                                  c:/program files (x86)/gnu tools arm embedded/7 2018-q2-update/bin/../lib/gcc/arm-none-eabi/7.3.1/../../../../arm-none-eabi/lib/thumb/v7e-m/fpv4-sp/hard\libc_nano.a(lib_a-findfp.o)
__sseek                                           c:/program files (x86)/gnu tools arm embedded/7 2018-q2-update/bin/../lib/gcc/arm-none-eabi/7.3.1/../../../../arm-none-eabi/lib/thumb/v7e-m/fpv4-sp/hard\libc_nano.a(lib_a-stdio.o)
                                                  c:/program files (x86)/gnu tools arm embedded/7 2018-q2-update/bin/../lib/gcc/arm-none-eabi/7.3.1/../../../../arm-none-eabi/lib/thumb/v7e-m/fpv4-sp/hard\libc_nano.a(lib_a-findfp.o)
__swbuf                                           c:/program files (x86)/gnu tools arm embedded/7 2018-q2-update/bin/../lib/gcc/arm-none-eabi/7.3.1/../../../../arm-none-eabi/lib/thumb/v7e-m/fpv4-sp/hard\libc_nano.a(lib_a-wbuf.o)
__swbuf_r                                         c:/program files (x86)/gnu tools arm embedded/7 2018-q2-update/bin/../lib/gcc/arm-none-eabi/7.3.1/../../../../arm-none-eabi/lib/thumb/v7e-m/fpv4-sp/hard\libc_nano.a(lib_a-wbuf.o)
                                                  c:/program files (x86)/gnu tools arm embedded/7 2018-q2-update/bin/../lib/gcc/arm-none-eabi/7.3.1/../../../../arm-none-eabi/lib/thumb/v7e-m/fpv4-sp/hard\libc_nano.a(lib_a-nano-vfprintf.o)
                                                  c:/program files (x86)/gnu tools arm embedded/7 2018-q2-update/bin/../lib/gcc/arm-none-eabi/7.3.1/../../../../arm-none-eabi/lib/thumb/v7e-m/fpv4-sp/hard\libc_nano.a(lib_a-puts.o)
__swhatbuf_r                                      c:/program files (x86)/gnu tools arm embedded/7 2018-q2-update/bin/../lib/gcc/arm-none-eabi/7.3.1/../../../../arm-none-eabi/lib/thumb/v7e-m/fpv4-sp/hard\libc_nano.a(lib_a-makebuf.o)
__swrite                                          c:/program files (x86)/gnu tools arm embedded/7 2018-q2-update/bin/../lib/gcc/arm-none-eabi/7.3.1/../../../../arm-none-eabi/lib/thumb/v7e-m/fpv4-sp/hard\libc_nano.a(lib_a-stdio.o)
                                                  c:/program files (x86)/gnu tools arm embedded/7 2018-q2-update/bin/../lib/gcc/arm-none-eabi/7.3.1/../../../../arm-none-eabi/lib/thumb/v7e-m/fpv4-sp/hard\libc_nano.a(lib_a-findfp.o)
__swsetup_r                                       c:/program files (x86)/gnu tools arm embedded/7 2018-q2-update/bin/../lib/gcc/arm-none-eabi/7.3.1/../../../../arm-none-eabi/lib/thumb/v7e-m/fpv4-sp/hard\libc_nano.a(lib_a-wsetup.o)
                                                  c:/program files (x86)/gnu tools arm embedded/7 2018-q2-update/bin/../lib/gcc/arm-none-eabi/7.3.1/../../../../arm-none-eabi/lib/thumb/v7e-m/fpv4-sp/hard\libc_nano.a(lib_a-fvwrite.o)
                                                  c:/program files (x86)/gnu tools arm embedded/7 2018-q2-update/bin/../lib/gcc/arm-none-eabi/7.3.1/../../../../arm-none-eabi/lib/thumb/v7e-m/fpv4-sp/hard\libc_nano.a(lib_a-nano-vfprintf.o)
                                                  c:/program files (x86)/gnu tools arm embedded/7 2018-q2-update/bin/../lib/gcc/arm-none-eabi/7.3.1/../../../../arm-none-eabi/lib/thumb/v7e-m/fpv4-sp/hard\libc_nano.a(lib_a-wbuf.o)
                                                  c:/program files (x86)/gnu tools arm embedded/7 2018-q2-update/bin/../lib/gcc/arm-none-eabi/7.3.1/../../../../arm-none-eabi/lib/thumb/v7e-m/fpv4-sp/hard\libc_nano.a(lib_a-puts.o)
_api_version                                      E:/01工作目录/WelinkOpen_RTOS_SDK/OC_ME3616G1AV0.0B07/SDK/sdk/lib\libgsdk.a(head.s.o)
_app_id                                           E:/01工作目录/WelinkOpen_RTOS_SDK/OC_ME3616G1AV0.0B07/SDK/sdk/lib\libgsdk.a(head.s.o)
_app_limit                                        E:/01工作目录/WelinkOpen_RTOS_SDK/OC_ME3616G1AV0.0B07/SDK/sdk/lib\libgsdk.a(head.s.o)
_app_properties                                   E:/01工作目录/WelinkOpen_RTOS_SDK/OC_ME3616G1AV0.0B07/SDK/sdk/lib\libgsdk.a(head.s.o)
_app_version                                      E:/01工作目录/WelinkOpen_RTOS_SDK/OC_ME3616G1AV0.0B07/SDK/sdk/lib\libgsdk.a(head.s.o)
_callback_stack_base                              E:/01工作目录/WelinkOpen_RTOS_SDK/OC_ME3616G1AV0.0B07/SDK/sdk/lib\libgsdk.a(head.s.o)
_callback_stack_size                              E:/01工作目录/WelinkOpen_RTOS_SDK/OC_ME3616G1AV0.0B07/SDK/sdk/lib\libgsdk.a(head.s.o)
_callback_task_priority                           E:/01工作目录/WelinkOpen_RTOS_SDK/OC_ME3616G1AV0.0B07/SDK/sdk/lib\libgsdk.a(head.s.o)
_chown                                            E:/01工作目录/WelinkOpen_RTOS_SDK/OC_ME3616G1AV0.0B07/SDK/sdk/lib\libgsdk.a(syscalls.c.o)
_cleanup                                          c:/program files (x86)/gnu tools arm embedded/7 2018-q2-update/bin/../lib/gcc/arm-none-eabi/7.3.1/../../../../arm-none-eabi/lib/thumb/v7e-m/fpv4-sp/hard\libc_nano.a(lib_a-findfp.o)
_cleanup_r                                        c:/program files (x86)/gnu tools arm embedded/7 2018-q2-update/bin/../lib/gcc/arm-none-eabi/7.3.1/../../../../arm-none-eabi/lib/thumb/v7e-m/fpv4-sp/hard\libc_nano.a(lib_a-findfp.o)
                                                  c:/program files (x86)/gnu tools arm embedded/7 2018-q2-update/bin/../lib/gcc/arm-none-eabi/7.3.1/../../../../arm-none-eabi/lib/thumb/v7e-m/fpv4-sp/hard\libc_nano.a(lib_a-makebuf.o)
_close                                            E:/01工作目录/WelinkOpen_RTOS_SDK/OC_ME3616G1AV0.0B07/SDK/sdk/lib\libgsdk.a(syscalls.c.o)
                                                  c:/program files (x86)/gnu tools arm embedded/7 2018-q2-update/bin/../lib/gcc/arm-none-eabi/7.3.1/../../../../arm-none-eabi/lib/thumb/v7e-m/fpv4-sp/hard\libc_nano.a(lib_a-closer.o)
_close_r                                          c:/program files (x86)/gnu tools arm embedded/7 2018-q2-update/bin/../lib/gcc/arm-none-eabi/7.3.1/../../../../arm-none-eabi/lib/thumb/v7e-m/fpv4-sp/hard\libc_nano.a(lib_a-closer.o)
                                                  c:/program files (x86)/gnu tools arm embedded/7 2018-q2-update/bin/../lib/gcc/arm-none-eabi/7.3.1/../../../../arm-none-eabi/lib/thumb/v7e-m/fpv4-sp/hard\libc_nano.a(lib_a-stdio.o)
_execve                                           E:/01工作目录/WelinkOpen_RTOS_SDK/OC_ME3616G1AV0.0B07/SDK/sdk/lib\libgsdk.a(syscalls.c.o)
_exit                                             E:/01工作目录/WelinkOpen_RTOS_SDK/OC_ME3616G1AV0.0B07/SDK/sdk/lib\libgsdk.a(syscalls.c.o)
                                                  E:/01工作目录/WelinkOpen_RTOS_SDK/OC_ME3616G1AV0.0B07/SDK/sdk/lib\libgsdk.a(startup.c.o)
_fflush_r                                         c:/program files (x86)/gnu tools arm embedded/7 2018-q2-update/bin/../lib/gcc/arm-none-eabi/7.3.1/../../../../arm-none-eabi/lib/thumb/v7e-m/fpv4-sp/hard\libc_nano.a(lib_a-fflush.o)
                                                  c:/program files (x86)/gnu tools arm embedded/7 2018-q2-update/bin/../lib/gcc/arm-none-eabi/7.3.1/../../../../arm-none-eabi/lib/thumb/v7e-m/fpv4-sp/hard\libc_nano.a(lib_a-fvwrite.o)
                                                  c:/program files (x86)/gnu tools arm embedded/7 2018-q2-update/bin/../lib/gcc/arm-none-eabi/7.3.1/../../../../arm-none-eabi/lib/thumb/v7e-m/fpv4-sp/hard\libc_nano.a(lib_a-findfp.o)
                                                  c:/program files (x86)/gnu tools arm embedded/7 2018-q2-update/bin/../lib/gcc/arm-none-eabi/7.3.1/../../../../arm-none-eabi/lib/thumb/v7e-m/fpv4-sp/hard\libc_nano.a(lib_a-wbuf.o)
_fork                                             E:/01工作目录/WelinkOpen_RTOS_SDK/OC_ME3616G1AV0.0B07/SDK/sdk/lib\libgsdk.a(syscalls.c.o)
_free_r                                           c:/program files (x86)/gnu tools arm embedded/7 2018-q2-update/bin/../lib/gcc/arm-none-eabi/7.3.1/../../../../arm-none-eabi/lib/thumb/v7e-m/fpv4-sp/hard\libc_nano.a(lib_a-nano-freer.o)
                                                  c:/program files (x86)/gnu tools arm embedded/7 2018-q2-update/bin/../lib/gcc/arm-none-eabi/7.3.1/../../../../arm-none-eabi/lib/thumb/v7e-m/fpv4-sp/hard\libc_nano.a(lib_a-reent.o)
                                                  c:/program files (x86)/gnu tools arm embedded/7 2018-q2-update/bin/../lib/gcc/arm-none-eabi/7.3.1/../../../../arm-none-eabi/lib/thumb/v7e-m/fpv4-sp/hard\libc_nano.a(lib_a-nano-reallocr.o)
                                                  c:/program files (x86)/gnu tools arm embedded/7 2018-q2-update/bin/../lib/gcc/arm-none-eabi/7.3.1/../../../../arm-none-eabi/lib/thumb/v7e-m/fpv4-sp/hard\libc_nano.a(lib_a-fvwrite.o)
                                                  c:/program files (x86)/gnu tools arm embedded/7 2018-q2-update/bin/../lib/gcc/arm-none-eabi/7.3.1/../../../../arm-none-eabi/lib/thumb/v7e-m/fpv4-sp/hard\libc_nano.a(lib_a-fflush.o)
                                                  c:/program files (x86)/gnu tools arm embedded/7 2018-q2-update/bin/../lib/gcc/arm-none-eabi/7.3.1/../../../../arm-none-eabi/lib/thumb/v7e-m/fpv4-sp/hard\libc_nano.a(lib_a-wsetup.o)
_fstat                                            E:/01工作目录/WelinkOpen_RTOS_SDK/OC_ME3616G1AV0.0B07/SDK/sdk/lib\libgsdk.a(syscalls.c.o)
                                                  c:/program files (x86)/gnu tools arm embedded/7 2018-q2-update/bin/../lib/gcc/arm-none-eabi/7.3.1/../../../../arm-none-eabi/lib/thumb/v7e-m/fpv4-sp/hard\libc_nano.a(lib_a-fstatr.o)
_fstat_r                                          c:/program files (x86)/gnu tools arm embedded/7 2018-q2-update/bin/../lib/gcc/arm-none-eabi/7.3.1/../../../../arm-none-eabi/lib/thumb/v7e-m/fpv4-sp/hard\libc_nano.a(lib_a-fstatr.o)
                                                  c:/program files (x86)/gnu tools arm embedded/7 2018-q2-update/bin/../lib/gcc/arm-none-eabi/7.3.1/../../../../arm-none-eabi/lib/thumb/v7e-m/fpv4-sp/hard\libc_nano.a(lib_a-makebuf.o)
_fwalk                                            c:/program files (x86)/gnu tools arm embedded/7 2018-q2-update/bin/../lib/gcc/arm-none-eabi/7.3.1/../../../../arm-none-eabi/lib/thumb/v7e-m/fpv4-sp/hard\libc_nano.a(lib_a-fwalk.o)
                                                  c:/program files (x86)/gnu tools arm embedded/7 2018-q2-update/bin/../lib/gcc/arm-none-eabi/7.3.1/../../../../arm-none-eabi/lib/thumb/v7e-m/fpv4-sp/hard\libc_nano.a(lib_a-findfp.o)
_fwalk_reent                                      c:/program files (x86)/gnu tools arm embedded/7 2018-q2-update/bin/../lib/gcc/arm-none-eabi/7.3.1/../../../../arm-none-eabi/lib/thumb/v7e-m/fpv4-sp/hard\libc_nano.a(lib_a-fwalk.o)
                                                  c:/program files (x86)/gnu tools arm embedded/7 2018-q2-update/bin/../lib/gcc/arm-none-eabi/7.3.1/../../../../arm-none-eabi/lib/thumb/v7e-m/fpv4-sp/hard\libc_nano.a(lib_a-findfp.o)
                                                  c:/program files (x86)/gnu tools arm embedded/7 2018-q2-update/bin/../lib/gcc/arm-none-eabi/7.3.1/../../../../arm-none-eabi/lib/thumb/v7e-m/fpv4-sp/hard\libc_nano.a(lib_a-fflush.o)
_getpid                                           E:/01工作目录/WelinkOpen_RTOS_SDK/OC_ME3616G1AV0.0B07/SDK/sdk/lib\libgsdk.a(syscalls.c.o)
_gettimeofday                                     E:/01工作目录/WelinkOpen_RTOS_SDK/OC_ME3616G1AV0.0B07/SDK/sdk/lib\libgsdk.a(syscalls.c.o)
_global_impure_ptr                                c:/program files (x86)/gnu tools arm embedded/7 2018-q2-update/bin/../lib/gcc/arm-none-eabi/7.3.1/../../../../arm-none-eabi/lib/thumb/v7e-m/fpv4-sp/hard\libc_nano.a(lib_a-impure.o)
                                                  c:/program files (x86)/gnu tools arm embedded/7 2018-q2-update/bin/../lib/gcc/arm-none-eabi/7.3.1/../../../../arm-none-eabi/lib/thumb/v7e-m/fpv4-sp/hard\libc_nano.a(lib_a-findfp.o)
                                                  c:/program files (x86)/gnu tools arm embedded/7 2018-q2-update/bin/../lib/gcc/arm-none-eabi/7.3.1/../../../../arm-none-eabi/lib/thumb/v7e-m/fpv4-sp/hard\libc_nano.a(lib_a-fflush.o)
_headware_init_table                              E:/01工作目录/WelinkOpen_RTOS_SDK/OC_ME3616G1AV0.0B07/SDK/sdk/lib\libgsdk.a(head.s.o)
_impure_ptr                                       c:/program files (x86)/gnu tools arm embedded/7 2018-q2-update/bin/../lib/gcc/arm-none-eabi/7.3.1/../../../../arm-none-eabi/lib/thumb/v7e-m/fpv4-sp/hard\libc_nano.a(lib_a-impure.o)
                                                  c:/program files (x86)/gnu tools arm embedded/7 2018-q2-update/bin/../lib/gcc/arm-none-eabi/7.3.1/../../../../arm-none-eabi/lib/thumb/v7e-m/fpv4-sp/hard\libc_nano.a(lib_a-reent.o)
                                                  c:/program files (x86)/gnu tools arm embedded/7 2018-q2-update/bin/../lib/gcc/arm-none-eabi/7.3.1/../../../../arm-none-eabi/lib/thumb/v7e-m/fpv4-sp/hard\libc_nano.a(lib_a-nano-vfprintf.o)
                                                  c:/program files (x86)/gnu tools arm embedded/7 2018-q2-update/bin/../lib/gcc/arm-none-eabi/7.3.1/../../../../arm-none-eabi/lib/thumb/v7e-m/fpv4-sp/hard\libc_nano.a(lib_a-findfp.o)
                                                  c:/program files (x86)/gnu tools arm embedded/7 2018-q2-update/bin/../lib/gcc/arm-none-eabi/7.3.1/../../../../arm-none-eabi/lib/thumb/v7e-m/fpv4-sp/hard\libc_nano.a(lib_a-fflush.o)
                                                  c:/program files (x86)/gnu tools arm embedded/7 2018-q2-update/bin/../lib/gcc/arm-none-eabi/7.3.1/../../../../arm-none-eabi/lib/thumb/v7e-m/fpv4-sp/hard\libc_nano.a(lib_a-wsetup.o)
                                                  c:/program files (x86)/gnu tools arm embedded/7 2018-q2-update/bin/../lib/gcc/arm-none-eabi/7.3.1/../../../../arm-none-eabi/lib/thumb/v7e-m/fpv4-sp/hard\libc_nano.a(lib_a-wbuf.o)
                                                  c:/program files (x86)/gnu tools arm embedded/7 2018-q2-update/bin/../lib/gcc/arm-none-eabi/7.3.1/../../../../arm-none-eabi/lib/thumb/v7e-m/fpv4-sp/hard\libc_nano.a(lib_a-puts.o)
                                                  c:/program files (x86)/gnu tools arm embedded/7 2018-q2-update/bin/../lib/gcc/arm-none-eabi/7.3.1/../../../../arm-none-eabi/lib/thumb/v7e-m/fpv4-sp/hard\libc_nano.a(lib_a-printf.o)
                                                  c:/program files (x86)/gnu tools arm embedded/7 2018-q2-update/bin/../lib/gcc/arm-none-eabi/7.3.1/../../../../arm-none-eabi/lib/thumb/v7e-m/fpv4-sp/hard\libc_nano.a(lib_a-errno.o)
_iprintf_r                                        c:/program files (x86)/gnu tools arm embedded/7 2018-q2-update/bin/../lib/gcc/arm-none-eabi/7.3.1/../../../../arm-none-eabi/lib/thumb/v7e-m/fpv4-sp/hard\libc_nano.a(lib_a-printf.o)
_isatty                                           E:/01工作目录/WelinkOpen_RTOS_SDK/OC_ME3616G1AV0.0B07/SDK/sdk/lib\libgsdk.a(syscalls.c.o)
                                                  c:/program files (x86)/gnu tools arm embedded/7 2018-q2-update/bin/../lib/gcc/arm-none-eabi/7.3.1/../../../../arm-none-eabi/lib/thumb/v7e-m/fpv4-sp/hard\libc_nano.a(lib_a-isattyr.o)
_isatty_r                                         c:/program files (x86)/gnu tools arm embedded/7 2018-q2-update/bin/../lib/gcc/arm-none-eabi/7.3.1/../../../../arm-none-eabi/lib/thumb/v7e-m/fpv4-sp/hard\libc_nano.a(lib_a-isattyr.o)
                                                  c:/program files (x86)/gnu tools arm embedded/7 2018-q2-update/bin/../lib/gcc/arm-none-eabi/7.3.1/../../../../arm-none-eabi/lib/thumb/v7e-m/fpv4-sp/hard\libc_nano.a(lib_a-makebuf.o)
_kill                                             E:/01工作目录/WelinkOpen_RTOS_SDK/OC_ME3616G1AV0.0B07/SDK/sdk/lib\libgsdk.a(syscalls.c.o)
_link                                             E:/01工作目录/WelinkOpen_RTOS_SDK/OC_ME3616G1AV0.0B07/SDK/sdk/lib\libgsdk.a(syscalls.c.o)
_load_address                                     E:/01工作目录/WelinkOpen_RTOS_SDK/OC_ME3616G1AV0.0B07/SDK/sdk/lib\libgsdk.a(head.s.o)
_lseek                                            E:/01工作目录/WelinkOpen_RTOS_SDK/OC_ME3616G1AV0.0B07/SDK/sdk/lib\libgsdk.a(syscalls.c.o)
                                                  c:/program files (x86)/gnu tools arm embedded/7 2018-q2-update/bin/../lib/gcc/arm-none-eabi/7.3.1/../../../../arm-none-eabi/lib/thumb/v7e-m/fpv4-sp/hard\libc_nano.a(lib_a-lseekr.o)
_lseek_r                                          c:/program files (x86)/gnu tools arm embedded/7 2018-q2-update/bin/../lib/gcc/arm-none-eabi/7.3.1/../../../../arm-none-eabi/lib/thumb/v7e-m/fpv4-sp/hard\libc_nano.a(lib_a-lseekr.o)
                                                  c:/program files (x86)/gnu tools arm embedded/7 2018-q2-update/bin/../lib/gcc/arm-none-eabi/7.3.1/../../../../arm-none-eabi/lib/thumb/v7e-m/fpv4-sp/hard\libc_nano.a(lib_a-stdio.o)
_main_stack_base                                  E:/01工作目录/WelinkOpen_RTOS_SDK/OC_ME3616G1AV0.0B07/SDK/sdk/lib\libgsdk.a(head.s.o)
_main_stack_size                                  E:/01工作目录/WelinkOpen_RTOS_SDK/OC_ME3616G1AV0.0B07/SDK/sdk/lib\libgsdk.a(head.s.o)
_main_task_priority                               E:/01工作目录/WelinkOpen_RTOS_SDK/OC_ME3616G1AV0.0B07/SDK/sdk/lib\libgsdk.a(head.s.o)
_malloc_r                                         c:/program files (x86)/gnu tools arm embedded/7 2018-q2-update/bin/../lib/gcc/arm-none-eabi/7.3.1/../../../../arm-none-eabi/lib/thumb/v7e-m/fpv4-sp/hard\libc_nano.a(lib_a-nano-mallocr.o)
                                                  c:/program files (x86)/gnu tools arm embedded/7 2018-q2-update/bin/../lib/gcc/arm-none-eabi/7.3.1/../../../../arm-none-eabi/lib/thumb/v7e-m/fpv4-sp/hard\libc_nano.a(lib_a-nano-reallocr.o)
                                                  c:/program files (x86)/gnu tools arm embedded/7 2018-q2-update/bin/../lib/gcc/arm-none-eabi/7.3.1/../../../../arm-none-eabi/lib/thumb/v7e-m/fpv4-sp/hard\libc_nano.a(lib_a-fvwrite.o)
                                                  c:/program files (x86)/gnu tools arm embedded/7 2018-q2-update/bin/../lib/gcc/arm-none-eabi/7.3.1/../../../../arm-none-eabi/lib/thumb/v7e-m/fpv4-sp/hard\libc_nano.a(lib_a-makebuf.o)
                                                  c:/program files (x86)/gnu tools arm embedded/7 2018-q2-update/bin/../lib/gcc/arm-none-eabi/7.3.1/../../../../arm-none-eabi/lib/thumb/v7e-m/fpv4-sp/hard\libc_nano.a(lib_a-findfp.o)
_malloc_usable_size_r                             c:/program files (x86)/gnu tools arm embedded/7 2018-q2-update/bin/../lib/gcc/arm-none-eabi/7.3.1/../../../../arm-none-eabi/lib/thumb/v7e-m/fpv4-sp/hard\libc_nano.a(lib_a-nano-msizer.o)
                                                  c:/program files (x86)/gnu tools arm embedded/7 2018-q2-update/bin/../lib/gcc/arm-none-eabi/7.3.1/../../../../arm-none-eabi/lib/thumb/v7e-m/fpv4-sp/hard\libc_nano.a(lib_a-nano-reallocr.o)
_open                                             E:/01工作目录/WelinkOpen_RTOS_SDK/OC_ME3616G1AV0.0B07/SDK/sdk/lib\libgsdk.a(syscalls.c.o)
_preamble_limit                                   E:/01工作目录/WelinkOpen_RTOS_SDK/OC_ME3616G1AV0.0B07/SDK/sdk/lib\libgsdk.a(head.s.o)
_printf_common                                    c:/program files (x86)/gnu tools arm embedded/7 2018-q2-update/bin/../lib/gcc/arm-none-eabi/7.3.1/../../../../arm-none-eabi/lib/thumb/v7e-m/fpv4-sp/hard\libc_nano.a(lib_a-nano-vfprintf_i.o)
_printf_float                                     c:/program files (x86)/gnu tools arm embedded/7 2018-q2-update/bin/../lib/gcc/arm-none-eabi/7.3.1/../../../../arm-none-eabi/lib/thumb/v7e-m/fpv4-sp/hard\libc_nano.a(lib_a-nano-vfprintf.o)
_printf_i                                         c:/program files (x86)/gnu tools arm embedded/7 2018-q2-update/bin/../lib/gcc/arm-none-eabi/7.3.1/../../../../arm-none-eabi/lib/thumb/v7e-m/fpv4-sp/hard\libc_nano.a(lib_a-nano-vfprintf_i.o)
                                                  c:/program files (x86)/gnu tools arm embedded/7 2018-q2-update/bin/../lib/gcc/arm-none-eabi/7.3.1/../../../../arm-none-eabi/lib/thumb/v7e-m/fpv4-sp/hard\libc_nano.a(lib_a-nano-vfprintf.o)
_printf_r                                         c:/program files (x86)/gnu tools arm embedded/7 2018-q2-update/bin/../lib/gcc/arm-none-eabi/7.3.1/../../../../arm-none-eabi/lib/thumb/v7e-m/fpv4-sp/hard\libc_nano.a(lib_a-printf.o)
_puts_r                                           c:/program files (x86)/gnu tools arm embedded/7 2018-q2-update/bin/../lib/gcc/arm-none-eabi/7.3.1/../../../../arm-none-eabi/lib/thumb/v7e-m/fpv4-sp/hard\libc_nano.a(lib_a-puts.o)
_read                                             E:/01工作目录/WelinkOpen_RTOS_SDK/OC_ME3616G1AV0.0B07/SDK/sdk/lib\libgsdk.a(syscalls.c.o)
                                                  c:/program files (x86)/gnu tools arm embedded/7 2018-q2-update/bin/../lib/gcc/arm-none-eabi/7.3.1/../../../../arm-none-eabi/lib/thumb/v7e-m/fpv4-sp/hard\libc_nano.a(lib_a-readr.o)
_read_r                                           c:/program files (x86)/gnu tools arm embedded/7 2018-q2-update/bin/../lib/gcc/arm-none-eabi/7.3.1/../../../../arm-none-eabi/lib/thumb/v7e-m/fpv4-sp/hard\libc_nano.a(lib_a-readr.o)
                                                  c:/program files (x86)/gnu tools arm embedded/7 2018-q2-update/bin/../lib/gcc/arm-none-eabi/7.3.1/../../../../arm-none-eabi/lib/thumb/v7e-m/fpv4-sp/hard\libc_nano.a(lib_a-stdio.o)
_readlink                                         E:/01工作目录/WelinkOpen_RTOS_SDK/OC_ME3616G1AV0.0B07/SDK/sdk/lib\libgsdk.a(syscalls.c.o)
_realloc_r                                        c:/program files (x86)/gnu tools arm embedded/7 2018-q2-update/bin/../lib/gcc/arm-none-eabi/7.3.1/../../../../arm-none-eabi/lib/thumb/v7e-m/fpv4-sp/hard\libc_nano.a(lib_a-nano-reallocr.o)
                                                  c:/program files (x86)/gnu tools arm embedded/7 2018-q2-update/bin/../lib/gcc/arm-none-eabi/7.3.1/../../../../arm-none-eabi/lib/thumb/v7e-m/fpv4-sp/hard\libc_nano.a(lib_a-fvwrite.o)
_reclaim_reent                                    c:/program files (x86)/gnu tools arm embedded/7 2018-q2-update/bin/../lib/gcc/arm-none-eabi/7.3.1/../../../../arm-none-eabi/lib/thumb/v7e-m/fpv4-sp/hard\libc_nano.a(lib_a-reent.o)
_sbrk                                             E:/01工作目录/WelinkOpen_RTOS_SDK/OC_ME3616G1AV0.0B07/SDK/sdk/lib\libgsdk.a(syscalls.c.o)
                                                  c:/program files (x86)/gnu tools arm embedded/7 2018-q2-update/bin/../lib/gcc/arm-none-eabi/7.3.1/../../../../arm-none-eabi/lib/thumb/v7e-m/fpv4-sp/hard\libc_nano.a(lib_a-sbrkr.o)
_sbrk_r                                           c:/program files (x86)/gnu tools arm embedded/7 2018-q2-update/bin/../lib/gcc/arm-none-eabi/7.3.1/../../../../arm-none-eabi/lib/thumb/v7e-m/fpv4-sp/hard\libc_nano.a(lib_a-sbrkr.o)
                                                  c:/program files (x86)/gnu tools arm embedded/7 2018-q2-update/bin/../lib/gcc/arm-none-eabi/7.3.1/../../../../arm-none-eabi/lib/thumb/v7e-m/fpv4-sp/hard\libc_nano.a(lib_a-nano-mallocr.o)
_start                                            E:/01工作目录/WelinkOpen_RTOS_SDK/OC_ME3616G1AV0.0B07/SDK/sdk/lib\libgsdk.a(startup.c.o)
                                                  E:/01工作目录/WelinkOpen_RTOS_SDK/OC_ME3616G1AV0.0B07/SDK/sdk/lib\libgsdk.a(head.s.o)
_stat                                             E:/01工作目录/WelinkOpen_RTOS_SDK/OC_ME3616G1AV0.0B07/SDK/sdk/lib\libgsdk.a(syscalls.c.o)
_symlink                                          E:/01工作目录/WelinkOpen_RTOS_SDK/OC_ME3616G1AV0.0B07/SDK/sdk/lib\libgsdk.a(syscalls.c.o)
_times                                            E:/01工作目录/WelinkOpen_RTOS_SDK/OC_ME3616G1AV0.0B07/SDK/sdk/lib\libgsdk.a(syscalls.c.o)
_unlink                                           E:/01工作目录/WelinkOpen_RTOS_SDK/OC_ME3616G1AV0.0B07/SDK/sdk/lib\libgsdk.a(syscalls.c.o)
_vfiprintf_r                                      c:/program files (x86)/gnu tools arm embedded/7 2018-q2-update/bin/../lib/gcc/arm-none-eabi/7.3.1/../../../../arm-none-eabi/lib/thumb/v7e-m/fpv4-sp/hard\libc_nano.a(lib_a-nano-vfprintf.o)
_vfprintf_r                                       c:/program files (x86)/gnu tools arm embedded/7 2018-q2-update/bin/../lib/gcc/arm-none-eabi/7.3.1/../../../../arm-none-eabi/lib/thumb/v7e-m/fpv4-sp/hard\libc_nano.a(lib_a-nano-vfprintf.o)
                                                  c:/program files (x86)/gnu tools arm embedded/7 2018-q2-update/bin/../lib/gcc/arm-none-eabi/7.3.1/../../../../arm-none-eabi/lib/thumb/v7e-m/fpv4-sp/hard\libc_nano.a(lib_a-printf.o)
_wait                                             E:/01工作目录/WelinkOpen_RTOS_SDK/OC_ME3616G1AV0.0B07/SDK/sdk/lib\libgsdk.a(syscalls.c.o)
_write                                            E:/01工作目录/WelinkOpen_RTOS_SDK/OC_ME3616G1AV0.0B07/SDK/sdk/lib\libgsdk.a(syscalls.c.o)
                                                  c:/program files (x86)/gnu tools arm embedded/7 2018-q2-update/bin/../lib/gcc/arm-none-eabi/7.3.1/../../../../arm-none-eabi/lib/thumb/v7e-m/fpv4-sp/hard\libc_nano.a(lib_a-writer.o)
_write_r                                          c:/program files (x86)/gnu tools arm embedded/7 2018-q2-update/bin/../lib/gcc/arm-none-eabi/7.3.1/../../../../arm-none-eabi/lib/thumb/v7e-m/fpv4-sp/hard\libc_nano.a(lib_a-writer.o)
                                                  c:/program files (x86)/gnu tools arm embedded/7 2018-q2-update/bin/../lib/gcc/arm-none-eabi/7.3.1/../../../../arm-none-eabi/lib/thumb/v7e-m/fpv4-sp/hard\libc_nano.a(lib_a-stdio.o)
abort                                             E:/01工作目录/WelinkOpen_RTOS_SDK/OC_ME3616G1AV0.0B07/SDK/sdk/lib\libgsdk.a(syscalls.c.o)
cleanup_glue                                      c:/program files (x86)/gnu tools arm embedded/7 2018-q2-update/bin/../lib/gcc/arm-none-eabi/7.3.1/../../../../arm-none-eabi/lib/thumb/v7e-m/fpv4-sp/hard\libc_nano.a(lib_a-reent.o)
eTaskConfirmSleepModeStatus                       E:/01工作目录/WelinkOpen_RTOS_SDK/OC_ME3616G1AV0.0B07/SDK/sdk/lib\libgsdk.a(api_stub.s.o)
eTaskGetState                                     E:/01工作目录/WelinkOpen_RTOS_SDK/OC_ME3616G1AV0.0B07/SDK/sdk/lib\libgsdk.a(api_stub.s.o)
environ                                           E:/01工作目录/WelinkOpen_RTOS_SDK/OC_ME3616G1AV0.0B07/SDK/sdk/lib\libgsdk.a(syscalls.c.o)
errno                                             c:/program files (x86)/gnu tools arm embedded/7 2018-q2-update/bin/../lib/gcc/arm-none-eabi/7.3.1/../../../../arm-none-eabi/lib/thumb/v7e-m/fpv4-sp/hard\libc_nano.a(lib_a-reent.o)
                                                  c:/program files (x86)/gnu tools arm embedded/7 2018-q2-update/bin/../lib/gcc/arm-none-eabi/7.3.1/../../../../arm-none-eabi/lib/thumb/v7e-m/fpv4-sp/hard\libc_nano.a(lib_a-readr.o)
                                                  c:/program files (x86)/gnu tools arm embedded/7 2018-q2-update/bin/../lib/gcc/arm-none-eabi/7.3.1/../../../../arm-none-eabi/lib/thumb/v7e-m/fpv4-sp/hard\libc_nano.a(lib_a-lseekr.o)