Archive member included to satisfy reference by file (symbol)

E:/01工作目录/WelinkOpen_RTOS_SDK/OC_ME3616G1AV0.0B07/SDK/sdk/lib\libgsdk.a(at_tok.c.o)
                              obj/gsdk_ril_cmds.c.o (at_tok_start)
E:/01工作目录/WelinkOpen_RTOS_SDK/OC_ME3616G1AV0.0B07/SDK/sdk/lib\libgsdk.a(gsdk_ril.c.o)
                              obj/onenet.c.o (gsdk_at_register_unsolicited_handler)
E:/01工作目录/WelinkOpen_RTOS_SDK/OC_ME3616G1AV0.0B07/SDK/sdk/lib\libgsdk.a(head.s.o)
                              (Main_Entry)
E:/01工作目录/WelinkOpen_RTOS_SDK/OC_ME3616G1AV0.0B07/SDK/sdk/lib\libgsdk.a(api_stub.s.o)
                              obj/gsdk_ril_cmds.c.o (gsdk_log_printf)
E:/01工作目录/WelinkOpen_RTOS_SDK/OC_ME3616G1AV0.0B07/SDK/sdk/lib\libgsdk.a(startup.c.o)
                              E:/01工作目录/WelinkOpen_RTOS_SDK/OC_ME3616G1AV0.0B07/SDK/sdk/lib\libgsdk.a(head.s.o) (_start)
E:/01工作目录/WelinkOpen_RTOS_SDK/OC_ME3616G1AV0.0B07/SDK/sdk/lib\libgsdk.a(syscalls.c.o)
                              E:/01工作目录/WelinkOpen_RTOS_SDK/OC_ME3616G1AV0.0B07/SDK/sdk/lib\libgsdk.a(startup.c.o) (_exit)
E:/01工作目录/WelinkOpen_RTOS_SDK/OC_ME3616G1AV0.0B07/SDK/sdk/lib\libgsdk.a(at_channel.c.o)
                              E:/01工作目录/WelinkOpen_RTOS_SDK/OC_ME3616G1AV0.0B07/SDK/sdk/lib\libgsdk.a(gsdk_ril.c.o) (at_open)
E:/01工作目录/WelinkOpen_RTOS_SDK/OC_ME3616G1AV0.0B07/SDK/sdk/lib\libgsdk.a(freertos_stub.c.o)
                              E:/01工作目录/WelinkOpen_RTOS_SDK/OC_ME3616G1AV0.0B07/SDK/sdk/lib\libgsdk.a(at_channel.c.o) (xTaskCreate)
c:/program files (x86)/gnu tools arm embedded/7 2018-q2-update/bin/../lib/gcc/arm-none-eabi/7.3.1/../../../../arm-none-eabi/lib/thumb/v7e-m/fpv4-sp/hard\libc_nano.a(lib_a-atoi.o)
                              obj/onenet.c.o (atoi)
c:/program files (x86)/gnu tools arm embedded/7 2018-q2-update/bin/../lib/gcc/arm-none-eabi/7.3.1/../../../../arm-none-eabi/lib/thumb/v7e-m/fpv4-sp/hard\libc_nano.a(lib_a-errno.o)
                              E:/01工作目录/WelinkOpen_RTOS_SDK/OC_ME3616G1AV0.0B07/SDK/sdk/lib\libgsdk.a(syscalls.c.o) (__errno)
c:/program files (x86)/gnu tools arm embedded/7 2018-q2-update/bin/../lib/gcc/arm-none-eabi/7.3.1/../../../../arm-none-eabi/lib/thumb/v7e-m/fpv4-sp/hard\libc_nano.a(lib_a-impure.o)
                              c:/program files (x86)/gnu tools arm embedded/7 2018-q2-update/bin/../lib/gcc/arm-none-eabi/7.3.1/../../../../arm-none-eabi/lib/thumb/v7e-m/fpv4-sp/hard\libc_nano.a(lib_a-errno.o) (_impure_ptr)
c:/program files (x86)/gnu tools arm embedded/7 2018-q2-update/bin/../lib/gcc/arm-none-eabi/7.3.1/../../../../arm-none-eabi/lib/thumb/v7e-m/fpv4-sp/hard\libc_nano.a(lib_a-locale.o)
                              E:/01工作目录/WelinkOpen_RTOS_SDK/OC_ME3616G1AV0.0B07/SDK/sdk/lib\libgsdk.a(at_tok.c.o) (__locale_ctype_ptr)
c:/program files (x86)/gnu tools arm embedded/7 2018-q2-update/bin/../lib/gcc/arm-none-eabi/7.3.1/../../../../arm-none-eabi/lib/thumb/v7e-m/fpv4-sp/hard\libc_nano.a(lib_a-mbtowc_r.o)
                              c:/program files (x86)/gnu tools arm embedded/7 2018-q2-update/bin/../lib/gcc/arm-none-eabi/7.3.1/../../../../arm-none-eabi/lib/thumb/v7e-m/fpv4-sp/hard\libc_nano.a(lib_a-locale.o) (__ascii_mbtowc)
c:/program files (x86)/gnu tools arm embedded/7 2018-q2-update/bin/../lib/gcc/arm-none-eabi/7.3.1/../../../../arm-none-eabi/lib/thumb/v7e-m/fpv4-sp/hard\libc_nano.a(lib_a-memcpy-stub.o)
                              obj/onenet.c.o (memcpy)
c:/program files (x86)/gnu tools arm embedded/7 2018-q2-update/bin/../lib/gcc/arm-none-eabi/7.3.1/../../../../arm-none-eabi/lib/thumb/v7e-m/fpv4-sp/hard\libc_nano.a(lib_a-memmove.o)
                              E:/01工作目录/WelinkOpen_RTOS_SDK/OC_ME3616G1AV0.0B07/SDK/sdk/lib\libgsdk.a(at_channel.c.o) (memmove)
c:/program files (x86)/gnu tools arm embedded/7 2018-q2-update/bin/../lib/gcc/arm-none-eabi/7.3.1/../../../../arm-none-eabi/lib/thumb/v7e-m/fpv4-sp/hard\libc_nano.a(lib_a-memset.o)
                              obj/onenet.c.o (memset)
c:/program files (x86)/gnu tools arm embedded/7 2018-q2-update/bin/../lib/gcc/arm-none-eabi/7.3.1/../../../../arm-none-eabi/lib/thumb/v7e-m/fpv4-sp/hard\libc_nano.a(lib_a-printf.o)
                              obj/onenet.c.o (printf)
c:/program files (x86)/gnu tools arm embedded/7 2018-q2-update/bin/../lib/gcc/arm-none-eabi/7.3.1/../../../../arm-none-eabi/lib/thumb/v7e-m/fpv4-sp/hard\libc_nano.a(lib_a-puts.o)
                              obj/gsdk_ril_cmds.c.o (puts)
c:/program files (x86)/gnu tools arm embedded/7 2018-q2-update/bin/../lib/gcc/arm-none-eabi/7.3.1/../../../../arm-none-eabi/lib/thumb/v7e-m/fpv4-sp/hard\libc_nano.a(lib_a-snprintf.o)
                              obj/gsdk_ril_cmds.c.o (snprintf)
c:/program files (x86)/gnu tools arm embedded/7 2018-q2-update/bin/../lib/gcc/arm-none-eabi/7.3.1/../../../../arm-none-eabi/lib/thumb/v7e-m/fpv4-sp/hard\libc_nano.a(lib_a-sprintf.o)
                              obj/gsdk_ril_cmds.c.o (sprintf)
[...]
Memory Configuration

Name             Origin             Length             Attributes
FLASH            0x08277800         0x00020000         xr
RAM              0x10174000         0x00040000         rw
RETSRAM          0x04300700         0x00000080         rw
*default*        0x00000000         0xffffffff

Linker script and memory map

LOAD obj/onenet.c.o
LOAD obj/gsdk_ril_cmds.c.o
LOAD obj/heap_1.c.o
LOAD E:/01工作目录/WelinkOpen_RTOS_SDK/OC_ME3616G1AV0.0B07/SDK/sdk/lib\libgsdk.a
START GROUP
LOAD c:/program files (x86)/gnu tools arm embedded/7 2018-q2-update/bin/../lib/gcc/arm-none-eabi/7.3.1/thumb/v7e-m/fpv4-sp/hard\libgcc.a
LOAD c:/program files (x86)/gnu tools arm embedded/7 2018-q2-update/bin/../lib/gcc/arm-none-eabi/7.3.1/../../../../arm-none-eabi/lib/thumb/v7e-m/fpv4-sp/hard\libc_nano.a
END GROUP
START GROUP
LOAD c:/program files (x86)/gnu tools arm embedded/7 2018-q2-update/bin/../lib/gcc/arm-none-eabi/7.3.1/thumb/v7e-m/fpv4-sp/hard\libgcc.a
LOAD c:/program files (x86)/gnu tools arm embedded/7 2018-q2-update/bin/../lib/gcc/arm-none-eabi/7.3.1/../../../../arm-none-eabi/lib/thumb/v7e-m/fpv4-sp/hard\libc_nano.a
END GROUP
                0x00001000                _main_stack_size = 0x1000
                0x00001000                _callback_stack_size = 0x1000
                0x00000000                _main_task_priority = 0x0
                0x00000000                _callback_task_priority = 0x0
                0x00000001                _api_version = 0x1
                0xa5a5a5a5                _app_properties = 0xa5a5a5a5
                0x00000001                _app_version = 0x1
                0x5a5a5a5a                _app_id = 0x5a5a5a5a
                0x08277800                _load_address = ORIGIN (FLASH)
                0x00001000                _Minimum_Heap_Size = 0x1000
                0x10182690                PROVIDE (_Heap_Begin = _end_noinit)
                0x101b4000                PROVIDE (_Heap_Limit = (ORIGIN (RAM) + LENGTH (RAM)))

.preamble       0x08277800      0x100
                0x08277800                . = ALIGN (0x4)
 FILL mask 0xff
 *(.preamble .preamble.*)
 .preamble      0x08277800       0x50 E:/01工作目录/WelinkOpen_RTOS_SDK/OC_ME3616G1AV0.0B07/SDK/sdk/lib\libgsdk.a(head.s.o)
                0x08277900                . = ALIGN (0x100)
 *fill*         0x08277850       0xb0 ff
                0x08277900                _preamble_limit = .

.inits          0x08277900       0x14
                0x08277900                __data_regions_array_start = .
                0x08277900        0x4 LONG 0x827c470 LOADADDR (.data)
                0x08277904        0x4 LONG 0x10176004 ADDR (.data)
                0x08277908        0x4 LONG 0x101761ec (ADDR (.data) + SIZEOF (.data))
                0x0827790c                __data_regions_array_end = .
                0x0827790c                __bss_regions_array_start = .
                0x0827790c        0x4 LONG 0x101761ec ADDR (.bss)
                0x08277910        0x4 LONG 0x10182690 (ADDR (.bss) + SIZEOF (.bss))
                0x08277914                __bss_regions_array_end = .
 *(.init)
 *(.fini)
                0x08277914                . = ALIGN (0x4)
                0x08277914                PROVIDE (__preinit_array_start = .)
 *(.preinit_array_sysinit .preinit_array_sysinit.*)
 *(.preinit_array_platform .preinit_array_platform.*)
 *(.preinit_array .preinit_array.*)
                0x08277914                PROVIDE (__preinit_array_end = .)
                0x08277914                . = ALIGN (0x4)
                0x08277914                PROVIDE (__init_array_start = .)
 *(SORT_BY_NAME(.init_array.*))
 *(.init_array)
                0x08277914                PROVIDE (__init_array_end = .)
                0x08277914                . = ALIGN (0x4)
                0x08277914                PROVIDE (__fini_array_start = .)
 *(SORT_BY_NAME(.fini_array.*))
 *(.fini_array)
                0x08277914                PROVIDE (__fini_array_end = .)

.text           0x08277920     0x4b4f
 *(.text .text.*)
 .text.oemdebuglog_open
                0x08277920        0xc obj/onenet.c.o
                0x08277920                oemdebuglog_open
 .text.OEM_PRINTF
                0x0827792c       0x20 obj/onenet.c.o
                0x0827792c                OEM_PRINTF
 .text.onenet_unsolicited_func
                0x0827794c       0x3c obj/onenet.c.o
 .text.onenet_handle_func
                0x08277988       0x5c obj/onenet.c.o
 .text.__io_puts
                0x082779e4       0x28 obj/onenet.c.o
                0x082779e4                __io_puts
 .text.log_init
                0x08277a0c       0x48 obj/onenet.c.o
                0x08277a0c                log_init
 .text.gsdk_ril_init_func
                0x08277a54       0x24 obj/onenet.c.o
                0x08277a54                gsdk_ril_init_func
 .text.init_func
                0x08277a78       0x30 obj/onenet.c.o
                0x08277a78                init_func
 .text.create_instance_func
                0x08277aa8       0x68 obj/onenet.c.o
                0x08277aa8                create_instance_func
 .text.create_object_func
                0x08277b10       0x64 obj/onenet.c.o
                0x08277b10                create_object_func
 .text.register_onenet_func
                0x08277b74       0x40 obj/onenet.c.o
                0x08277b74                register_onenet_func
 .text.ip_wait_func
                0x08277bb4       0x78 obj/onenet.c.o
                0x08277bb4                ip_wait_func
 .text.capture_register_info_func
                0x08277c2c       0xa0 obj/onenet.c.o
                0x08277c2c                capture_register_info_func
 .text.observe_notify_func
                0x08277ccc      0x120 obj/onenet.c.o
                0x08277ccc                observe_notify_func
 .text.discover_func
                0x08277dec       0xc8 obj/onenet.c.o
                0x08277dec                discover_func
 .text.read_func
                0x08277eb4       0xc4 obj/onenet.c.o
                0x08277eb4                read_func
 .text.write_func
                0x08277f78       0xa0 obj/onenet.c.o
                0x08277f78                write_func
 .text.execute_func
                0x08278018       0xa0 obj/onenet.c.o
                0x08278018                execute_func
 .text.onenet_close_func
                0x082780b8       0x30 obj/onenet.c.o
                0x082780b8                onenet_close_func
 .text.main     0x082780e8       0x9c obj/onenet.c.o
                0x082780e8                main
 .text.gsdk_ril_get_pdp_context
                0x08278184      0x1c4 obj/gsdk_ril_cmds.c.o
                0x08278184                gsdk_ril_get_pdp_context
 .text.gsdk_ril_get_local_ipaddr
                0x08278348       0x30 obj/gsdk_ril_cmds.c.o
                0x08278348                gsdk_ril_get_local_ipaddr
 .text.gsdk_ril_create_onenet_instance
                0x08278378       0xb8 obj/gsdk_ril_cmds.c.o
                0x08278378                gsdk_ril_create_onenet_instance
 .text.gsdk_ril_create_onenet_object
                0x08278430       0x74 obj/gsdk_ril_cmds.c.o
                0x08278430                gsdk_ril_create_onenet_object
 .text.gsdk_ril_onenet_open
                0x082784a4       0x54 obj/gsdk_ril_cmds.c.o
                0x082784a4                gsdk_ril_onenet_open
 .text.gsdk_ril_onenet_close
                0x082784f8       0x50 obj/gsdk_ril_cmds.c.o
                0x082784f8                gsdk_ril_onenet_close
 .text.gsdk_ril_rsp_onenet_read
                0x08278548       0x90 obj/gsdk_ril_cmds.c.o
                0x08278548                gsdk_ril_rsp_onenet_read
 .text.gsdk_ril_rsp_onenet_write
                0x082785d8       0x58 obj/gsdk_ril_cmds.c.o
                0x082785d8                gsdk_ril_rsp_onenet_write
 .text.gsdk_ril_rsp_onenet_execute
                0x08278630       0x58 obj/gsdk_ril_cmds.c.o
                0x08278630                gsdk_ril_rsp_onenet_execute
 .text.gsdk_ril_rsp_onenet_observe
                0x08278688       0x58 obj/gsdk_ril_cmds.c.o
                0x08278688                gsdk_ril_rsp_onenet_observe
 .text.gsdk_ril_rsp_onenet_discover
                0x082786e0       0x6c obj/gsdk_ril_cmds.c.o
                0x082786e0                gsdk_ril_rsp_onenet_discover
 .text.gsdk_ril_notify_onenet
                0x0827874c       0x8c obj/gsdk_ril_cmds.c.o
                0x0827874c                gsdk_ril_notify_onenet
 .text.pvPortMalloc
                0x082787d8       0x60 obj/heap_1.c.o
                0x082787d8                pvPortMalloc
 .text.skipNextComma
                0x08278838       0x20 E:/01工作目录/WelinkOpen_RTOS_SDK/OC_ME3616G1AV0.0B07/SDK/sdk/lib\libgsdk.a(at_tok.c.o)
 .text.skipWhiteSpace
                0x08278858       0x28 E:/01工作目录/WelinkOpen_RTOS_SDK/OC_ME3616G1AV0.0B07/SDK/sdk/lib\libgsdk.a(at_tok.c.o)
 .text.nextTok  0x08278880       0x40 E:/01工作目录/WelinkOpen_RTOS_SDK/OC_ME3616G1AV0.0B07/SDK/sdk/lib\libgsdk.a(at_tok.c.o)
 .text.at_tok_nextint_base
                0x082788c0       0x4a E:/01工作目录/WelinkOpen_RTOS_SDK/OC_ME3616G1AV0.0B07/SDK/sdk/lib\libgsdk.a(at_tok.c.o)
 .text.at_tok_start
                0x0827890a       0x28 E:/01工作目录/WelinkOpen_RTOS_SDK/OC_ME3616G1AV0.0B07/SDK/sdk/lib\libgsdk.a(at_tok.c.o)
                0x0827890a                at_tok_start
 .text.at_tok_nextint
                0x08278932        0xc E:/01工作目录/WelinkOpen_RTOS_SDK/OC_ME3616G1AV0.0B07/SDK/sdk/lib\libgsdk.a(at_tok.c.o)
                0x08278932                at_tok_nextint
 .text.at_tok_nextstr
                0x0827893e       0x18 E:/01工作目录/WelinkOpen_RTOS_SDK/OC_ME3616G1AV0.0B07/SDK/sdk/lib\libgsdk.a(at_tok.c.o)
                0x0827893e                at_tok_nextstr
 .text.at_tok_hasmore
                0x08278956       0x14 E:/01工作目录/WelinkOpen_RTOS_SDK/OC_ME3616G1AV0.0B07/SDK/sdk/lib\libgsdk.a(at_tok.c.o)
                0x08278956                at_tok_hasmore
 .text.strStartsWith
                0x0827896a       0x20 E:/01工作目录/WelinkOpen_RTOS_SDK/OC_ME3616G1AV0.0B07/SDK/sdk/lib\libgsdk.a(gsdk_ril.c.o)
 *fill*         0x0827898a        0x2 
 .text.at_on_unsolicited
                0x0827898c       0x98 E:/01工作目录/WelinkOpen_RTOS_SDK/OC_ME3616G1AV0.0B07/SDK/sdk/lib\libgsdk.a(gsdk_ril.c.o)
 .text.at_port_write
                0x08278a24       0x28 E:/01工作目录/WelinkOpen_RTOS_SDK/OC_ME3616G1AV0.0B07/SDK/sdk/lib\libgsdk.a(gsdk_ril.c.o)
 .text.at_port_read
                0x08278a4c       0x24 E:/01工作目录/WelinkOpen_RTOS_SDK/OC_ME3616G1AV0.0B07/SDK/sdk/lib\libgsdk.a(gsdk_ril.c.o)
 .text.copy_final_response
                0x08278a70       0xb0 E:/01工作目录/WelinkOpen_RTOS_SDK/OC_ME3616G1AV0.0B07/SDK/sdk/lib\libgsdk.a(gsdk_ril.c.o)
 .text.gsdk_at_register_unsolicited_handler
                0x08278b20       0x58 E:/01工作目录/WelinkOpen_RTOS_SDK/OC_ME3616G1AV0.0B07/SDK/sdk/lib\libgsdk.a(gsdk_ril.c.o)
                0x08278b20                gsdk_at_register_unsolicited_handler
 .text.gsdk_ril_init
                0x08278b78      0x140 E:/01工作目录/WelinkOpen_RTOS_SDK/OC_ME3616G1AV0.0B07/SDK/sdk/lib\libgsdk.a(gsdk_ril.c.o)
                0x08278b78                gsdk_ril_init
 .text.gsdk_at_command
                0x08278cb8       0x74 E:/01工作目录/WelinkOpen_RTOS_SDK/OC_ME3616G1AV0.0B07/SDK/sdk/lib\libgsdk.a(gsdk_ril.c.o)
                0x08278cb8                gsdk_at_command
 .text.gsdk_at_command_singleline
                0x08278d2c       0x78 E:/01工作目录/WelinkOpen_RTOS_SDK/OC_ME3616G1AV0.0B07/SDK/sdk/lib\libgsdk.a(gsdk_ril.c.o)
                0x08278d2c                gsdk_at_command_singleline
 .text.Main_Entry
                0x08278da4       0x14 E:/01工作目录/WelinkOpen_RTOS_SDK/OC_ME3616G1AV0.0B07/SDK/sdk/lib\libgsdk.a(head.s.o)
                0x08278da4                Main_Entry
 .text.__asm_exit
                0x08278db8        0xc E:/01工作目录/WelinkOpen_RTOS_SDK/OC_ME3616G1AV0.0B07/SDK/sdk/lib\libgsdk.a(head.s.o)
                0x08278db8                __asm_exit
 .text.Default_Callback_Entry
                0x08278dc4        0x2 E:/01工作目录/WelinkOpen_RTOS_SDK/OC_ME3616G1AV0.0B07/SDK/sdk/lib\libgsdk.a(head.s.o)
                0x08278dc4                Callback_Entry
 *fill*         0x08278dc6        0x2 
 .text.gsdk_log_printf
                0x08278dc8        0x8 E:/01工作目录/WelinkOpen_RTOS_SDK/OC_ME3616G1AV0.0B07/SDK/sdk/lib\libgsdk.a(api_stub.s.o)
                0x08278dc8                gsdk_log_printf
 .text.gsdk_atport_write
                0x08278dd0        0x8 E:/01工作目录/WelinkOpen_RTOS_SDK/OC_ME3616G1AV0.0B07/SDK/sdk/lib\libgsdk.a(api_stub.s.o)
                0x08278dd0                gsdk_atport_write
 .text.vTaskSuspendAll
                0x08278dd8        0x8 E:/01工作目录/WelinkOpen_RTOS_SDK/OC_ME3616G1AV0.0B07/SDK/sdk/lib\libgsdk.a(api_stub.s.o)
                0x08278dd8                vTaskSuspendAll
 .text.gsdk_atport_status
                0x08278de0        0x8 E:/01工作目录/WelinkOpen_RTOS_SDK/OC_ME3616G1AV0.0B07/SDK/sdk/lib\libgsdk.a(api_stub.s.o)
                0x08278de0                gsdk_atport_status
 .text.gsdk_uart_write
                0x08278de8        0x8 E:/01工作目录/WelinkOpen_RTOS_SDK/OC_ME3616G1AV0.0B07/SDK/sdk/lib\libgsdk.a(api_stub.s.o)
                0x08278de8                gsdk_uart_write
 .text.xQueueGenericCreate
                0x08278df0        0x8 E:/01工作目录/WelinkOpen_RTOS_SDK/OC_ME3616G1AV0.0B07/SDK/sdk/lib\libgsdk.a(api_stub.s.o)
                0x08278df0                xQueueGenericCreate
 .text.print_hex_dump_bytes
                0x08278df8        0x8 E:/01工作目录/WelinkOpen_RTOS_SDK/OC_ME3616G1AV0.0B07/SDK/sdk/lib\libgsdk.a(api_stub.s.o)
                0x08278df8                print_hex_dump_bytes
 .text.xQueueGenericSend
                0x08278e00        0x8 E:/01工作目录/WelinkOpen_RTOS_SDK/OC_ME3616G1AV0.0B07/SDK/sdk/lib\libgsdk.a(api_stub.s.o)
                0x08278e00                xQueueGenericSend
 .text.gsdk_uart_open
                0x08278e08        0x8 E:/01工作目录/WelinkOpen_RTOS_SDK/OC_ME3616G1AV0.0B07/SDK/sdk/lib\libgsdk.a(api_stub.s.o)
                0x08278e08                gsdk_uart_open
 .text.xTaskResumeAll
                0x08278e10        0x8 E:/01工作目录/WelinkOpen_RTOS_SDK/OC_ME3616G1AV0.0B07/SDK/sdk/lib\libgsdk.a(api_stub.s.o)
                0x08278e10                xTaskResumeAll
 .text.gsdk_atport_open
                0x08278e18        0x8 E:/01工作目录/WelinkOpen_RTOS_SDK/OC_ME3616G1AV0.0B07/SDK/sdk/lib\libgsdk.a(api_stub.s.o)
                0x08278e18                gsdk_atport_open
 .text.gsdk_atport_read
                0x08278e20        0x8 E:/01工作目录/WelinkOpen_RTOS_SDK/OC_ME3616G1AV0.0B07/SDK/sdk/lib\libgsdk.a(api_stub.s.o)
                0x08278e20                gsdk_atport_read
 .text.xQueueGenericReceive
                0x08278e28        0x8 E:/01工作目录/WelinkOpen_RTOS_SDK/OC_ME3616G1AV0.0B07/SDK/sdk/lib\libgsdk.a(api_stub.s.o)
                0x08278e28                xQueueGenericReceive
 .text.vTaskDelay
                0x08278e30        0x8 E:/01工作目录/WelinkOpen_RTOS_SDK/OC_ME3616G1AV0.0B07/SDK/sdk/lib\libgsdk.a(api_stub.s.o)
                0x08278e30                vTaskDelay
 .text.gsdk_syslog_printf
                0x08278e38        0x8 E:/01工作目录/WelinkOpen_RTOS_SDK/OC_ME3616G1AV0.0B07/SDK/sdk/lib\libgsdk.a(api_stub.s.o)
                0x08278e38                gsdk_syslog_printf
 .text.xQueueCreateMutex
                0x08278e40        0x8 E:/01工作目录/WelinkOpen_RTOS_SDK/OC_ME3616G1AV0.0B07/SDK/sdk/lib\libgsdk.a(api_stub.s.o)
                0x08278e40                xQueueCreateMutex
 .text.xTaskGenericCreate
                0x08278e48        0x8 E:/01工作目录/WelinkOpen_RTOS_SDK/OC_ME3616G1AV0.0B07/SDK/sdk/lib\libgsdk.a(api_stub.s.o)
                0x08278e48                xTaskGenericCreate
 .text.__initialize_args
                0x08278e50       0x10 E:/01工作目录/WelinkOpen_RTOS_SDK/OC_ME3616G1AV0.0B07/SDK/sdk/lib\libgsdk.a(startup.c.o)
 .text._start   0x08278e60      0x134 E:/01工作目录/WelinkOpen_RTOS_SDK/OC_ME3616G1AV0.0B07/SDK/sdk/lib\libgsdk.a(startup.c.o)
                0x08278e60                _start
 .text._close   0x08278f94       0x10 E:/01工作目录/WelinkOpen_RTOS_SDK/OC_ME3616G1AV0.0B07/SDK/sdk/lib\libgsdk.a(syscalls.c.o)
                0x08278f94                _close
 .text._fstat   0x08278fa4       0x10 E:/01工作目录/WelinkOpen_RTOS_SDK/OC_ME3616G1AV0.0B07/SDK/sdk/lib\libgsdk.a(syscalls.c.o)
                0x08278fa4                _fstat
 .text._isatty  0x08278fb4        0xe E:/01工作目录/WelinkOpen_RTOS_SDK/OC_ME3616G1AV0.0B07/SDK/sdk/lib\libgsdk.a(syscalls.c.o)
                0x08278fb4                _isatty
 .text._lseek   0x08278fc2       0x10 E:/01工作目录/WelinkOpen_RTOS_SDK/OC_ME3616G1AV0.0B07/SDK/sdk/lib\libgsdk.a(syscalls.c.o)
                0x08278fc2                _lseek
 .text._read    0x08278fd2        0xc E:/01工作目录/WelinkOpen_RTOS_SDK/OC_ME3616G1AV0.0B07/SDK/sdk/lib\libgsdk.a(syscalls.c.o)
                0x08278fd2                _read
 .text._write   0x08278fde       0x10 E:/01工作目录/WelinkOpen_RTOS_SDK/OC_ME3616G1AV0.0B07/SDK/sdk/lib\libgsdk.a(syscalls.c.o)
                0x08278fde                _write
 .text._exit    0x08278fee        0x6 E:/01工作目录/WelinkOpen_RTOS_SDK/OC_ME3616G1AV0.0B07/SDK/sdk/lib\libgsdk.a(syscalls.c.o)
                0x08278fee                _exit
 .text._sbrk    0x08278ff4       0x44 E:/01工作目录/WelinkOpen_RTOS_SDK/OC_ME3616G1AV0.0B07/SDK/sdk/lib\libgsdk.a(syscalls.c.o)
                0x08278ff4                _sbrk
 .text.__malloc_lock
                0x08279038        0x8 E:/01工作目录/WelinkOpen_RTOS_SDK/OC_ME3616G1AV0.0B07/SDK/sdk/lib\libgsdk.a(syscalls.c.o)
                0x08279038                __malloc_lock
 .text.__malloc_unlock
                0x08279040        0x8 E:/01工作目录/WelinkOpen_RTOS_SDK/OC_ME3616G1AV0.0B07/SDK/sdk/lib\libgsdk.a(syscalls.c.o)
                0x08279040                __malloc_unlock
 .text.strStartsWith
                0x08279048       0x20 E:/01工作目录/WelinkOpen_RTOS_SDK/OC_ME3616G1AV0.0B07/SDK/sdk/lib\libgsdk.a(at_channel.c.o)
 .text.findIPDEOL
                0x08279068       0x2c E:/01工作目录/WelinkOpen_RTOS_SDK/OC_ME3616G1AV0.0B07/SDK/sdk/lib\libgsdk.a(at_channel.c.o)
 .text.findZIPRECVEOL
                0x08279094       0x38 E:/01工作目录/WelinkOpen_RTOS_SDK/OC_ME3616G1AV0.0B07/SDK/sdk/lib\libgsdk.a(at_channel.c.o)
 .text.findNextEOL
                0x082790cc       0x5e E:/01工作目录/WelinkOpen_RTOS_SDK/OC_ME3616G1AV0.0B07/SDK/sdk/lib\libgsdk.a(at_channel.c.o)
 *fill*         0x0827912a        0x2 
 .text.isFinalResponseError
                0x0827912c       0x28 E:/01工作目录/WelinkOpen_RTOS_SDK/OC_ME3616G1AV0.0B07/SDK/sdk/lib\libgsdk.a(at_channel.c.o)
 .text.isFinalResponseSuccess
                0x08279154       0x24 E:/01工作目录/WelinkOpen_RTOS_SDK/OC_ME3616G1AV0.0B07/SDK/sdk/lib\libgsdk.a(at_channel.c.o)
 .text.isSMSUnsolicited
                0x08279178       0x28 E:/01工作目录/WelinkOpen_RTOS_SDK/OC_ME3616G1AV0.0B07/SDK/sdk/lib\libgsdk.a(at_channel.c.o)
 .text.clearPendingCommand
                0x082791a0        0xc E:/01工作目录/WelinkOpen_RTOS_SDK/OC_ME3616G1AV0.0B07/SDK/sdk/lib\libgsdk.a(at_channel.c.o)
 .text.reverseIntermediates
                0x082791ac       0x18 E:/01工作目录/WelinkOpen_RTOS_SDK/OC_ME3616G1AV0.0B07/SDK/sdk/lib\libgsdk.a(at_channel.c.o)
 .text.atHandleToChannel
                0x082791c4       0x38 E:/01工作目录/WelinkOpen_RTOS_SDK/OC_ME3616G1AV0.0B07/SDK/sdk/lib\libgsdk.a(at_channel.c.o)
 .text.writeCtrlZ
                0x082791fc       0x8c E:/01工作目录/WelinkOpen_RTOS_SDK/OC_ME3616G1AV0.0B07/SDK/sdk/lib\libgsdk.a(at_channel.c.o)
 .text.writeline
                0x08279288       0x74 E:/01工作目录/WelinkOpen_RTOS_SDK/OC_ME3616G1AV0.0B07/SDK/sdk/lib\libgsdk.a(at_channel.c.o)
 .text.readline
                0x082792fc      0x118 E:/01工作目录/WelinkOpen_RTOS_SDK/OC_ME3616G1AV0.0B07/SDK/sdk/lib\libgsdk.a(at_channel.c.o)
 .text.readline_raw
                0x08279414       0xb8 E:/01工作目录/WelinkOpen_RTOS_SDK/OC_ME3616G1AV0.0B07/SDK/sdk/lib\libgsdk.a(at_channel.c.o)
 .text.onReaderClosed
                0x082794cc       0x40 E:/01工作目录/WelinkOpen_RTOS_SDK/OC_ME3616G1AV0.0B07/SDK/sdk/lib\libgsdk.a(at_channel.c.o)
 .text.at_send_command_full_nolock
                0x0827950c       0xd4 E:/01工作目录/WelinkOpen_RTOS_SDK/OC_ME3616G1AV0.0B07/SDK/sdk/lib\libgsdk.a(at_channel.c.o)
 .text.at_send_command_full
                0x082795e0       0x50 E:/01工作目录/WelinkOpen_RTOS_SDK/OC_ME3616G1AV0.0B07/SDK/sdk/lib\libgsdk.a(at_channel.c.o)
 .text.handleFinalResponse
                0x08279630       0x1e E:/01工作目录/WelinkOpen_RTOS_SDK/OC_ME3616G1AV0.0B07/SDK/sdk/lib\libgsdk.a(at_channel.c.o)
 *fill*         0x0827964e        0x2 
 .text.addIntermediate
                0x08279650       0x64 E:/01工作目录/WelinkOpen_RTOS_SDK/OC_ME3616G1AV0.0B07/SDK/sdk/lib\libgsdk.a(at_channel.c.o)
 .text.readRawDataUnsolicited
                0x082796b4       0x6c E:/01工作目录/WelinkOpen_RTOS_SDK/OC_ME3616G1AV0.0B07/SDK/sdk/lib\libgsdk.a(at_channel.c.o)
 .text.handleUnsolicited
                0x08279720       0xa2 E:/01工作目录/WelinkOpen_RTOS_SDK/OC_ME3616G1AV0.0B07/SDK/sdk/lib\libgsdk.a(at_channel.c.o)
 *fill*         0x082797c2        0x2 
 .text.processLine
                0x082797c4      0x188 E:/01工作目录/WelinkOpen_RTOS_SDK/OC_ME3616G1AV0.0B07/SDK/sdk/lib\libgsdk.a(at_channel.c.o)
 .text.readerLoop
                0x0827994c       0x1e E:/01工作目录/WelinkOpen_RTOS_SDK/OC_ME3616G1AV0.0B07/SDK/sdk/lib\libgsdk.a(at_channel.c.o)
 *fill*         0x0827996a        0x2 
 .text.at_open  0x0827996c      0x194 E:/01工作目录/WelinkOpen_RTOS_SDK/OC_ME3616G1AV0.0B07/SDK/sdk/lib\libgsdk.a(at_channel.c.o)
                0x0827996c                at_open
 .text.at_send_command
                0x08279b00       0x1c E:/01工作目录/WelinkOpen_RTOS_SDK/OC_ME3616G1AV0.0B07/SDK/sdk/lib\libgsdk.a(at_channel.c.o)
                0x08279b00                at_send_command
 .text.at_send_command_singleline
                0x08279b1c       0x3c E:/01工作目录/WelinkOpen_RTOS_SDK/OC_ME3616G1AV0.0B07/SDK/sdk/lib\libgsdk.a(at_channel.c.o)
                0x08279b1c                at_send_command_singleline
 .text.at_set_command_timeout
                0x08279b58       0x10 E:/01工作目录/WelinkOpen_RTOS_SDK/OC_ME3616G1AV0.0B07/SDK/sdk/lib\libgsdk.a(at_channel.c.o)
                0x08279b58                at_set_command_timeout
 .text.at_handshake
                0x08279b68       0x70 E:/01工作目录/WelinkOpen_RTOS_SDK/OC_ME3616G1AV0.0B07/SDK/sdk/lib\libgsdk.a(at_channel.c.o)
                0x08279b68                at_handshake
 .text.xTaskCreate
                0x08279bd8       0x64 E:/01工作目录/WelinkOpen_RTOS_SDK/OC_ME3616G1AV0.0B07/SDK/sdk/lib\libgsdk.a(freertos_stub.c.o)
                0x08279bd8                xTaskCreate
 .text.atoi     0x08279c3c        0x8 c:/program files (x86)/gnu tools arm embedded/7 2018-q2-update/bin/../lib/gcc/arm-none-eabi/7.3.1/../../../../arm-none-eabi/lib/thumb/v7e-m/fpv4-sp/hard\libc_nano.a(lib_a-atoi.o)
                0x08279c3c                atoi
 .text.__errno  0x08279c44        0xc c:/program files (x86)/gnu tools arm embedded/7 2018-q2-update/bin/../lib/gcc/arm-none-eabi/7.3.1/../../../../arm-none-eabi/lib/thumb/v7e-m/fpv4-sp/hard\libc_nano.a(lib_a-errno.o)
                0x08279c44                __errno
 .text.__locale_ctype_ptr_l
                0x08279c50        0x6 c:/program files (x86)/gnu tools arm embedded/7 2018-q2-update/bin/../lib/gcc/arm-none-eabi/7.3.1/../../../../arm-none-eabi/lib/thumb/v7e-m/fpv4-sp/hard\libc_nano.a(lib_a-locale.o)
                0x08279c50                __locale_ctype_ptr_l
 *fill*         0x08279c56        0x2 
 .text.__locale_ctype_ptr
                0x08279c58       0x1c c:/program files (x86)/gnu tools arm embedded/7 2018-q2-update/bin/../lib/gcc/arm-none-eabi/7.3.1/../../../../arm-none-eabi/lib/thumb/v7e-m/fpv4-sp/hard\libc_nano.a(lib_a-locale.o)
                0x08279c58                __locale_ctype_ptr
 .text.__ascii_mbtowc
                0x08279c74       0x24 c:/program files (x86)/gnu tools arm embedded/7 2018-q2-update/bin/../lib/gcc/arm-none-eabi/7.3.1/../../../../arm-none-eabi/lib/thumb/v7e-m/fpv4-sp/hard\libc_nano.a(lib_a-mbtowc_r.o)
                0x08279c74                __ascii_mbtowc
 .text.memcpy   0x08279c98       0x16 c:/program files (x86)/gnu tools arm embedded/7 2018-q2-update/bin/../lib/gcc/arm-none-eabi/7.3.1/../../../../arm-none-eabi/lib/thumb/v7e-m/fpv4-sp/hard\libc_nano.a(lib_a-memcpy-stub.o)
                0x08279c98                memcpy
 .text.memmove  0x08279cae       0x32 c:/program files (x86)/gnu tools arm embedded/7 2018-q2-update/bin/../lib/gcc/arm-none-eabi/7.3.1/../../../../arm-none-eabi/lib/thumb/v7e-m/fpv4-sp/hard\libc_nano.a(lib_a-memmove.o)
                0x08279cae                memmove
 .text.memset   0x08279ce0       0x10 c:/program files (x86)/gnu tools arm embedded/7 2018-q2-update/bin/../lib/gcc/arm-none-eabi/7.3.1/../../../../arm-none-eabi/lib/thumb/v7e-m/fpv4-sp/hard\libc_nano.a(lib_a-memset.o)
                0x08279ce0                memset
 .text.printf   0x08279cf0       0x30 c:/program files (x86)/gnu tools arm embedded/7 2018-q2-update/bin/../lib/gcc/arm-none-eabi/7.3.1/../../../../arm-none-eabi/lib/thumb/v7e-m/fpv4-sp/hard\libc_nano.a(lib_a-printf.o)
                0x08279cf0                iprintf
                0x08279cf0                printf
 .text.snprintf
                0x08279d20       0x68 c:/program files (x86)/gnu tools arm embedded/7 2018-q2-update/bin/../lib/gcc/arm-none-eabi/7.3.1/../../../../arm-none-eabi/lib/thumb/v7e-m/fpv4-sp/hard\libc_nano.a(lib_a-snprintf.o)
                0x08279d20                sniprintf
                0x08279d20                snprintf
 .text.sprintf  0x08279d88       0x40 c:/program files (x86)/gnu tools arm embedded/7 2018-q2-update/bin/../lib/gcc/arm-none-eabi/7.3.1/../../../../arm-none-eabi/lib/thumb/v7e-m/fpv4-sp/hard\libc_nano.a(lib_a-sprintf.o)
                0x08279d88                siprintf
                0x08279d88                sprintf
 .text.strchr   0x08279dc8       0x1a c:/program files (x86)/gnu tools arm embedded/7 2018-q2-update/bin/../lib/gcc/arm-none-eabi/7.3.1/../../../../arm-none-eabi/lib/thumb/v7e-m/fpv4-sp/hard\libc_nano.a(lib_a-strchr.o)
                0x08279dc8                strchr
 .text.strcpy   0x08279de2       0x10 c:/program files (x86)/gnu tools arm embedded/7 2018-q2-update/bin/../lib/gcc/arm-none-eabi/7.3.1/../../../../arm-none-eabi/lib/thumb/v7e-m/fpv4-sp/hard\libc_nano.a(lib_a-strcpy.o)
                0x08279de2                strcpy
 .text          0x08279df2       0x10 c:/program files (x86)/gnu tools arm embedded/7 2018-q2-update/bin/../lib/gcc/arm-none-eabi/7.3.1/../../../../arm-none-eabi/lib/thumb/v7e-m/fpv4-sp/hard\libc_nano.a(lib_a-strlen.o)
                0x08279df2                strlen
 .text.strncmp  0x08279e02       0x24 c:/program files (x86)/gnu tools arm embedded/7 2018-q2-update/bin/../lib/gcc/arm-none-eabi/7.3.1/../../../../arm-none-eabi/lib/thumb/v7e-m/fpv4-sp/hard\libc_nano.a(lib_a-strncmp.o)
                0x08279e02                strncmp
 .text.strncpy  0x08279e26       0x2a c:/program files (x86)/gnu tools arm embedded/7 2018-q2-update/bin/../lib/gcc/arm-none-eabi/7.3.1/../../../../arm-none-eabi/lib/thumb/v7e-m/fpv4-sp/hard\libc_nano.a(lib_a-strncpy.o)
                0x08279e26                strncpy
 .text.strsep   0x08279e50        0xa c:/program files (x86)/gnu tools arm embedded/7 2018-q2-update/bin/../lib/gcc/arm-none-eabi/7.3.1/../../../../arm-none-eabi/lib/thumb/v7e-m/fpv4-sp/hard\libc_nano.a(lib_a-strsep.o)
                0x08279e50                strsep
 *fill*         0x08279e5a        0x2 
 .text.strtok   0x08279e5c       0x54 c:/program files (x86)/gnu tools arm embedded/7 2018-q2-update/bin/../lib/gcc/arm-none-eabi/7.3.1/../../../../arm-none-eabi/lib/thumb/v7e-m/fpv4-sp/hard\libc_nano.a(lib_a-strtok.o)
                0x08279e5c                strtok
 .text.__strtok_r
                0x08279eb0       0x54 c:/program files (x86)/gnu tools arm embedded/7 2018-q2-update/bin/../lib/gcc/arm-none-eabi/7.3.1/../../../../arm-none-eabi/lib/thumb/v7e-m/fpv4-sp/hard\libc_nano.a(lib_a-strtok_r.o)
                0x08279eb0                __strtok_r
 .text._strtol_l.isra.0
                0x08279f04       0xf6 c:/program files (x86)/gnu tools arm embedded/7 2018-q2-update/bin/../lib/gcc/arm-none-eabi/7.3.1/../../../../arm-none-eabi/lib/thumb/v7e-m/fpv4-sp/hard\libc_nano.a(lib_a-strtol.o)
 *fill*         0x08279ffa        0x2 
 .text.strtol   0x08279ffc       0x2c c:/program files (x86)/gnu tools arm embedded/7 2018-q2-update/bin/../lib/gcc/arm-none-eabi/7.3.1/../../../../arm-none-eabi/lib/thumb/v7e-m/fpv4-sp/hard\libc_nano.a(lib_a-strtol.o)
                0x08279ffc                strtol
 .text._strtoul_l.isra.0
                0x0827a028       0xf4 c:/program files (x86)/gnu tools arm embedded/7 2018-q2-update/bin/../lib/gcc/arm-none-eabi/7.3.1/../../../../arm-none-eabi/lib/thumb/v7e-m/fpv4-sp/hard\libc_nano.a(lib_a-strtoul.o)
 .text.strtoul  0x0827a11c       0x2c c:/program files (x86)/gnu tools arm embedded/7 2018-q2-update/bin/../lib/gcc/arm-none-eabi/7.3.1/../../../../arm-none-eabi/lib/thumb/v7e-m/fpv4-sp/hard\libc_nano.a(lib_a-strtoul.o)
                0x0827a11c                strtoul
 .text.__swbuf_r
                0x0827a148       0xa4 c:/program files (x86)/gnu tools arm embedded/7 2018-q2-update/bin/../lib/gcc/arm-none-eabi/7.3.1/../../../../arm-none-eabi/lib/thumb/v7e-m/fpv4-sp/hard\libc_nano.a(lib_a-wbuf.o)
                0x0827a148                __swbuf_r
 .text.__ascii_wctomb
                0x0827a1ec       0x1a c:/program files (x86)/gnu tools arm embedded/7 2018-q2-update/bin/../lib/gcc/arm-none-eabi/7.3.1/../../../../arm-none-eabi/lib/thumb/v7e-m/fpv4-sp/hard\libc_nano.a(lib_a-wctomb_r.o)
                0x0827a1ec                __ascii_wctomb
 *fill*         0x0827a206        0x2 
 .text.__swsetup_r
                0x0827a208       0xdc c:/program files (x86)/gnu tools arm embedded/7 2018-q2-update/bin/../lib/gcc/arm-none-eabi/7.3.1/../../../../arm-none-eabi/lib/thumb/v7e-m/fpv4-sp/hard\libc_nano.a(lib_a-wsetup.o)
                0x0827a208                __swsetup_r
 .text.__sflush_r
                0x0827a2e4      0x10c c:/program files (x86)/gnu tools arm embedded/7 2018-q2-update/bin/../lib/gcc/arm-none-eabi/7.3.1/../../../../arm-none-eabi/lib/thumb/v7e-m/fpv4-sp/hard\libc_nano.a(lib_a-fflush.o)
                0x0827a2e4                __sflush_r
 .text._fflush_r
                0x0827a3f0       0x54 c:/program files (x86)/gnu tools arm embedded/7 2018-q2-update/bin/../lib/gcc/arm-none-eabi/7.3.1/../../../../arm-none-eabi/lib/thumb/v7e-m/fpv4-sp/hard\libc_nano.a(lib_a-fflush.o)
                0x0827a3f0                _fflush_r
 .text.std      0x0827a444       0x48 c:/program files (x86)/gnu tools arm embedded/7 2018-q2-update/bin/../lib/gcc/arm-none-eabi/7.3.1/../../../../arm-none-eabi/lib/thumb/v7e-m/fpv4-sp/hard\libc_nano.a(lib_a-findfp.o)
 .text._cleanup_r
                0x0827a48c        0xc c:/program files (x86)/gnu tools arm embedded/7 2018-q2-update/bin/../lib/gcc/arm-none-eabi/7.3.1/../../../../arm-none-eabi/lib/thumb/v7e-m/fpv4-sp/hard\libc_nano.a(lib_a-findfp.o)
                0x0827a48c                _cleanup_r
 .text.__sfmoreglue
                0x0827a498       0x2c c:/program files (x86)/gnu tools arm embedded/7 2018-q2-update/bin/../lib/gcc/arm-none-eabi/7.3.1/../../../../arm-none-eabi/lib/thumb/v7e-m/fpv4-sp/hard\libc_nano.a(lib_a-findfp.o)
                0x0827a498                __sfmoreglue
 .text.__sinit  0x0827a4c4       0x60 c:/program files (x86)/gnu tools arm embedded/7 2018-q2-update/bin/../lib/gcc/arm-none-eabi/7.3.1/../../../../arm-none-eabi/lib/thumb/v7e-m/fpv4-sp/hard\libc_nano.a(lib_a-findfp.o)
                0x0827a4c4                __sinit
 .text.__sfp    0x0827a524       0x78 c:/program files (x86)/gnu tools arm embedded/7 2018-q2-update/bin/../lib/gcc/arm-none-eabi/7.3.1/../../../../arm-none-eabi/lib/thumb/v7e-m/fpv4-sp/hard\libc_nano.a(lib_a-findfp.o)
                0x0827a524                __sfp
 .text._fwalk_reent
                0x0827a59c       0x3c c:/program files (x86)/gnu tools arm embedded/7 2018-q2-update/bin/../lib/gcc/arm-none-eabi/7.3.1/../../../../arm-none-eabi/lib/thumb/v7e-m/fpv4-sp/hard\libc_nano.a(lib_a-fwalk.o)
                0x0827a59c                _fwalk_reent
 .text.__swhatbuf_r
                0x0827a5d8       0x48 c:/program files (x86)/gnu tools arm embedded/7 2018-q2-update/bin/../lib/gcc/arm-none-eabi/7.3.1/../../../../arm-none-eabi/lib/thumb/v7e-m/fpv4-sp/hard\libc_nano.a(lib_a-makebuf.o)
                0x0827a5d8                __swhatbuf_r
 .text.__smakebuf_r
                0x0827a620       0x80 c:/program files (x86)/gnu tools arm embedded/7 2018-q2-update/bin/../lib/gcc/arm-none-eabi/7.3.1/../../../../arm-none-eabi/lib/thumb/v7e-m/fpv4-sp/hard\libc_nano.a(lib_a-makebuf.o)
                0x0827a620                __smakebuf_r
 .text.malloc   0x0827a6a0       0x10 c:/program files (x86)/gnu tools arm embedded/7 2018-q2-update/bin/../lib/gcc/arm-none-eabi/7.3.1/../../../../arm-none-eabi/lib/thumb/v7e-m/fpv4-sp/hard\libc_nano.a(lib_a-malloc.o)
                0x0827a6a0                malloc
 .text._free_r  0x0827a6b0       0x9c c:/program files (x86)/gnu tools arm embedded/7 2018-q2-update/bin/../lib/gcc/arm-none-eabi/7.3.1/../../../../arm-none-eabi/lib/thumb/v7e-m/fpv4-sp/hard\libc_nano.a(lib_a-nano-freer.o)
                0x0827a6b0                _free_r
 .text._malloc_r
                0x0827a74c       0xb4 c:/program files (x86)/gnu tools arm embedded/7 2018-q2-update/bin/../lib/gcc/arm-none-eabi/7.3.1/../../../../arm-none-eabi/lib/thumb/v7e-m/fpv4-sp/hard\libc_nano.a(lib_a-nano-mallocr.o)
                0x0827a74c                _malloc_r
 .text.__ssputs_r
                0x0827a800       0xb4 c:/program files (x86)/gnu tools arm embedded/7 2018-q2-update/bin/../lib/gcc/arm-none-eabi/7.3.1/../../../../arm-none-eabi/lib/thumb/v7e-m/fpv4-sp/hard\libc_nano.a(lib_a-nano-svfprintf.o)
                0x0827a800                __ssputs_r
 .text._svfprintf_r
                0x0827a8b4      0x1f0 c:/program files (x86)/gnu tools arm embedded/7 2018-q2-update/bin/../lib/gcc/arm-none-eabi/7.3.1/../../../../arm-none-eabi/lib/thumb/v7e-m/fpv4-sp/hard\libc_nano.a(lib_a-nano-svfprintf.o)
                0x0827a8b4                _svfiprintf_r
                0x0827a8b4                _svfprintf_r
 .text.__sfputc_r
                0x0827aaa4       0x2e c:/program files (x86)/gnu tools arm embedded/7 2018-q2-update/bin/../lib/gcc/arm-none-eabi/7.3.1/../../../../arm-none-eabi/lib/thumb/v7e-m/fpv4-sp/hard\libc_nano.a(lib_a-nano-vfprintf.o)
 .text.__sfputs_r
                0x0827aad2       0x24 c:/program files (x86)/gnu tools arm embedded/7 2018-q2-update/bin/../lib/gcc/arm-none-eabi/7.3.1/../../../../arm-none-eabi/lib/thumb/v7e-m/fpv4-sp/hard\libc_nano.a(lib_a-nano-vfprintf.o)
                0x0827aad2                __sfputs_r
 *fill*         0x0827aaf6        0x2 
 .text._vfprintf_r
                0x0827aaf8      0x22c c:/program files (x86)/gnu tools arm embedded/7 2018-q2-update/bin/../lib/gcc/arm-none-eabi/7.3.1/../../../../arm-none-eabi/lib/thumb/v7e-m/fpv4-sp/hard\libc_nano.a(lib_a-nano-vfprintf.o)
                0x0827aaf8                _vfprintf_r
                0x0827aaf8                _vfiprintf_r
 .text._printf_common
                0x0827ad24       0xea c:/program files (x86)/gnu tools arm embedded/7 2018-q2-update/bin/../lib/gcc/arm-none-eabi/7.3.1/../../../../arm-none-eabi/lib/thumb/v7e-m/fpv4-sp/hard\libc_nano.a(lib_a-nano-vfprintf_i.o)
                0x0827ad24                _printf_common
 *fill*         0x0827ae0e        0x2 
 .text._printf_i
                0x0827ae10      0x224 c:/program files (x86)/gnu tools arm embedded/7 2018-q2-update/bin/../lib/gcc/arm-none-eabi/7.3.1/../../../../arm-none-eabi/lib/thumb/v7e-m/fpv4-sp/hard\libc_nano.a(lib_a-nano-vfprintf_i.o)
                0x0827ae10                _printf_i
 .text._sbrk_r  0x0827b034       0x20 c:/program files (x86)/gnu tools arm embedded/7 2018-q2-update/bin/../lib/gcc/arm-none-eabi/7.3.1/../../../../arm-none-eabi/lib/thumb/v7e-m/fpv4-sp/hard\libc_nano.a(lib_a-sbrkr.o)
                0x0827b034                _sbrk_r
 .text.__sread  0x0827b054       0x22 c:/program files (x86)/gnu tools arm embedded/7 2018-q2-update/bin/../lib/gcc/arm-none-eabi/7.3.1/../../../../arm-none-eabi/lib/thumb/v7e-m/fpv4-sp/hard\libc_nano.a(lib_a-stdio.o)
                0x0827b054                __sread
 .text.__swrite
                0x0827b076       0x38 c:/program files (x86)/gnu tools arm embedded/7 2018-q2-update/bin/../lib/gcc/arm-none-eabi/7.3.1/../../../../arm-none-eabi/lib/thumb/v7e-m/fpv4-sp/hard\libc_nano.a(lib_a-stdio.o)
                0x0827b076                __swrite
 .text.__sseek  0x0827b0ae       0x24 c:/program files (x86)/gnu tools arm embedded/7 2018-q2-update/bin/../lib/gcc/arm-none-eabi/7.3.1/../../../../arm-none-eabi/lib/thumb/v7e-m/fpv4-sp/hard\libc_nano.a(lib_a-stdio.o)
                0x0827b0ae                __sseek
 .text.__sclose
                0x0827b0d2        0x8 c:/program files (x86)/gnu tools arm embedded/7 2018-q2-update/bin/../lib/gcc/arm-none-eabi/7.3.1/../../../../arm-none-eabi/lib/thumb/v7e-m/fpv4-sp/hard\libc_nano.a(lib_a-stdio.o)
                0x0827b0d2                __sclose
 *fill*         0x0827b0da        0x2 
 .text._write_r
                0x0827b0dc       0x24 c:/program files (x86)/gnu tools arm embedded/7 2018-q2-update/bin/../lib/gcc/arm-none-eabi/7.3.1/../../../../arm-none-eabi/lib/thumb/v7e-m/fpv4-sp/hard\libc_nano.a(lib_a-writer.o)
                0x0827b0dc                _write_r
 .text._close_r
                0x0827b100       0x20 c:/program files (x86)/gnu tools arm embedded/7 2018-q2-update/bin/../lib/gcc/arm-none-eabi/7.3.1/../../../../arm-none-eabi/lib/thumb/v7e-m/fpv4-sp/hard\libc_nano.a(lib_a-closer.o)
                0x0827b100                _close_r
 .text._fstat_r
                0x0827b120       0x24 c:/program files (x86)/gnu tools arm embedded/7 2018-q2-update/bin/../lib/gcc/arm-none-eabi/7.3.1/../../../../arm-none-eabi/lib/thumb/v7e-m/fpv4-sp/hard\libc_nano.a(lib_a-fstatr.o)
                0x0827b120                _fstat_r
 .text._isatty_r
                0x0827b144       0x20 c:/program files (x86)/gnu tools arm embedded/7 2018-q2-update/bin/../lib/gcc/arm-none-eabi/7.3.1/../../../../arm-none-eabi/lib/thumb/v7e-m/fpv4-sp/hard\libc_nano.a(lib_a-isattyr.o)
                0x0827b144                _isatty_r
 .text._lseek_r
                0x0827b164       0x24 c:/program files (x86)/gnu tools arm embedded/7 2018-q2-update/bin/../lib/gcc/arm-none-eabi/7.3.1/../../../../arm-none-eabi/lib/thumb/v7e-m/fpv4-sp/hard\libc_nano.a(lib_a-lseekr.o)
                0x0827b164                _lseek_r
 *fill*         0x0827b188        0x8 
 .text          0x0827b190       0xa0 c:/program files (x86)/gnu tools arm embedded/7 2018-q2-update/bin/../lib/gcc/arm-none-eabi/7.3.1/../../../../arm-none-eabi/lib/thumb/v7e-m/fpv4-sp/hard\libc_nano.a(lib_a-memchr.o)
                0x0827b190                memchr
 .text._realloc_r
                0x0827b230       0x4c c:/program files (x86)/gnu tools arm embedded/7 2018-q2-update/bin/../lib/gcc/arm-none-eabi/7.3.1/../../../../arm-none-eabi/lib/thumb/v7e-m/fpv4-sp/hard\libc_nano.a(lib_a-nano-reallocr.o)
                0x0827b230                _realloc_r
 .text._read_r  0x0827b27c       0x24 c:/program files (x86)/gnu tools arm embedded/7 2018-q2-update/bin/../lib/gcc/arm-none-eabi/7.3.1/../../../../arm-none-eabi/lib/thumb/v7e-m/fpv4-sp/hard\libc_nano.a(lib_a-readr.o)
                0x0827b27c                _read_r
 .text._malloc_usable_size_r
                0x0827b2a0       0x10 c:/program files (x86)/gnu tools arm embedded/7 2018-q2-update/bin/../lib/gcc/arm-none-eabi/7.3.1/../../../../arm-none-eabi/lib/thumb/v7e-m/fpv4-sp/hard\libc_nano.a(lib_a-nano-msizer.o)
                0x0827b2a0                _malloc_usable_size_r
 *(.rodata .rodata.* .constdata .constdata.*)
 .rodata        0x0827b2b0      0x480 obj/onenet.c.o
 .rodata.capture_register_info_func.str1.4
                0x0827b730       0x2e obj/onenet.c.o
                                 0x36 (size before relaxing)
 *fill*         0x0827b75e        0x2 
 .rodata.create_instance_func.str1.4
                0x0827b760       0x46 obj/onenet.c.o
 *fill*         0x0827b7a6        0x2 
 .rodata.create_object_func.str1.4
                0x0827b7a8       0x54 obj/onenet.c.o
 .rodata.discover_func.str1.4
                0x0827b7fc       0x2c obj/onenet.c.o
 .rodata.execute_func.str1.4
                0x0827b828       0x2b obj/onenet.c.o
 *fill*         0x0827b853        0x1 
 .rodata.gsdk_ril_init_func.str1.4
                0x0827b854       0x25 obj/onenet.c.o
 *fill*         0x0827b879        0x3 
 .rodata.init_func.str1.4
                0x0827b87c       0x41 obj/onenet.c.o
 *fill*         0x0827b8bd        0x3 
 .rodata.ip_wait_func.str1.4
                0x0827b8c0       0x61 obj/onenet.c.o
 *fill*         0x0827b921        0x3 
 .rodata.log_init.str1.4
                0x0827b924       0x1f obj/onenet.c.o
 *fill*         0x0827b943        0x1 
 .rodata.main.str1.4
                0x0827b944       0x55 obj/onenet.c.o
 *fill*         0x0827b999        0x3 
 .rodata.observe_notify_func.str1.4
                0x0827b99c       0x46 obj/onenet.c.o
 *fill*         0x0827b9e2        0x2 
 .rodata.onenet_close_func.str1.4
                0x0827b9e4       0x53 obj/onenet.c.o
 *fill*         0x0827ba37        0x1 
 .rodata.onenet_handle_func.str1.4
                0x0827ba38       0x4b obj/onenet.c.o
 *fill*         0x0827ba83        0x1 
 .rodata.onenet_unsolicited_func.str1.4
                0x0827ba84       0x36 obj/onenet.c.o
 *fill*         0x0827baba        0x2 
 .rodata.read_func.str1.4
                0x0827babc       0x24 obj/onenet.c.o
 .rodata.register_onenet_func.str1.4
                0x0827bae0       0x56 obj/onenet.c.o
 *fill*         0x0827bb36        0x2 
 .rodata.write_func.str1.4
                0x0827bb38       0x25 obj/onenet.c.o
 *fill*         0x0827bb5d        0x3 
 .rodata.gsdk_ril_create_onenet_instance.str1.4
                0x0827bb60       0x41 obj/gsdk_ril_cmds.c.o
 *fill*         0x0827bba1        0x3 
 .rodata.gsdk_ril_create_onenet_object.str1.4
                0x0827bba4       0x24 obj/gsdk_ril_cmds.c.o
 .rodata.gsdk_ril_get_pdp_context.str1.4
                0x0827bbc8       0x20 obj/gsdk_ril_cmds.c.o
 .rodata.gsdk_ril_notify_onenet.str1.4
                0x0827bbe8       0x2e obj/gsdk_ril_cmds.c.o
 *fill*         0x0827bc16        0x2 
 .rodata.gsdk_ril_onenet_close.str1.4
                0x0827bc18       0x12 obj/gsdk_ril_cmds.c.o
 *fill*         0x0827bc2a        0x2 
 .rodata.gsdk_ril_onenet_open.str1.4
                0x0827bc2c       0x14 obj/gsdk_ril_cmds.c.o
 .rodata.gsdk_ril_rsp_onenet_discover.str1.4
                0x0827bc40       0x26 obj/gsdk_ril_cmds.c.o
 *fill*         0x0827bc66        0x2 
 .rodata.gsdk_ril_rsp_onenet_execute.str1.4
                0x0827bc68       0x1d obj/gsdk_ril_cmds.c.o
 *fill*         0x0827bc85        0x3 
 .rodata.gsdk_ril_rsp_onenet_observe.str1.4
                0x0827bc88       0x1d obj/gsdk_ril_cmds.c.o
 *fill*         0x0827bca5        0x3 
 .rodata.gsdk_ril_rsp_onenet_read.str1.4
                0x0827bca8       0x32 obj/gsdk_ril_cmds.c.o
 *fill*         0x0827bcda        0x2 
 .rodata.gsdk_ril_rsp_onenet_write.str1.4
                0x0827bcdc       0x1b obj/gsdk_ril_cmds.c.o
 *fill*         0x0827bcf7        0x1 
 .rodata.nextTok.str1.4
                0x0827bcf8        0x2 E:/01工作目录/WelinkOpen_RTOS_SDK/OC_ME3616G1AV0.0B07/SDK/sdk/lib\libgsdk.a(at_tok.c.o)
                                  0x6 (size before relaxing)
 *fill*         0x0827bcfa        0x2 
 .rodata.__func__.8774
                0x0827bcfc       0x12 E:/01工作目录/WelinkOpen_RTOS_SDK/OC_ME3616G1AV0.0B07/SDK/sdk/lib\libgsdk.a(gsdk_ril.c.o)
 *fill*         0x0827bd0e        0x2 
 .rodata.__func__.8797
                0x0827bd10        0xe E:/01工作目录/WelinkOpen_RTOS_SDK/OC_ME3616G1AV0.0B07/SDK/sdk/lib\libgsdk.a(gsdk_ril.c.o)
 *fill*         0x0827bd1e        0x2 
 .rodata.__func__.8812
                0x0827bd20       0x14 E:/01工作目录/WelinkOpen_RTOS_SDK/OC_ME3616G1AV0.0B07/SDK/sdk/lib\libgsdk.a(gsdk_ril.c.o)
 .rodata.at_on_unsolicited.str1.4
                0x0827bd34        0x7 E:/01工作目录/WelinkOpen_RTOS_SDK/OC_ME3616G1AV0.0B07/SDK/sdk/lib\libgsdk.a(gsdk_ril.c.o)
 *fill*         0x0827bd3b        0x1 
 .rodata.at_port_read.str1.4
                0x0827bd3c        0x9 E:/01工作目录/WelinkOpen_RTOS_SDK/OC_ME3616G1AV0.0B07/SDK/sdk/lib\libgsdk.a(gsdk_ril.c.o)
 *fill*         0x0827bd45        0x3 
 .rodata.at_port_write.str1.4
                0x0827bd48        0x9 E:/01工作目录/WelinkOpen_RTOS_SDK/OC_ME3616G1AV0.0B07/SDK/sdk/lib\libgsdk.a(gsdk_ril.c.o)
 *fill*         0x0827bd51        0x3 
 .rodata.copy_final_response.str1.4
                0x0827bd54       0x44 E:/01工作目录/WelinkOpen_RTOS_SDK/OC_ME3616G1AV0.0B07/SDK/sdk/lib\libgsdk.a(gsdk_ril.c.o)
 .rodata.gsdk_ril_init.str1.4
                0x0827bd98      0x114 E:/01工作目录/WelinkOpen_RTOS_SDK/OC_ME3616G1AV0.0B07/SDK/sdk/lib\libgsdk.a(gsdk_ril.c.o)
 .rodata._default_gpio_init_table
                0x0827beac       0x10 E:/01工作目录/WelinkOpen_RTOS_SDK/OC_ME3616G1AV0.0B07/SDK/sdk/lib\libgsdk.a(head.s.o)
                0x0827beac                _headware_init_table
 .rodata.__func__.8417
                0x0827bebc       0x12 E:/01工作目录/WelinkOpen_RTOS_SDK/OC_ME3616G1AV0.0B07/SDK/sdk/lib\libgsdk.a(at_channel.c.o)
 *fill*         0x0827bece        0x2 
 .rodata.__func__.8528
                0x0827bed0        0x8 E:/01工作目录/WelinkOpen_RTOS_SDK/OC_ME3616G1AV0.0B07/SDK/sdk/lib\libgsdk.a(at_channel.c.o)
 .rodata.addIntermediate.str1.4
                0x0827bed8       0x48 E:/01工作目录/WelinkOpen_RTOS_SDK/OC_ME3616G1AV0.0B07/SDK/sdk/lib\libgsdk.a(at_channel.c.o)
 .rodata.atHandleToChannel.str1.4
                0x0827bf20       0x9a E:/01工作目录/WelinkOpen_RTOS_SDK/OC_ME3616G1AV0.0B07/SDK/sdk/lib\libgsdk.a(at_channel.c.o)
 *fill*         0x0827bfba        0x2 
 .rodata.at_get_cme_error.str1.4
                0x0827bfbc        0xc E:/01工作目录/WelinkOpen_RTOS_SDK/OC_ME3616G1AV0.0B07/SDK/sdk/lib\libgsdk.a(at_channel.c.o)
 .rodata.at_handshake.str1.4
                0x0827bfc8       0x39 E:/01工作目录/WelinkOpen_RTOS_SDK/OC_ME3616G1AV0.0B07/SDK/sdk/lib\libgsdk.a(at_channel.c.o)
 *fill*         0x0827c001        0x3 
 .rodata.at_open.str1.4
                0x0827c004      0x106 E:/01工作目录/WelinkOpen_RTOS_SDK/OC_ME3616G1AV0.0B07/SDK/sdk/lib\libgsdk.a(at_channel.c.o)
 *fill*         0x0827c10a        0x2 
 .rodata.at_send_command_full_nolock.str1.4
                0x0827c10c       0x19 E:/01工作目录/WelinkOpen_RTOS_SDK/OC_ME3616G1AV0.0B07/SDK/sdk/lib\libgsdk.a(at_channel.c.o)
 *fill*         0x0827c125        0x3 
 .rodata.isFinalResponseSuccess.str1.4
                0x0827c128        0x3 E:/01工作目录/WelinkOpen_RTOS_SDK/OC_ME3616G1AV0.0B07/SDK/sdk/lib\libgsdk.a(at_channel.c.o)
 *fill*         0x0827c12b        0x1 
 .rodata.prefix.8358
                0x0827c12c        0x6 E:/01工作目录/WelinkOpen_RTOS_SDK/OC_ME3616G1AV0.0B07/SDK/sdk/lib\libgsdk.a(at_channel.c.o)
 *fill*         0x0827c132        0x2 
 .rodata.prefix.8366
                0x0827c134        0xa E:/01工作目录/WelinkOpen_RTOS_SDK/OC_ME3616G1AV0.0B07/SDK/sdk/lib\libgsdk.a(at_channel.c.o)
 *fill*         0x0827c13e        0x2 
 .rodata.processLine.str1.4
                0x0827c140       0x27 E:/01工作目录/WelinkOpen_RTOS_SDK/OC_ME3616G1AV0.0B07/SDK/sdk/lib\libgsdk.a(at_channel.c.o)
 *fill*         0x0827c167        0x1 
 .rodata.readRawDataUnsolicited.str1.4
                0x0827c168       0x12 E:/01工作目录/WelinkOpen_RTOS_SDK/OC_ME3616G1AV0.0B07/SDK/sdk/lib\libgsdk.a(at_channel.c.o)
 *fill*         0x0827c17a        0x2 
 .rodata.readline.str1.4
                0x0827c17c       0x89 E:/01工作目录/WelinkOpen_RTOS_SDK/OC_ME3616G1AV0.0B07/SDK/sdk/lib\libgsdk.a(at_channel.c.o)
 *fill*         0x0827c205        0x3 
 .rodata.s_finalResponsesError
                0x0827c208       0x18 E:/01工作目录/WelinkOpen_RTOS_SDK/OC_ME3616G1AV0.0B07/SDK/sdk/lib\libgsdk.a(at_channel.c.o)
 .rodata.s_smsUnsoliciteds
                0x0827c220       0x14 E:/01工作目录/WelinkOpen_RTOS_SDK/OC_ME3616G1AV0.0B07/SDK/sdk/lib\libgsdk.a(at_channel.c.o)
 .rodata.str1.4
                0x0827c234       0x60 E:/01工作目录/WelinkOpen_RTOS_SDK/OC_ME3616G1AV0.0B07/SDK/sdk/lib\libgsdk.a(at_channel.c.o)
 .rodata.writeCtrlZ.str1.4
                0x0827c294       0x26 E:/01工作目录/WelinkOpen_RTOS_SDK/OC_ME3616G1AV0.0B07/SDK/sdk/lib\libgsdk.a(at_channel.c.o)
 *fill*         0x0827c2ba        0x2 
 .rodata.writeline.str1.4
                0x0827c2bc       0x10 E:/01工作目录/WelinkOpen_RTOS_SDK/OC_ME3616G1AV0.0B07/SDK/sdk/lib\libgsdk.a(at_channel.c.o)
                                 0x13 (size before relaxing)
 .rodata._global_impure_ptr
                0x0827c2cc        0x4 c:/program files (x86)/gnu tools arm embedded/7 2018-q2-update/bin/../lib/gcc/arm-none-eabi/7.3.1/../../../../arm-none-eabi/lib/thumb/v7e-m/fpv4-sp/hard\libc_nano.a(lib_a-impure.o)
                0x0827c2cc                _global_impure_ptr
 .rodata._setlocale_r.str1.1
                0x0827c2d0        0x8 c:/program files (x86)/gnu tools arm embedded/7 2018-q2-update/bin/../lib/gcc/arm-none-eabi/7.3.1/../../../../arm-none-eabi/lib/thumb/v7e-m/fpv4-sp/hard\libc_nano.a(lib_a-locale.o)
                                  0x9 (size before relaxing)
 .rodata.str1.1
                0x0827c2d8        0x2 c:/program files (x86)/gnu tools arm embedded/7 2018-q2-update/bin/../lib/gcc/arm-none-eabi/7.3.1/../../../../arm-none-eabi/lib/thumb/v7e-m/fpv4-sp/hard\libc_nano.a(lib_a-locale.o)
 .rodata._ctype_
                0x0827c2da      0x101 c:/program files (x86)/gnu tools arm embedded/7 2018-q2-update/bin/../lib/gcc/arm-none-eabi/7.3.1/../../../../arm-none-eabi/lib/thumb/v7e-m/fpv4-sp/hard\libc_nano.a(lib_a-ctype_.o)
                0x0827c2da                _ctype_
 *fill*         0x0827c3db        0x1 
 .rodata.__sf_fake_stderr
                0x0827c3dc       0x20 c:/program files (x86)/gnu tools arm embedded/7 2018-q2-update/bin/../lib/gcc/arm-none-eabi/7.3.1/../../../../arm-none-eabi/lib/thumb/v7e-m/fpv4-sp/hard\libc_nano.a(lib_a-findfp.o)
                0x0827c3dc                __sf_fake_stderr
 .rodata.__sf_fake_stdin
                0x0827c3fc       0x20 c:/program files (x86)/gnu tools arm embedded/7 2018-q2-update/bin/../lib/gcc/arm-none-eabi/7.3.1/../../../../arm-none-eabi/lib/thumb/v7e-m/fpv4-sp/hard\libc_nano.a(lib_a-findfp.o)
                0x0827c3fc                __sf_fake_stdin
 .rodata.__sf_fake_stdout
                0x0827c41c       0x20 c:/program files (x86)/gnu tools arm embedded/7 2018-q2-update/bin/../lib/gcc/arm-none-eabi/7.3.1/../../../../arm-none-eabi/lib/thumb/v7e-m/fpv4-sp/hard\libc_nano.a(lib_a-findfp.o)
                0x0827c41c                __sf_fake_stdout
 .rodata._svfprintf_r.str1.1
                0x0827c43c       0x11 c:/program files (x86)/gnu tools arm embedded/7 2018-q2-update/bin/../lib/gcc/arm-none-eabi/7.3.1/../../../../arm-none-eabi/lib/thumb/v7e-m/fpv4-sp/hard\libc_nano.a(lib_a-nano-svfprintf.o)
 .rodata._vfprintf_r.str1.1
                0x0827c44d       0x11 c:/program files (x86)/gnu tools arm embedded/7 2018-q2-update/bin/../lib/gcc/arm-none-eabi/7.3.1/../../../../arm-none-eabi/lib/thumb/v7e-m/fpv4-sp/hard\libc_nano.a(lib_a-nano-vfprintf.o)
 .rodata._printf_i.str1.1
                0x0827c44d       0x22 c:/program files (x86)/gnu tools arm embedded/7 2018-q2-update/bin/../lib/gcc/arm-none-eabi/7.3.1/../../../../arm-none-eabi/lib/thumb/v7e-m/fpv4-sp/hard\libc_nano.a(lib_a-nano-vfprintf_i.o)
 *(vtable)
 *(.eh_frame*)
 *(.glue_7)
 .glue_7        0x0827c46f        0x0 linker stubs
 *(.glue_7t)
 .glue_7t       0x0827c46f        0x0 linker stubs

.vfp11_veneer   0x0827c470        0x0
 .vfp11_veneer  0x0827c470        0x0 linker stubs

.v4_bx          0x0827c470        0x0
 .v4_bx         0x0827c470        0x0 linker stubs

.iplt           0x0827c470        0x0
 .iplt          0x0827c470        0x0 obj/onenet.c.o

.rel.dyn        0x0827c470        0x0
 .rel.iplt      0x0827c470        0x0 obj/onenet.c.o

.ARM.extab
 *(.ARM.extab* .gnu.linkonce.armextab.*)
                0x0827c470                . = ALIGN (0x4)
                0x0827c470                __exidx_start = .

.ARM.exidx
 *(.ARM.exidx* .gnu.linkonce.armexidx.*)
                0x0827c470                __exidx_end = .
                0x0827c470                . = ALIGN (0x4)
                0x0827c470                _etext = .
                0x0827c470                __etext = .

.stacks         0x10174000     0x2000
                0x10174000                . = ALIGN (0x8)
                0x10174000                _main_stack_base = .
                0x10175000                . = (. + _main_stack_size)
 *fill*         0x10174000     0x1000 
                0x10175000                . = ALIGN (0x8)
                0x10175000                _callback_stack_base = .
                0x10176000                . = (. + _callback_stack_size)
 *fill*         0x10175000     0x1000 

.init_data      0x10176000        0x4
                0x10176000                . = ALIGN (0x4)
 *(.init_data .init_data.*)
 .init_data._exit_stack_pointer
                0x10176000        0x4 E:/01工作目录/WelinkOpen_RTOS_SDK/OC_ME3616G1AV0.0B07/SDK/sdk/lib\libgsdk.a(head.s.o)
                0x0827c470                _sidata = LOADADDR (.data)

.data           0x10176004      0x1e8 load address 0x0827c470
 FILL mask 0xff
                0x10176004                __data_start__ = .
 *(.data_begin .data_begin.*)
 .data_begin    0x10176004        0x4 E:/01工作目录/WelinkOpen_RTOS_SDK/OC_ME3616G1AV0.0B07/SDK/sdk/lib\libgsdk.a(startup.c.o)
 *(.data .data.*)
 .data.oem_debuglog
                0x10176008        0x4 obj/onenet.c.o
                0x10176008                oem_debuglog
 .data.ret      0x1017600c        0x4 obj/onenet.c.o
                0x1017600c                ret
 .data.argv.5618
                0x10176010        0x8 E:/01工作目录/WelinkOpen_RTOS_SDK/OC_ME3616G1AV0.0B07/SDK/sdk/lib\libgsdk.a(startup.c.o)
 .data._impure_ptr
                0x10176018        0x4 c:/program files (x86)/gnu tools arm embedded/7 2018-q2-update/bin/../lib/gcc/arm-none-eabi/7.3.1/../../../../arm-none-eabi/lib/thumb/v7e-m/fpv4-sp/hard\libc_nano.a(lib_a-impure.o)
                0x10176018                _impure_ptr
 .data.impure_data
                0x1017601c       0x60 c:/program files (x86)/gnu tools arm embedded/7 2018-q2-update/bin/../lib/gcc/arm-none-eabi/7.3.1/../../../../arm-none-eabi/lib/thumb/v7e-m/fpv4-sp/hard\libc_nano.a(lib_a-impure.o)
 .data.__global_locale
                0x1017607c      0x16c c:/program files (x86)/gnu tools arm embedded/7 2018-q2-update/bin/../lib/gcc/arm-none-eabi/7.3.1/../../../../arm-none-eabi/lib/thumb/v7e-m/fpv4-sp/hard\libc_nano.a(lib_a-locale.o)
                0x1017607c                __global_locale
 *(.data_end .data_end.*)
 .data_end      0x101761e8        0x4 E:/01工作目录/WelinkOpen_RTOS_SDK/OC_ME3616G1AV0.0B07/SDK/sdk/lib\libgsdk.a(startup.c.o)
                0x101761ec                . = ALIGN (0x4)
                0x101761ec                __data_end__ = .

.igot.plt       0x101761ec        0x0 load address 0x0827c658
 .igot.plt      0x101761ec        0x0 obj/onenet.c.o

.bss            0x101761ec     0xc4a4 load address 0x0827c658
                0x101761ec                __bss_start__ = .
 *(.bss_begin .bss_begin.*)
 .bss_begin     0x101761ec        0x4 E:/01工作目录/WelinkOpen_RTOS_SDK/OC_ME3616G1AV0.0B07/SDK/sdk/lib\libgsdk.a(startup.c.o)
 *(.bss .bss.*)
 .bss.count     0x101761f0        0x4 obj/onenet.c.o
                0x101761f0                count
 .bss.flag      0x101761f4        0x4 obj/onenet.c.o
                0x101761f4                flag
 .bss.g_handler
                0x101761f8       0x10 obj/onenet.c.o
 .bss.g_huart   0x10176208        0x4 obj/onenet.c.o
 .bss.i         0x1017620c        0x4 obj/onenet.c.o
                0x1017620c                i
 .bss.index1    0x10176210        0x4 obj/onenet.c.o
                0x10176210                index1
 .bss.instance  0x10176214        0x4 obj/onenet.c.o
                0x10176214                instance
 .bss.ip_buf    0x10176218       0x40 obj/onenet.c.o
                0x10176218                ip_buf
 .bss.lifetime  0x10176258        0x4 obj/onenet.c.o
                0x10176258                lifetime
 .bss.status    0x1017625c        0x1 obj/onenet.c.o
                0x1017625c                status
 *fill*         0x1017625d        0x3 
 .bss.unsolicited_buf
                0x10176260      0x400 obj/onenet.c.o
 .bss.pucAlignedHeap.7149
                0x10176660        0x4 obj/heap_1.c.o
 .bss.ucHeap    0x10176664     0xc000 obj/heap_1.c.o
 .bss.xNextFreeByte
                0x10182664        0x4 obj/heap_1.c.o
 .bss.g_at_command_mutex
                0x10182668        0x4 E:/01工作目录/WelinkOpen_RTOS_SDK/OC_ME3616G1AV0.0B07/SDK/sdk/lib\libgsdk.a(gsdk_ril.c.o)
 .bss.g_at_handle
                0x1018266c        0x4 E:/01工作目录/WelinkOpen_RTOS_SDK/OC_ME3616G1AV0.0B07/SDK/sdk/lib\libgsdk.a(gsdk_ril.c.o)
 .bss.g_unsolicited_handler_list_head
                0x10182670        0x4 E:/01工作目录/WelinkOpen_RTOS_SDK/OC_ME3616G1AV0.0B07/SDK/sdk/lib\libgsdk.a(gsdk_ril.c.o)
 .bss.g_unsolicited_handler_list_mutex
                0x10182674        0x4 E:/01工作目录/WelinkOpen_RTOS_SDK/OC_ME3616G1AV0.0B07/SDK/sdk/lib\libgsdk.a(gsdk_ril.c.o)
 .bss.name.5617
                0x10182678        0x1 E:/01工作目录/WelinkOpen_RTOS_SDK/OC_ME3616G1AV0.0B07/SDK/sdk/lib\libgsdk.a(startup.c.o)
 *fill*         0x10182679        0x3 
 .bss.current_heap_end.7662
                0x1018267c        0x4 E:/01工作目录/WelinkOpen_RTOS_SDK/OC_ME3616G1AV0.0B07/SDK/sdk/lib\libgsdk.a(syscalls.c.o)
 .bss.__malloc_free_list
                0x10182680        0x4 c:/program files (x86)/gnu tools arm embedded/7 2018-q2-update/bin/../lib/gcc/arm-none-eabi/7.3.1/../../../../arm-none-eabi/lib/thumb/v7e-m/fpv4-sp/hard\libc_nano.a(lib_a-nano-mallocr.o)
                0x10182680                __malloc_free_list
 .bss.__malloc_sbrk_start
                0x10182684        0x4 c:/program files (x86)/gnu tools arm embedded/7 2018-q2-update/bin/../lib/gcc/arm-none-eabi/7.3.1/../../../../arm-none-eabi/lib/thumb/v7e-m/fpv4-sp/hard\libc_nano.a(lib_a-nano-mallocr.o)
                0x10182684                __malloc_sbrk_start
 *(COMMON)
 COMMON         0x10182688        0x4 c:/program files (x86)/gnu tools arm embedded/7 2018-q2-update/bin/../lib/gcc/arm-none-eabi/7.3.1/../../../../arm-none-eabi/lib/thumb/v7e-m/fpv4-sp/hard\libc_nano.a(lib_a-reent.o)
                0x10182688                errno
 *(.bss_end .bss_end.*)
 .bss_end       0x1018268c        0x4 E:/01工作目录/WelinkOpen_RTOS_SDK/OC_ME3616G1AV0.0B07/SDK/sdk/lib\libgsdk.a(startup.c.o)
                0x10182690                . = ALIGN (0x4)
                0x10182690                __bss_end__ = .

.noinit         0x10182690        0x0 load address 0x0827c658
                0x10182690                _noinit = .
 *(.noinit .noinit.*)
                0x10182690                . = ALIGN (0x4)
                0x10182690                _end_noinit = .
                [!provide]                PROVIDE (end = _end_noinit)
                [!provide]                PROVIDE (_end = _end_noinit)
                [!provide]                PROVIDE (__end = _end_noinit)
                [!provide]                PROVIDE (__end__ = _end_noinit)
                0x00000001                ASSERT ((_Minimum_Heap_Size <= (_end_noinit - ORIGIN (RAM))), RAM expired)

.retsram_data   0x04300700        0x0
                0x04300700                . = ALIGN (0x4)
                0x04300700                _retsram_start = .
 *(.retsram_data)
                0x04300700                . = ALIGN (0x4)
                0x04300700                _retsram_limit = .

.end            0x0827c658        0x0
                0x0827c658                . = ALIGN (0x4)
                0x0827c658                _app_limit = .

.stab
 *(.stab)

.stabstr
 *(.stabstr)

.stab.excl
 *(.stab.excl)

.stab.exclstr
 *(.stab.exclstr)

.stab.index
 *(.stab.index)

.stab.indexstr
 *(.stab.indexstr)

.comment        0x00000000       0x7f
 *(.comment)
 .comment       0x00000000       0x7f obj/onenet.c.o
                                 0x80 (size before relaxing)
 .comment       0x0000007f       0x80 obj/gsdk_ril_cmds.c.o
 .comment       0x0000007f       0x80 obj/heap_1.c.o
 .comment       0x0000007f       0x80 E:/01工作目录/WelinkOpen_RTOS_SDK/OC_ME3616G1AV0.0B07/SDK/sdk/lib\libgsdk.a(at_tok.c.o)
 .comment       0x0000007f       0x80 E:/01工作目录/WelinkOpen_RTOS_SDK/OC_ME3616G1AV0.0B07/SDK/sdk/lib\libgsdk.a(gsdk_ril.c.o)
 .comment       0x0000007f       0x80 E:/01工作目录/WelinkOpen_RTOS_SDK/OC_ME3616G1AV0.0B07/SDK/sdk/lib\libgsdk.a(startup.c.o)
 .comment       0x0000007f       0x80 E:/01工作目录/WelinkOpen_RTOS_SDK/OC_ME3616G1AV0.0B07/SDK/sdk/lib\libgsdk.a(syscalls.c.o)
 .comment       0x0000007f       0x80 E:/01工作目录/WelinkOpen_RTOS_SDK/OC_ME3616G1AV0.0B07/SDK/sdk/lib\libgsdk.a(at_channel.c.o)
 .comment       0x0000007f       0x80 E:/01工作目录/WelinkOpen_RTOS_SDK/OC_ME3616G1AV0.0B07/SDK/sdk/lib\libgsdk.a(freertos_stub.c.o)

.ARM.attributes
                0x00000000       0x37
 .ARM.attributes
                0x00000000       0x39 obj/onenet.c.o
 .ARM.attributes
                0x00000039       0x39 obj/gsdk_ril_cmds.c.o
 .ARM.attributes
                0x00000072       0x39 obj/heap_1.c.o
 .ARM.attributes
                0x000000ab       0x39 E:/01工作目录/WelinkOpen_RTOS_SDK/OC_ME3616G1AV0.0B07/SDK/sdk/lib\libgsdk.a(at_tok.c.o)
 .ARM.attributes
                0x000000e4       0x39 E:/01工作目录/WelinkOpen_RTOS_SDK/OC_ME3616G1AV0.0B07/SDK/sdk/lib\libgsdk.a(gsdk_ril.c.o)
 .ARM.attributes
                0x0000011d       0x21 E:/01工作目录/WelinkOpen_RTOS_SDK/OC_ME3616G1AV0.0B07/SDK/sdk/lib\libgsdk.a(head.s.o)
 .ARM.attributes
                0x0000013e       0x21 E:/01工作目录/WelinkOpen_RTOS_SDK/OC_ME3616G1AV0.0B07/SDK/sdk/lib\libgsdk.a(api_stub.s.o)
 .ARM.attributes
                0x0000015f       0x39 E:/01工作目录/WelinkOpen_RTOS_SDK/OC_ME3616G1AV0.0B07/SDK/sdk/lib\libgsdk.a(startup.c.o)
 .ARM.attributes
                0x00000198       0x39 E:/01工作目录/WelinkOpen_RTOS_SDK/OC_ME3616G1AV0.0B07/SDK/sdk/lib\libgsdk.a(syscalls.c.o)
 .ARM.attributes
                0x000001d1       0x39 E:/01工作目录/WelinkOpen_RTOS_SDK/OC_ME3616G1AV0.0B07/SDK/sdk/lib\libgsdk.a(at_channel.c.o)
 .ARM.attributes
                0x0000020a       0x39 E:/01工作目录/WelinkOpen_RTOS_SDK/OC_ME3616G1AV0.0B07/SDK/sdk/lib\libgsdk.a(freertos_stub.c.o)
 .ARM.attributes
                0x00000243       0x34 c:/program files (x86)/gnu tools arm embedded/7 2018-q2-update/bin/../lib/gcc/arm-none-eabi/7.3.1/../../../../arm-none-eabi/lib/thumb/v7e-m/fpv4-sp/hard\libc_nano.a(lib_a-atoi.o)
 .ARM.attributes
                0x00000277       0x34 c:/program files (x86)/gnu tools arm embedded/7 2018-q2-update/bin/../lib/gcc/arm-none-eabi/7.3.1/../../../../arm-none-eabi/lib/thumb/v7e-m/fpv4-sp/hard\libc_nano.a(lib_a-errno.o)
 .ARM.attributes
                0x000002ab       0x34 c:/program files (x86)/gnu tools arm embedded/7 2018-q2-update/bin/../lib/gcc/arm-none-eabi/7.3.1/../../../../arm-none-eabi/lib/thumb/v7e-m/fpv4-sp/hard\libc_nano.a(lib_a-impure.o)
 .ARM.attributes
                0x000002df       0x34 c:/program files (x86)/gnu tools arm embedded/7 2018-q2-update/bin/../lib/gcc/arm-none-eabi/7.3.1/../../../../arm-none-eabi/lib/thumb/v7e-m/fpv4-sp/hard\libc_nano.a(lib_a-locale.o)
 .ARM.attributes
                0x00000313       0x34 c:/program files (x86)/gnu tools arm embedded/7 2018-q2-update/bin/../lib/gcc/arm-none-eabi/7.3.1/../../../../arm-none-eabi/lib/thumb/v7e-m/fpv4-sp/hard\libc_nano.a(lib_a-mbtowc_r.o)
 .ARM.attributes
                0x00000347       0x34 c:/program files (x86)/gnu tools arm embedded/7 2018-q2-update/bin/../lib/gcc/arm-none-eabi/7.3.1/../../../../arm-none-eabi/lib/thumb/v7e-m/fpv4-sp/hard\libc_nano.a(lib_a-memcpy-stub.o)
 .ARM.attributes
                0x0000037b       0x34 c:/program files (x86)/gnu tools arm embedded/7 2018-q2-update/bin/../lib/gcc/arm-none-eabi/7.3.1/../../../../arm-none-eabi/lib/thumb/v7e-m/fpv4-sp/hard\libc_nano.a(lib_a-memmove.o)
 .ARM.attributes
                0x000003af       0x34 c:/program files (x86)/gnu tools arm embedded/7 2018-q2-update/bin/../lib/gcc/arm-none-eabi/7.3.1/../../../../arm-none-eabi/lib/thumb/v7e-m/fpv4-sp/hard\libc_nano.a(lib_a-memset.o)
 .ARM.attributes
                0x000003e3       0x34 c:/program files (x86)/gnu tools arm embedded/7 2018-q2-update/bin/../lib/gcc/arm-none-eabi/7.3.1/../../../../arm-none-eabi/lib/thumb/v7e-m/fpv4-sp/hard\libc_nano.a(lib_a-printf.o)
 .ARM.attributes
                0x00000417       0x34 c:/program files (x86)/gnu tools arm embedded/7 2018-q2-update/bin/../lib/gcc/arm-none-eabi/7.3.1/../../../../arm-none-eabi/lib/thumb/v7e-m/fpv4-sp/hard\libc_nano.a(lib_a-snprintf.o)
 .ARM.attributes
                0x0000044b       0x34 c:/program files (x86)/gnu tools arm embedded/7 2018-q2-update/bin/../lib/gcc/arm-none-eabi/7.3.1/../../../../arm-none-eabi/lib/thumb/v7e-m/fpv4-sp/hard\libc_nano.a(lib_a-sprintf.o)
 .ARM.attributes
                0x0000047f       0x34 c:/program files (x86)/gnu tools arm embedded/7 2018-q2-update/bin/../lib/gcc/arm-none-eabi/7.3.1/../../../../arm-none-eabi/lib/thumb/v7e-m/fpv4-sp/hard\libc_nano.a(lib_a-strchr.o)
 .ARM.attributes
                0x000004b3       0x34 c:/program files (x86)/gnu tools arm embedded/7 2018-q2-update/bin/../lib/gcc/arm-none-eabi/7.3.1/../../../../arm-none-eabi/lib/thumb/v7e-m/fpv4-sp/hard\libc_nano.a(lib_a-strcpy.o)
 .ARM.attributes
                0x000004e7       0x1b c:/program files (x86)/gnu tools arm embedded/7 2018-q2-update/bin/../lib/gcc/arm-none-eabi/7.3.1/../../../../arm-none-eabi/lib/thumb/v7e-m/fpv4-sp/hard\libc_nano.a(lib_a-strlen.o)
 .ARM.attributes
                0x00000502       0x34 c:/program files (x86)/gnu tools arm embedded/7 2018-q2-update/bin/../lib/gcc/arm-none-eabi/7.3.1/../../../../arm-none-eabi/lib/thumb/v7e-m/fpv4-sp/hard\libc_nano.a(lib_a-strncmp.o)
 .ARM.attributes
                0x00000536       0x34 c:/program files (x86)/gnu tools arm embedded/7 2018-q2-update/bin/../lib/gcc/arm-none-eabi/7.3.1/../../../../arm-none-eabi/lib/thumb/v7e-m/fpv4-sp/hard\libc_nano.a(lib_a-strncpy.o)
 .ARM.attributes
                0x0000056a       0x34 c:/program files (x86)/gnu tools arm embedded/7 2018-q2-update/bin/../lib/gcc/arm-none-eabi/7.3.1/../../../../arm-none-eabi/lib/thumb/v7e-m/fpv4-sp/hard\libc_nano.a(lib_a-strsep.o)
 .ARM.attributes
                0x0000059e       0x34 c:/program files (x86)/gnu tools arm embedded/7 2018-q2-update/bin/../lib/gcc/arm-none-eabi/7.3.1/../../../../arm-none-eabi/lib/thumb/v7e-m/fpv4-sp/hard\libc_nano.a(lib_a-strtok.o)
 .ARM.attributes
                0x000005d2       0x34 c:/program files (x86)/gnu tools arm embedded/7 2018-q2-update/bin/../lib/gcc/arm-none-eabi/7.3.1/../../../../arm-none-eabi/lib/thumb/v7e-m/fpv4-sp/hard\libc_nano.a(lib_a-strtok_r.o)
 .ARM.attributes
                0x00000606       0x34 c:/program files (x86)/gnu tools arm embedded/7 2018-q2-update/bin/../lib/gcc/arm-none-eabi/7.3.1/../../../../arm-none-eabi/lib/thumb/v7e-m/fpv4-sp/hard\libc_nano.a(lib_a-strtol.o)
 .ARM.attributes
                0x0000063a       0x34 c:/program files (x86)/gnu tools arm embedded/7 2018-q2-update/bin/../lib/gcc/arm-none-eabi/7.3.1/../../../../arm-none-eabi/lib/thumb/v7e-m/fpv4-sp/hard\libc_nano.a(lib_a-strtoul.o)
 .ARM.attributes
                0x0000066e       0x34 c:/program files (x86)/gnu tools arm embedded/7 2018-q2-update/bin/../lib/gcc/arm-none-eabi/7.3.1/../../../../arm-none-eabi/lib/thumb/v7e-m/fpv4-sp/hard\libc_nano.a(lib_a-wbuf.o)
 .ARM.attributes
                0x000006a2       0x34 c:/program files (x86)/gnu tools arm embedded/7 2018-q2-update/bin/../lib/gcc/arm-none-eabi/7.3.1/../../../../arm-none-eabi/lib/thumb/v7e-m/fpv4-sp/hard\libc_nano.a(lib_a-wctomb_r.o)
 .ARM.attributes
                0x000006d6       0x34 c:/program files (x86)/gnu tools arm embedded/7 2018-q2-update/bin/../lib/gcc/arm-none-eabi/7.3.1/../../../../arm-none-eabi/lib/thumb/v7e-m/fpv4-sp/hard\libc_nano.a(lib_a-wsetup.o)
 .ARM.attributes
                0x0000070a       0x34 c:/program files (x86)/gnu tools arm embedded/7 2018-q2-update/bin/../lib/gcc/arm-none-eabi/7.3.1/../../../../arm-none-eabi/lib/thumb/v7e-m/fpv4-sp/hard\libc_nano.a(lib_a-ctype_.o)
 .ARM.attributes
                0x0000073e       0x34 c:/program files (x86)/gnu tools arm embedded/7 2018-q2-update/bin/../lib/gcc/arm-none-eabi/7.3.1/../../../../arm-none-eabi/lib/thumb/v7e-m/fpv4-sp/hard\libc_nano.a(lib_a-fflush.o)
 .ARM.attributes
                0x00000772       0x34 c:/program files (x86)/gnu tools arm embedded/7 2018-q2-update/bin/../lib/gcc/arm-none-eabi/7.3.1/../../../../arm-none-eabi/lib/thumb/v7e-m/fpv4-sp/hard\libc_nano.a(lib_a-findfp.o)
 .ARM.attributes
                0x000007a6       0x34 c:/program files (x86)/gnu tools arm embedded/7 2018-q2-update/bin/../lib/gcc/arm-none-eabi/7.3.1/../../../../arm-none-eabi/lib/thumb/v7e-m/fpv4-sp/hard\libc_nano.a(lib_a-fwalk.o)
 .ARM.attributes
                0x000007da       0x34 c:/program files (x86)/gnu tools arm embedded/7 2018-q2-update/bin/../lib/gcc/arm-none-eabi/7.3.1/../../../../arm-none-eabi/lib/thumb/v7e-m/fpv4-sp/hard\libc_nano.a(lib_a-makebuf.o)
 .ARM.attributes
                0x0000080e       0x34 c:/program files (x86)/gnu tools arm embedded/7 2018-q2-update/bin/../lib/gcc/arm-none-eabi/7.3.1/../../../../arm-none-eabi/lib/thumb/v7e-m/fpv4-sp/hard\libc_nano.a(lib_a-malloc.o)
 .ARM.attributes
                0x00000842       0x34 c:/program files (x86)/gnu tools arm embedded/7 2018-q2-update/bin/../lib/gcc/arm-none-eabi/7.3.1/../../../../arm-none-eabi/lib/thumb/v7e-m/fpv4-sp/hard\libc_nano.a(lib_a-nano-freer.o)
 .ARM.attributes
                0x00000876       0x34 c:/program files (x86)/gnu tools arm embedded/7 2018-q2-update/bin/../lib/gcc/arm-none-eabi/7.3.1/../../../../arm-none-eabi/lib/thumb/v7e-m/fpv4-sp/hard\libc_nano.a(lib_a-nano-mallocr.o)
 .ARM.attributes
                0x000008aa       0x34 c:/program files (x86)/gnu tools arm embedded/7 2018-q2-update/bin/../lib/gcc/arm-none-eabi/7.3.1/../../../../arm-none-eabi/lib/thumb/v7e-m/fpv4-sp/hard\libc_nano.a(lib_a-nano-svfprintf.o)
 .ARM.attributes
                0x000008de       0x34 c:/program files (x86)/gnu tools arm embedded/7 2018-q2-update/bin/../lib/gcc/arm-none-eabi/7.3.1/../../../../arm-none-eabi/lib/thumb/v7e-m/fpv4-sp/hard\libc_nano.a(lib_a-nano-vfprintf.o)
 .ARM.attributes
                0x00000912       0x34 c:/program files (x86)/gnu tools arm embedded/7 2018-q2-update/bin/../lib/gcc/arm-none-eabi/7.3.1/../../../../arm-none-eabi/lib/thumb/v7e-m/fpv4-sp/hard\libc_nano.a(lib_a-nano-vfprintf_i.o)
 .ARM.attributes
                0x00000946       0x34 c:/program files (x86)/gnu tools arm embedded/7 2018-q2-update/bin/../lib/gcc/arm-none-eabi/7.3.1/../../../../arm-none-eabi/lib/thumb/v7e-m/fpv4-sp/hard\libc_nano.a(lib_a-sbrkr.o)
 .ARM.attributes
                0x0000097a       0x34 c:/program files (x86)/gnu tools arm embedded/7 2018-q2-update/bin/../lib/gcc/arm-none-eabi/7.3.1/../../../../arm-none-eabi/lib/thumb/v7e-m/fpv4-sp/hard\libc_nano.a(lib_a-stdio.o)
 .ARM.attributes
                0x000009ae       0x34 c:/program files (x86)/gnu tools arm embedded/7 2018-q2-update/bin/../lib/gcc/arm-none-eabi/7.3.1/../../../../arm-none-eabi/lib/thumb/v7e-m/fpv4-sp/hard\libc_nano.a(lib_a-writer.o)
 .ARM.attributes
                0x000009e2       0x34 c:/program files (x86)/gnu tools arm embedded/7 2018-q2-update/bin/../lib/gcc/arm-none-eabi/7.3.1/../../../../arm-none-eabi/lib/thumb/v7e-m/fpv4-sp/hard\libc_nano.a(lib_a-closer.o)
 .ARM.attributes
                0x00000a16       0x34 c:/program files (x86)/gnu tools arm embedded/7 2018-q2-update/bin/../lib/gcc/arm-none-eabi/7.3.1/../../../../arm-none-eabi/lib/thumb/v7e-m/fpv4-sp/hard\libc_nano.a(lib_a-fstatr.o)
 .ARM.attributes
                0x00000a4a       0x34 c:/program files (x86)/gnu tools arm embedded/7 2018-q2-update/bin/../lib/gcc/arm-none-eabi/7.3.1/../../../../arm-none-eabi/lib/thumb/v7e-m/fpv4-sp/hard\libc_nano.a(lib_a-isattyr.o)
 .ARM.attributes
                0x00000a7e       0x34 c:/program files (x86)/gnu tools arm embedded/7 2018-q2-update/bin/../lib/gcc/arm-none-eabi/7.3.1/../../../../arm-none-eabi/lib/thumb/v7e-m/fpv4-sp/hard\libc_nano.a(lib_a-lseekr.o)
 .ARM.attributes
                0x00000ab2       0x20 c:/program files (x86)/gnu tools arm embedded/7 2018-q2-update/bin/../lib/gcc/arm-none-eabi/7.3.1/../../../../arm-none-eabi/lib/thumb/v7e-m/fpv4-sp/hard\libc_nano.a(lib_a-memchr.o)
 .ARM.attributes
                0x00000ad2       0x34 c:/program files (x86)/gnu tools arm embedded/7 2018-q2-update/bin/../lib/gcc/arm-none-eabi/7.3.1/../../../../arm-none-eabi/lib/thumb/v7e-m/fpv4-sp/hard\libc_nano.a(lib_a-nano-reallocr.o)
 .ARM.attributes
                0x00000b06       0x34 c:/program files (x86)/gnu tools arm embedded/7 2018-q2-update/bin/../lib/gcc/arm-none-eabi/7.3.1/../../../../arm-none-eabi/lib/thumb/v7e-m/fpv4-sp/hard\libc_nano.a(lib_a-readr.o)
 .ARM.attributes
                0x00000b3a       0x34 c:/program files (x86)/gnu tools arm embedded/7 2018-q2-update/bin/../lib/gcc/arm-none-eabi/7.3.1/../../../../arm-none-eabi/lib/thumb/v7e-m/fpv4-sp/hard\libc_nano.a(lib_a-reent.o)
 .ARM.attributes
                0x00000b6e       0x34 c:/program files (x86)/gnu tools arm embedded/7 2018-q2-update/bin/../lib/gcc/arm-none-eabi/7.3.1/../../../../arm-none-eabi/lib/thumb/v7e-m/fpv4-sp/hard\libc_nano.a(lib_a-nano-msizer.o)

.debug
 *(.debug)

.line
 *(.line)

.debug_srcinfo
 *(.debug_srcinfo)

.debug_sfnames
 *(.debug_sfnames)

.debug_aranges  0x00000000      0xe00
 *(.debug_aranges)
 .debug_aranges
                0x00000000       0xb8 obj/onenet.c.o
 .debug_aranges
                0x000000b8      0x360 obj/gsdk_ril_cmds.c.o
 .debug_aranges
                0x00000418       0x38 obj/heap_1.c.o
 .debug_aranges
                0x00000450       0x68 E:/01工作目录/WelinkOpen_RTOS_SDK/OC_ME3616G1AV0.0B07/SDK/sdk/lib\libgsdk.a(at_tok.c.o)
 .debug_aranges
                0x000004b8       0xa0 E:/01工作目录/WelinkOpen_RTOS_SDK/OC_ME3616G1AV0.0B07/SDK/sdk/lib\libgsdk.a(gsdk_ril.c.o)
 .debug_aranges
                0x00000558       0x30 E:/01工作目录/WelinkOpen_RTOS_SDK/OC_ME3616G1AV0.0B07/SDK/sdk/lib\libgsdk.a(head.s.o)
 .debug_aranges
                0x00000588      0x5f8 E:/01工作目录/WelinkOpen_RTOS_SDK/OC_ME3616G1AV0.0B07/SDK/sdk/lib\libgsdk.a(api_stub.s.o)
 .debug_aranges
                0x00000b80       0x28 E:/01工作目录/WelinkOpen_RTOS_SDK/OC_ME3616G1AV0.0B07/SDK/sdk/lib\libgsdk.a(startup.c.o)
 .debug_aranges
                0x00000ba8       0xe0 E:/01工作目录/WelinkOpen_RTOS_SDK/OC_ME3616G1AV0.0B07/SDK/sdk/lib\libgsdk.a(syscalls.c.o)
 .debug_aranges
                0x00000c88      0x140 E:/01工作目录/WelinkOpen_RTOS_SDK/OC_ME3616G1AV0.0B07/SDK/sdk/lib\libgsdk.a(at_channel.c.o)
 .debug_aranges
                0x00000dc8       0x38 E:/01工作目录/WelinkOpen_RTOS_SDK/OC_ME3616G1AV0.0B07/SDK/sdk/lib\libgsdk.a(freertos_stub.c.o)

.debug_pubnames
 *(.debug_pubnames)

.debug_info     0x00000000    0x11f26
 *(.debug_info .gnu.linkonce.wi.*)
 .debug_info    0x00000000     0x1c96 obj/onenet.c.o
 .debug_info    0x00001c96     0x7ef4 obj/gsdk_ril_cmds.c.o
 .debug_info    0x00009b8a      0x9da obj/heap_1.c.o
 .debug_info    0x0000a564      0xc85 E:/01工作目录/WelinkOpen_RTOS_SDK/OC_ME3616G1AV0.0B07/SDK/sdk/lib\libgsdk.a(at_tok.c.o)
 .debug_info    0x0000b1e9     0x1d56 E:/01工作目录/WelinkOpen_RTOS_SDK/OC_ME3616G1AV0.0B07/SDK/sdk/lib\libgsdk.a(gsdk_ril.c.o)
 .debug_info    0x0000cf3f       0x22 E:/01工作目录/WelinkOpen_RTOS_SDK/OC_ME3616G1AV0.0B07/SDK/sdk/lib\libgsdk.a(head.s.o)
 .debug_info    0x0000cf61       0x22 E:/01工作目录/WelinkOpen_RTOS_SDK/OC_ME3616G1AV0.0B07/SDK/sdk/lib\libgsdk.a(api_stub.s.o)
 .debug_info    0x0000cf83      0x49b E:/01工作目录/WelinkOpen_RTOS_SDK/OC_ME3616G1AV0.0B07/SDK/sdk/lib\libgsdk.a(startup.c.o)
 .debug_info    0x0000d41e     0x1245 E:/01工作目录/WelinkOpen_RTOS_SDK/OC_ME3616G1AV0.0B07/SDK/sdk/lib\libgsdk.a(syscalls.c.o)
 .debug_info    0x0000e663     0x2c1f E:/01工作目录/WelinkOpen_RTOS_SDK/OC_ME3616G1AV0.0B07/SDK/sdk/lib\libgsdk.a(at_channel.c.o)
 .debug_info    0x00011282      0xca4 E:/01工作目录/WelinkOpen_RTOS_SDK/OC_ME3616G1AV0.0B07/SDK/sdk/lib\libgsdk.a(freertos_stub.c.o)

.debug_abbrev   0x00000000     0x1b3b
 *(.debug_abbrev)
 .debug_abbrev  0x00000000      0x3d1 obj/onenet.c.o
 .debug_abbrev  0x000003d1      0x3b7 obj/gsdk_ril_cmds.c.o
 .debug_abbrev  0x00000788      0x25b obj/heap_1.c.o
 .debug_abbrev  0x000009e3      0x288 E:/01工作目录/WelinkOpen_RTOS_SDK/OC_ME3616G1AV0.0B07/SDK/sdk/lib\libgsdk.a(at_tok.c.o)
 .debug_abbrev  0x00000c6b      0x346 E:/01工作目录/WelinkOpen_RTOS_SDK/OC_ME3616G1AV0.0B07/SDK/sdk/lib\libgsdk.a(gsdk_ril.c.o)
 .debug_abbrev  0x00000fb1       0x12 E:/01工作目录/WelinkOpen_RTOS_SDK/OC_ME3616G1AV0.0B07/SDK/sdk/lib\libgsdk.a(head.s.o)
 .debug_abbrev  0x00000fc3       0x12 E:/01工作目录/WelinkOpen_RTOS_SDK/OC_ME3616G1AV0.0B07/SDK/sdk/lib\libgsdk.a(api_stub.s.o)
 .debug_abbrev  0x00000fd5      0x1cc E:/01工作目录/WelinkOpen_RTOS_SDK/OC_ME3616G1AV0.0B07/SDK/sdk/lib\libgsdk.a(startup.c.o)
 .debug_abbrev  0x000011a1      0x2e1 E:/01工作目录/WelinkOpen_RTOS_SDK/OC_ME3616G1AV0.0B07/SDK/sdk/lib\libgsdk.a(syscalls.c.o)
 .debug_abbrev  0x00001482      0x416 E:/01工作目录/WelinkOpen_RTOS_SDK/OC_ME3616G1AV0.0B07/SDK/sdk/lib\libgsdk.a(at_channel.c.o)
 .debug_abbrev  0x00001898      0x2a3 E:/01工作目录/WelinkOpen_RTOS_SDK/OC_ME3616G1AV0.0B07/SDK/sdk/lib\libgsdk.a(freertos_stub.c.o)

.debug_line     0x00000000     0x5a4a
 *(.debug_line)
 .debug_line    0x00000000      0x8cb obj/onenet.c.o
 .debug_line    0x000008cb     0x14ce obj/gsdk_ril_cmds.c.o
 .debug_line    0x00001d99      0x556 obj/heap_1.c.o
 .debug_line    0x000022ef      0x414 E:/01工作目录/WelinkOpen_RTOS_SDK/OC_ME3616G1AV0.0B07/SDK/sdk/lib\libgsdk.a(at_tok.c.o)
 .debug_line    0x00002703      0x8cf E:/01工作目录/WelinkOpen_RTOS_SDK/OC_ME3616G1AV0.0B07/SDK/sdk/lib\libgsdk.a(gsdk_ril.c.o)
 .debug_line    0x00002fd2       0x86 E:/01工作目录/WelinkOpen_RTOS_SDK/OC_ME3616G1AV0.0B07/SDK/sdk/lib\libgsdk.a(head.s.o)
 .debug_line    0x00003058      0xcdd E:/01工作目录/WelinkOpen_RTOS_SDK/OC_ME3616G1AV0.0B07/SDK/sdk/lib\libgsdk.a(api_stub.s.o)
 .debug_line    0x00003d35      0x3de E:/01工作目录/WelinkOpen_RTOS_SDK/OC_ME3616G1AV0.0B07/SDK/sdk/lib\libgsdk.a(startup.c.o)
 .debug_line    0x00004113      0x7ba E:/01工作目录/WelinkOpen_RTOS_SDK/OC_ME3616G1AV0.0B07/SDK/sdk/lib\libgsdk.a(syscalls.c.o)
 .debug_line    0x000048cd      0xc0f E:/01工作目录/WelinkOpen_RTOS_SDK/OC_ME3616G1AV0.0B07/SDK/sdk/lib\libgsdk.a(at_channel.c.o)
 .debug_line    0x000054dc      0x56e E:/01工作目录/WelinkOpen_RTOS_SDK/OC_ME3616G1AV0.0B07/SDK/sdk/lib\libgsdk.a(freertos_stub.c.o)

.debug_frame    0x00000000     0x2cc8
 *(.debug_frame)
 .debug_frame   0x00000000      0x29c obj/onenet.c.o
 .debug_frame   0x0000029c     0x1004 obj/gsdk_ril_cmds.c.o
 .debug_frame   0x000012a0       0x60 obj/heap_1.c.o
 .debug_frame   0x00001300      0x140 E:/01工作目录/WelinkOpen_RTOS_SDK/OC_ME3616G1AV0.0B07/SDK/sdk/lib\libgsdk.a(at_tok.c.o)
 .debug_frame   0x00001440      0x33c E:/01工作目录/WelinkOpen_RTOS_SDK/OC_ME3616G1AV0.0B07/SDK/sdk/lib\libgsdk.a(gsdk_ril.c.o)
 .debug_frame   0x0000177c       0x3c E:/01工作目录/WelinkOpen_RTOS_SDK/OC_ME3616G1AV0.0B07/SDK/sdk/lib\libgsdk.a(startup.c.o)
 .debug_frame   0x000017b8      0x2cc E:/01工作目录/WelinkOpen_RTOS_SDK/OC_ME3616G1AV0.0B07/SDK/sdk/lib\libgsdk.a(syscalls.c.o)
 .debug_frame   0x00001a84      0x52c E:/01工作目录/WelinkOpen_RTOS_SDK/OC_ME3616G1AV0.0B07/SDK/sdk/lib\libgsdk.a(at_channel.c.o)
 .debug_frame   0x00001fb0       0x9c E:/01工作目录/WelinkOpen_RTOS_SDK/OC_ME3616G1AV0.0B07/SDK/sdk/lib\libgsdk.a(freertos_stub.c.o)
 .debug_frame   0x0000204c       0x30 c:/program files (x86)/gnu tools arm embedded/7 2018-q2-update/bin/../lib/gcc/arm-none-eabi/7.3.1/../../../../arm-none-eabi/lib/thumb/v7e-m/fpv4-sp/hard\libc_nano.a(lib_a-atoi.o)
 .debug_frame   0x0000207c       0x20 c:/program files (x86)/gnu tools arm embedded/7 2018-q2-update/bin/../lib/gcc/arm-none-eabi/7.3.1/../../../../arm-none-eabi/lib/thumb/v7e-m/fpv4-sp/hard\libc_nano.a(lib_a-errno.o)
 .debug_frame   0x0000209c       0x68 c:/program files (x86)/gnu tools arm embedded/7 2018-q2-update/bin/../lib/gcc/arm-none-eabi/7.3.1/../../../../arm-none-eabi/lib/thumb/v7e-m/fpv4-sp/hard\libc_nano.a(lib_a-locale.o)
 .debug_frame   0x00002104       0x48 c:/program files (x86)/gnu tools arm embedded/7 2018-q2-update/bin/../lib/gcc/arm-none-eabi/7.3.1/../../../../arm-none-eabi/lib/thumb/v7e-m/fpv4-sp/hard\libc_nano.a(lib_a-mbtowc_r.o)
 .debug_frame   0x0000214c       0x28 c:/program files (x86)/gnu tools arm embedded/7 2018-q2-update/bin/../lib/gcc/arm-none-eabi/7.3.1/../../../../arm-none-eabi/lib/thumb/v7e-m/fpv4-sp/hard\libc_nano.a(lib_a-memcpy-stub.o)
 .debug_frame   0x00002174       0x28 c:/program files (x86)/gnu tools arm embedded/7 2018-q2-update/bin/../lib/gcc/arm-none-eabi/7.3.1/../../../../arm-none-eabi/lib/thumb/v7e-m/fpv4-sp/hard\libc_nano.a(lib_a-memmove.o)
 .debug_frame   0x0000219c       0x20 c:/program files (x86)/gnu tools arm embedded/7 2018-q2-update/bin/../lib/gcc/arm-none-eabi/7.3.1/../../../../arm-none-eabi/lib/thumb/v7e-m/fpv4-sp/hard\libc_nano.a(lib_a-memset.o)
 .debug_frame   0x000021bc       0x74 c:/program files (x86)/gnu tools arm embedded/7 2018-q2-update/bin/../lib/gcc/arm-none-eabi/7.3.1/../../../../arm-none-eabi/lib/thumb/v7e-m/fpv4-sp/hard\libc_nano.a(lib_a-printf.o)
 .debug_frame   0x00002230       0x7c c:/program files (x86)/gnu tools arm embedded/7 2018-q2-update/bin/../lib/gcc/arm-none-eabi/7.3.1/../../../../arm-none-eabi/lib/thumb/v7e-m/fpv4-sp/hard\libc_nano.a(lib_a-snprintf.o)
 .debug_frame   0x000022ac       0x6c c:/program files (x86)/gnu tools arm embedded/7 2018-q2-update/bin/../lib/gcc/arm-none-eabi/7.3.1/../../../../arm-none-eabi/lib/thumb/v7e-m/fpv4-sp/hard\libc_nano.a(lib_a-sprintf.o)
 .debug_frame   0x00002318       0x20 c:/program files (x86)/gnu tools arm embedded/7 2018-q2-update/bin/../lib/gcc/arm-none-eabi/7.3.1/../../../../arm-none-eabi/lib/thumb/v7e-m/fpv4-sp/hard\libc_nano.a(lib_a-strchr.o)
 .debug_frame   0x00002338       0x20 c:/program files (x86)/gnu tools arm embedded/7 2018-q2-update/bin/../lib/gcc/arm-none-eabi/7.3.1/../../../../arm-none-eabi/lib/thumb/v7e-m/fpv4-sp/hard\libc_nano.a(lib_a-strcpy.o)
 .debug_frame   0x00002358       0x28 c:/program files (x86)/gnu tools arm embedded/7 2018-q2-update/bin/../lib/gcc/arm-none-eabi/7.3.1/../../../../arm-none-eabi/lib/thumb/v7e-m/fpv4-sp/hard\libc_nano.a(lib_a-strncmp.o)
 .debug_frame   0x00002380       0x2c c:/program files (x86)/gnu tools arm embedded/7 2018-q2-update/bin/../lib/gcc/arm-none-eabi/7.3.1/../../../../arm-none-eabi/lib/thumb/v7e-m/fpv4-sp/hard\libc_nano.a(lib_a-strncpy.o)
 .debug_frame   0x000023ac       0x20 c:/program files (x86)/gnu tools arm embedded/7 2018-q2-update/bin/../lib/gcc/arm-none-eabi/7.3.1/../../../../arm-none-eabi/lib/thumb/v7e-m/fpv4-sp/hard\libc_nano.a(lib_a-strsep.o)
 .debug_frame   0x000023cc       0x38 c:/program files (x86)/gnu tools arm embedded/7 2018-q2-update/bin/../lib/gcc/arm-none-eabi/7.3.1/../../../../arm-none-eabi/lib/thumb/v7e-m/fpv4-sp/hard\libc_nano.a(lib_a-strtok.o)
 .debug_frame   0x00002404       0x40 c:/program files (x86)/gnu tools arm embedded/7 2018-q2-update/bin/../lib/gcc/arm-none-eabi/7.3.1/../../../../arm-none-eabi/lib/thumb/v7e-m/fpv4-sp/hard\libc_nano.a(lib_a-strtok_r.o)
 .debug_frame   0x00002444       0x84 c:/program files (x86)/gnu tools arm embedded/7 2018-q2-update/bin/../lib/gcc/arm-none-eabi/7.3.1/../../../../arm-none-eabi/lib/thumb/v7e-m/fpv4-sp/hard\libc_nano.a(lib_a-strtol.o)
 .debug_frame   0x000024c8       0x84 c:/program files (x86)/gnu tools arm embedded/7 2018-q2-update/bin/../lib/gcc/arm-none-eabi/7.3.1/../../../../arm-none-eabi/lib/thumb/v7e-m/fpv4-sp/hard\libc_nano.a(lib_a-strtoul.o)
 .debug_frame   0x0000254c       0x40 c:/program files (x86)/gnu tools arm embedded/7 2018-q2-update/bin/../lib/gcc/arm-none-eabi/7.3.1/../../../../arm-none-eabi/lib/thumb/v7e-m/fpv4-sp/hard\libc_nano.a(lib_a-wbuf.o)
 .debug_frame   0x0000258c       0x3c c:/program files (x86)/gnu tools arm embedded/7 2018-q2-update/bin/../lib/gcc/arm-none-eabi/7.3.1/../../../../arm-none-eabi/lib/thumb/v7e-m/fpv4-sp/hard\libc_nano.a(lib_a-wctomb_r.o)
 .debug_frame   0x000025c8       0x2c c:/program files (x86)/gnu tools arm embedded/7 2018-q2-update/bin/../lib/gcc/arm-none-eabi/7.3.1/../../../../arm-none-eabi/lib/thumb/v7e-m/fpv4-sp/hard\libc_nano.a(lib_a-wsetup.o)
 .debug_frame   0x000025f4       0x68 c:/program files (x86)/gnu tools arm embedded/7 2018-q2-update/bin/../lib/gcc/arm-none-eabi/7.3.1/../../../../arm-none-eabi/lib/thumb/v7e-m/fpv4-sp/hard\libc_nano.a(lib_a-fflush.o)
 .debug_frame   0x0000265c      0x11c c:/program files (x86)/gnu tools arm embedded/7 2018-q2-update/bin/../lib/gcc/arm-none-eabi/7.3.1/../../../../arm-none-eabi/lib/thumb/v7e-m/fpv4-sp/hard\libc_nano.a(lib_a-findfp.o)
 .debug_frame   0x00002778       0x54 c:/program files (x86)/gnu tools arm embedded/7 2018-q2-update/bin/../lib/gcc/arm-none-eabi/7.3.1/../../../../arm-none-eabi/lib/thumb/v7e-m/fpv4-sp/hard\libc_nano.a(lib_a-fwalk.o)
 .debug_frame   0x000027cc       0x58 c:/program files (x86)/gnu tools arm embedded/7 2018-q2-update/bin/../lib/gcc/arm-none-eabi/7.3.1/../../../../arm-none-eabi/lib/thumb/v7e-m/fpv4-sp/hard\libc_nano.a(lib_a-makebuf.o)
 .debug_frame   0x00002824       0x30 c:/program files (x86)/gnu tools arm embedded/7 2018-q2-update/bin/../lib/gcc/arm-none-eabi/7.3.1/../../../../arm-none-eabi/lib/thumb/v7e-m/fpv4-sp/hard\libc_nano.a(lib_a-malloc.o)
 .debug_frame   0x00002854       0x38 c:/program files (x86)/gnu tools arm embedded/7 2018-q2-update/bin/../lib/gcc/arm-none-eabi/7.3.1/../../../../arm-none-eabi/lib/thumb/v7e-m/fpv4-sp/hard\libc_nano.a(lib_a-nano-freer.o)
 .debug_frame   0x0000288c       0x2c c:/program files (x86)/gnu tools arm embedded/7 2018-q2-update/bin/../lib/gcc/arm-none-eabi/7.3.1/../../../../arm-none-eabi/lib/thumb/v7e-m/fpv4-sp/hard\libc_nano.a(lib_a-nano-mallocr.o)
 .debug_frame   0x000028b8       0x90 c:/program files (x86)/gnu tools arm embedded/7 2018-q2-update/bin/../lib/gcc/arm-none-eabi/7.3.1/../../../../arm-none-eabi/lib/thumb/v7e-m/fpv4-sp/hard\libc_nano.a(lib_a-nano-svfprintf.o)
 .debug_frame   0x00002948       0xac c:/program files (x86)/gnu tools arm embedded/7 2018-q2-update/bin/../lib/gcc/arm-none-eabi/7.3.1/../../../../arm-none-eabi/lib/thumb/v7e-m/fpv4-sp/hard\libc_nano.a(lib_a-nano-vfprintf.o)
 .debug_frame   0x000029f4       0x60 c:/program files (x86)/gnu tools arm embedded/7 2018-q2-update/bin/../lib/gcc/arm-none-eabi/7.3.1/../../../../arm-none-eabi/lib/thumb/v7e-m/fpv4-sp/hard\libc_nano.a(lib_a-nano-vfprintf_i.o)
 .debug_frame   0x00002a54       0x2c c:/program files (x86)/gnu tools arm embedded/7 2018-q2-update/bin/../lib/gcc/arm-none-eabi/7.3.1/../../../../arm-none-eabi/lib/thumb/v7e-m/fpv4-sp/hard\libc_nano.a(lib_a-sbrkr.o)
 .debug_frame   0x00002a80       0x88 c:/program files (x86)/gnu tools arm embedded/7 2018-q2-update/bin/../lib/gcc/arm-none-eabi/7.3.1/../../../../arm-none-eabi/lib/thumb/v7e-m/fpv4-sp/hard\libc_nano.a(lib_a-stdio.o)
 .debug_frame   0x00002b08       0x2c c:/program files (x86)/gnu tools arm embedded/7 2018-q2-update/bin/../lib/gcc/arm-none-eabi/7.3.1/../../../../arm-none-eabi/lib/thumb/v7e-m/fpv4-sp/hard\libc_nano.a(lib_a-writer.o)
 .debug_frame   0x00002b34       0x2c c:/program files (x86)/gnu tools arm embedded/7 2018-q2-update/bin/../lib/gcc/arm-none-eabi/7.3.1/../../../../arm-none-eabi/lib/thumb/v7e-m/fpv4-sp/hard\libc_nano.a(lib_a-closer.o)
 .debug_frame   0x00002b60       0x2c c:/program files (x86)/gnu tools arm embedded/7 2018-q2-update/bin/../lib/gcc/arm-none-eabi/7.3.1/../../../../arm-none-eabi/lib/thumb/v7e-m/fpv4-sp/hard\libc_nano.a(lib_a-fstatr.o)
 .debug_frame   0x00002b8c       0x2c c:/program files (x86)/gnu tools arm embedded/7 2018-q2-update/bin/../lib/gcc/arm-none-eabi/7.3.1/../../../../arm-none-eabi/lib/thumb/v7e-m/fpv4-sp/hard\libc_nano.a(lib_a-isattyr.o)
 .debug_frame   0x00002bb8       0x2c c:/program files (x86)/gnu tools arm embedded/7 2018-q2-update/bin/../lib/gcc/arm-none-eabi/7.3.1/../../../../arm-none-eabi/lib/thumb/v7e-m/fpv4-sp/hard\libc_nano.a(lib_a-lseekr.o)
 .debug_frame   0x00002be4       0x3c c:/program files (x86)/gnu tools arm embedded/7 2018-q2-update/bin/../lib/gcc/arm-none-eabi/7.3.1/../../../../arm-none-eabi/lib/thumb/v7e-m/fpv4-sp/hard\libc_nano.a(lib_a-nano-reallocr.o)
 .debug_frame   0x00002c20       0x2c c:/program files (x86)/gnu tools arm embedded/7 2018-q2-update/bin/../lib/gcc/arm-none-eabi/7.3.1/../../../../arm-none-eabi/lib/thumb/v7e-m/fpv4-sp/hard\libc_nano.a(lib_a-readr.o)
 .debug_frame   0x00002c4c       0x5c c:/program files (x86)/gnu tools arm embedded/7 2018-q2-update/bin/../lib/gcc/arm-none-eabi/7.3.1/../../../../arm-none-eabi/lib/thumb/v7e-m/fpv4-sp/hard\libc_nano.a(lib_a-reent.o)
 .debug_frame   0x00002ca8       0x20 c:/program files (x86)/gnu tools arm embedded/7 2018-q2-update/bin/../lib/gcc/arm-none-eabi/7.3.1/../../../../arm-none-eabi/lib/thumb/v7e-m/fpv4-sp/hard\libc_nano.a(lib_a-nano-msizer.o)

.debug_str      0x00000000    0x10f63
 *(.debug_str)
 .debug_str     0x00000000     0xb4c8 obj/onenet.c.o
                               0xb802 (size before relaxing)
 .debug_str     0x0000b4c8     0x1751 obj/gsdk_ril_cmds.c.o
                               0xc930 (size before relaxing)
 .debug_str     0x0000cc19      0x193 obj/heap_1.c.o
                               0xa943 (size before relaxing)
 .debug_str     0x0000cdac      0x8f5 E:/01工作目录/WelinkOpen_RTOS_SDK/OC_ME3616G1AV0.0B07/SDK/sdk/lib\libgsdk.a(at_tok.c.o)
                               0x6996 (size before relaxing)
 .debug_str     0x0000d6a1     0x1681 E:/01工作目录/WelinkOpen_RTOS_SDK/OC_ME3616G1AV0.0B07/SDK/sdk/lib\libgsdk.a(gsdk_ril.c.o)
                               0xc9d6 (size before relaxing)
 .debug_str     0x0000ed22       0x3d E:/01工作目录/WelinkOpen_RTOS_SDK/OC_ME3616G1AV0.0B07/SDK/sdk/lib\libgsdk.a(head.s.o)
                                 0x61 (size before relaxing)
 .debug_str     0x0000ed5f       0x49 E:/01工作目录/WelinkOpen_RTOS_SDK/OC_ME3616G1AV0.0B07/SDK/sdk/lib\libgsdk.a(api_stub.s.o)
                                 0x7b (size before relaxing)
 .debug_str     0x0000eda8      0x2ea E:/01工作目录/WelinkOpen_RTOS_SDK/OC_ME3616G1AV0.0B07/SDK/sdk/lib\libgsdk.a(startup.c.o)
                               0x6895 (size before relaxing)
 .debug_str     0x0000f092     0x158e E:/01工作目录/WelinkOpen_RTOS_SDK/OC_ME3616G1AV0.0B07/SDK/sdk/lib\libgsdk.a(syscalls.c.o)
                               0xbe46 (size before relaxing)
 .debug_str     0x00010620      0x784 E:/01工作目录/WelinkOpen_RTOS_SDK/OC_ME3616G1AV0.0B07/SDK/sdk/lib\libgsdk.a(at_channel.c.o)
                               0xd2b5 (size before relaxing)
 .debug_str     0x00010da4      0x1bf E:/01工作目录/WelinkOpen_RTOS_SDK/OC_ME3616G1AV0.0B07/SDK/sdk/lib\libgsdk.a(freertos_stub.c.o)
                               0xaa95 (size before relaxing)

.debug_loc      0x00000000     0x6a2a
 *(.debug_loc)
 .debug_loc     0x00000000      0x1d4 obj/onenet.c.o
 .debug_loc     0x000001d4     0x356f obj/gsdk_ril_cmds.c.o
 .debug_loc     0x00003743       0x54 obj/heap_1.c.o
 .debug_loc     0x00003797      0x3eb E:/01工作目录/WelinkOpen_RTOS_SDK/OC_ME3616G1AV0.0B07/SDK/sdk/lib\libgsdk.a(at_tok.c.o)
 .debug_loc     0x00003b82      0xcc4 E:/01工作目录/WelinkOpen_RTOS_SDK/OC_ME3616G1AV0.0B07/SDK/sdk/lib\libgsdk.a(gsdk_ril.c.o)
 .debug_loc     0x00004846      0x24b E:/01工作目录/WelinkOpen_RTOS_SDK/OC_ME3616G1AV0.0B07/SDK/sdk/lib\libgsdk.a(startup.c.o)
 .debug_loc     0x00004a91      0x59f E:/01工作目录/WelinkOpen_RTOS_SDK/OC_ME3616G1AV0.0B07/SDK/sdk/lib\libgsdk.a(syscalls.c.o)
 .debug_loc     0x00005030     0x1740 E:/01工作目录/WelinkOpen_RTOS_SDK/OC_ME3616G1AV0.0B07/SDK/sdk/lib\libgsdk.a(at_channel.c.o)
 .debug_loc     0x00006770      0x2ba E:/01工作目录/WelinkOpen_RTOS_SDK/OC_ME3616G1AV0.0B07/SDK/sdk/lib\libgsdk.a(freertos_stub.c.o)

.debug_macinfo
 *(.debug_macinfo)

.debug_weaknames
 *(.debug_weaknames)

.debug_funcnames
 *(.debug_funcnames)

.debug_typenames
 *(.debug_typenames)

.debug_varnames
 *(.debug_varnames)
OUTPUT(bin/onenet.elf elf32-littlearm)

.debug_ranges   0x00000000      0xe08
 .debug_ranges  0x00000000       0xa8 obj/onenet.c.o
 .debug_ranges  0x000000a8      0x350 obj/gsdk_ril_cmds.c.o
 .debug_ranges  0x000003f8       0x28 obj/heap_1.c.o
 .debug_ranges  0x00000420       0x70 E:/01工作目录/WelinkOpen_RTOS_SDK/OC_ME3616G1AV0.0B07/SDK/sdk/lib\libgsdk.a(at_tok.c.o)
 .debug_ranges  0x00000490       0xa8 E:/01工作目录/WelinkOpen_RTOS_SDK/OC_ME3616G1AV0.0B07/SDK/sdk/lib\libgsdk.a(gsdk_ril.c.o)
 .debug_ranges  0x00000538       0x28 E:/01工作目录/WelinkOpen_RTOS_SDK/OC_ME3616G1AV0.0B07/SDK/sdk/lib\libgsdk.a(head.s.o)
 .debug_ranges  0x00000560      0x5f0 E:/01工作目录/WelinkOpen_RTOS_SDK/OC_ME3616G1AV0.0B07/SDK/sdk/lib\libgsdk.a(api_stub.s.o)
 .debug_ranges  0x00000b50       0x78 E:/01工作目录/WelinkOpen_RTOS_SDK/OC_ME3616G1AV0.0B07/SDK/sdk/lib\libgsdk.a(startup.c.o)
 .debug_ranges  0x00000bc8       0xd0 E:/01工作目录/WelinkOpen_RTOS_SDK/OC_ME3616G1AV0.0B07/SDK/sdk/lib\libgsdk.a(syscalls.c.o)
 .debug_ranges  0x00000c98      0x148 E:/01工作目录/WelinkOpen_RTOS_SDK/OC_ME3616G1AV0.0B07/SDK/sdk/lib\libgsdk.a(at_channel.c.o)
 .debug_ranges  0x00000de0       0x28 E:/01工作目录/WelinkOpen_RTOS_SDK/OC_ME3616G1AV0.0B07/SDK/sdk/lib\libgsdk.a(freertos_stub.c.o)

.debug_macro    0x00000000     0x4c35
 .debug_macro   0x00000000      0x366 obj/onenet.c.o
 .debug_macro   0x00000366      0xa4e obj/onenet.c.o
 .debug_macro   0x00000db4       0x22 obj/onenet.c.o
 .debug_macro   0x00000dd6       0x58 obj/onenet.c.o
 .debug_macro   0x00000e2e       0x18 obj/onenet.c.o
 .debug_macro   0x00000e46       0x94 obj/onenet.c.o
 .debug_macro   0x00000eda       0x35 obj/onenet.c.o
 .debug_macro   0x00000f0f       0x34 obj/onenet.c.o
 .debug_macro   0x00000f43       0x16 obj/onenet.c.o
 .debug_macro   0x00000f59       0x57 obj/onenet.c.o
 .debug_macro   0x00000fb0       0x97 obj/onenet.c.o
 .debug_macro   0x00001047      0x330 obj/onenet.c.o
 .debug_macro   0x00001377       0xfd obj/onenet.c.o
 .debug_macro   0x00001474       0x10 obj/onenet.c.o
 .debug_macro   0x00001484       0x58 obj/onenet.c.o
 .debug_macro   0x000014dc       0x1f obj/onenet.c.o
 .debug_macro   0x000014fb       0x43 obj/onenet.c.o